This is pdfTeX, Version 3.141592653-2.6-1.40.29 (MiKTeX 26.5) (preloaded format=pdflatex 2026.8.21)  13 SEP 2026 00:00
entering extended mode
 file:line:error style messages enabled.
 %&-line parsing enabled.
**./derham.tex
(derham.tex
LaTeX2e <2025-11-01>
L3 programming layer <2026-03-20>
(preamble.tex (stacks-project.cls
Document Class: stacks-project 
\linespacing=\dimen150
\normalparindent=\dimen151
\normaltopskip=\skip49
(<USER_ROOT>\AppData\Local\Programs\MiKTeX\tex/latex/amsmath\amsmath.sty
Package: amsmath 2025/07/09 v2.17z AMS math features
\@mathmargin=\skip50

For additional information on amsmath, use the `?' option.
(<USER_ROOT>\AppData\Local\Programs\MiKTeX\tex/latex/amsmath\amstext.sty
Package: amstext 2024/11/17 v2.01 AMS text

(<USER_ROOT>\AppData\Local\Programs\MiKTeX\tex/latex/amsmath\amsgen.sty
File: amsgen.sty 1999/11/30 v2.0 generic functions
\@emptytoks=\toks17
\ex@=\dimen152
))
(<USER_ROOT>\AppData\Local\Programs\MiKTeX\tex/latex/amsmath\amsbsy.sty
Package: amsbsy 1999/11/29 v1.2d Bold Symbols
\pmbraise@=\dimen153
)
(<USER_ROOT>\AppData\Local\Programs\MiKTeX\tex/latex/amsmath\amsopn.sty
Package: amsopn 2022/04/08 v2.04 operator names
)
\inf@bad=\count275
LaTeX Info: Redefining \frac on input line 233.
\uproot@=\count276
\leftroot@=\count277
LaTeX Info: Redefining \overline on input line 398.
LaTeX Info: Redefining \colon on input line 409.
\classnum@=\count278
\DOTSCASE@=\count279
LaTeX Info: Redefining \ldots on input line 495.
LaTeX Info: Redefining \dots on input line 498.
LaTeX Info: Redefining \cdots on input line 619.
\Mathstrutbox@=\box53
\strutbox@=\box54
LaTeX Info: Redefining \big on input line 721.
LaTeX Info: Redefining \Big on input line 722.
LaTeX Info: Redefining \bigg on input line 723.
LaTeX Info: Redefining \Bigg on input line 724.
\big@size=\dimen154
LaTeX Font Info:    Redeclaring font encoding OML on input line 742.
LaTeX Font Info:    Redeclaring font encoding OMS on input line 743.
\macc@depth=\count280
LaTeX Info: Redefining \bmod on input line 904.
LaTeX Info: Redefining \pmod on input line 909.
LaTeX Info: Redefining \smash on input line 939.
LaTeX Info: Redefining \relbar on input line 969.
LaTeX Info: Redefining \Relbar on input line 970.
\c@MaxMatrixCols=\count281
\dotsspace@=\muskip17
\c@parentequation=\count282
\dspbrk@lvl=\count283
\tag@help=\toks18
\row@=\count284
\column@=\count285
\maxfields@=\count286
\andhelp@=\toks19
\eqnshift@=\dimen155
\alignsep@=\dimen156
\tagshift@=\dimen157
\tagwidth@=\dimen158
\totwidth@=\dimen159
\lineht@=\dimen160
\@envbody=\toks20
\multlinegap=\skip51
\multlinetaggap=\skip52
\mathdisplay@stack=\toks21
LaTeX Info: Redefining \[ on input line 2950.
LaTeX Info: Redefining \] on input line 2951.
)
LaTeX Font Info:    Trying to load font information for U+msa on input line 361
.

(<USER_ROOT>\AppData\Local\Programs\MiKTeX\tex/latex/amsfonts\umsa.fd
File: umsa.fd 2013/01/14 v3.01 AMS symbols A
)
(<USER_ROOT>\AppData\Local\Programs\MiKTeX\tex/latex/amsfonts\amsfonts.sty
Package: amsfonts 2013/01/14 v3.01 Basic AMSFonts support
\symAMSa=\mathgroup4
\symAMSb=\mathgroup5
LaTeX Font Info:    Redeclaring math symbol \hbar on input line 98.
LaTeX Font Info:    Overwriting math alphabet `\mathfrak' in version `bold'
(Font)                  U/euf/m/n --> U/euf/b/n on input line 106.
)
\copyins=\insert252
\abstractbox=\box55
\listisep=\skip53
\c@part=\count287
\c@section=\count288
\c@subsection=\count289
\c@subsubsection=\count290
\c@paragraph=\count291
\c@subparagraph=\count292
\c@figure=\count293
\c@table=\count294
\abovecaptionskip=\skip54
\belowcaptionskip=\skip55
\captionindent=\dimen161
\thm@style=\toks22
\thm@bodyfont=\toks23
\thm@headfont=\toks24
\thm@notefont=\toks25
\thm@headpunct=\toks26
\thm@preskip=\skip56
\thm@postskip=\skip57
\thm@headsep=\skip58
\dth@everypar=\toks27
) (<USER_ROOT>\AppData\Local\Programs\MiKTeX\tex/latex/tools\verbatim.sty
Package: verbatim 2024-01-22 v1.5x LaTeX2e package for verbatim enhancements
\every@verbatim=\toks28
\verbatim@line=\toks29
\verbatim@in@stream=\read2
)
(<USER_ROOT>\AppData\Local\Programs\MiKTeX\tex/generic/xypic\xy.sty
(<USER_ROOT>\AppData\Local\Programs\MiKTeX\tex/generic/xypic\xy.tex
Bootstrap'ing: catcodes, docmode,
(<USER_ROOT>\AppData\Local\Programs\MiKTeX\tex/generic/xypic\xyrecat.tex)
(<USER_ROOT>\AppData\Local\Programs\MiKTeX\tex/generic/xypic\xyidioms.tex)

 Xy-pic version 3.8.9 <2013/10/06>
 Copyright (c) 1991-2013 by Kristoffer H. Rose <krisrose@tug.org> and others
 Xy-pic is free software: see the User's Guide for details.

Loading kernel: messages; fonts; allocations: state,
\X@c=\dimen162
\Y@c=\dimen163
\U@c=\dimen164
\D@c=\dimen165
\L@c=\dimen166
\R@c=\dimen167
\Edge@c=\toks30
\X@p=\dimen168
\Y@p=\dimen169
\U@p=\dimen170
\D@p=\dimen171
\L@p=\dimen172
\R@p=\dimen173
\Edge@p=\toks31
\X@origin=\dimen174
\Y@origin=\dimen175
\X@xbase=\dimen176
\Y@xbase=\dimen177
\X@ybase=\dimen178
\Y@ybase=\dimen179
\X@min=\dimen180
\Y@min=\dimen181
\X@max=\dimen182
\Y@max=\dimen183
\lastobjectbox@=\box56
\zerodotbox@=\box57
\almostz@=\dimen184
 direction,
\d@X=\dimen185
\d@Y=\dimen186
\K@=\count295
\KK@=\count296
\Direction=\count297
\K@dXdY=\dimen187
\K@dYdX=\dimen188
\xyread@=\read3
\xywrite@=\write3
\csp@=\count298
\quotPTK@=\dimen189

utility macros; pictures: \xy, positions,
\swaptoks@@=\toks32
\connectobjectbox@@=\box58
 objects,
\styletoks@=\toks33
 decorations;
kernel objects: directionals, circles, text; options; algorithms: directions,
edges, connections;  Xy-pic loaded)
(<USER_ROOT>\AppData\Local\Programs\MiKTeX\tex/generic/iftex\ifpdf.sty
Package: ifpdf 2019/10/25 v3.4 ifpdf legacy package. Use iftex instead.

(<USER_ROOT>\AppData\Local\Programs\MiKTeX\tex/generic/iftex\iftex.sty
Package: iftex 2024/12/12 v1.0g TeX engine tests
))
Package: xy 2013/10/06 Xy-pic version 3.8.9

(<USER_ROOT>\AppData\Local\Programs\MiKTeX\tex/generic/xypic\xyall.tex
 Xy-pic option: All features v.3.8
(<USER_ROOT>\AppData\Local\Programs\MiKTeX\tex/generic/xypic\xycurve.tex
 Xy-pic option: Curve and Spline extension v.3.12 curve,
\crv@cnt@=\count299
\crvpts@=\toks34
\splinebox@=\box59
\splineval@=\dimen190
\splinedepth@=\dimen191
\splinetol@=\dimen192
\splinelength@=\dimen193
 circles,
\L@=\dimen194
 loaded)
(<USER_ROOT>\AppData\Local\Programs\MiKTeX\tex/generic/xypic\xyframe.tex
 Xy-pic option: Frame and Bracket extension v.3.14 loaded)
(<USER_ROOT>\AppData\Local\Programs\MiKTeX\tex/generic/xypic\xycmtip.tex
 Xy-pic option: Computer Modern tip extension v.3.7
(<USER_ROOT>\AppData\Local\Programs\MiKTeX\tex/generic/xypic\xytips.tex
 Xy-pic option: More Tips extension v.3.11 loaded) loaded)
(<USER_ROOT>\AppData\Local\Programs\MiKTeX\tex/generic/xypic\xyline.tex
 Xy-pic option: Line styles extension v.3.10
\xylinethick@=\dimen195
 loaded)
(<USER_ROOT>\AppData\Local\Programs\MiKTeX\tex/generic/xypic\xyrotate.tex
 Xy-pic option: Rotate and Scale extension v.3.8 loaded)
(<USER_ROOT>\AppData\Local\Programs\MiKTeX\tex/generic/xypic\xycolor.tex
 Xy-pic option: Colour extension v.3.11 loaded)
(<USER_ROOT>\AppData\Local\Programs\MiKTeX\tex/generic/xypic\xymatrix.tex
 Xy-pic option: Matrix feature v.3.14
\Row=\count300
\Col=\count301
\queue@=\toks35
\queue@@=\toks36
\qcount@=\count302
\qcount@@=\count303
\matrixsize@=\count304
 loaded)
(<USER_ROOT>\AppData\Local\Programs\MiKTeX\tex/generic/xypic\xyarrow.tex
 Xy-pic option: Arrow and Path feature v.3.9 path, \ar, loaded)
(<USER_ROOT>\AppData\Local\Programs\MiKTeX\tex/generic/xypic\xygraph.tex
 Xy-pic option: Graph feature v.3.11 loaded) loaded)
(<USER_ROOT>\AppData\Local\Programs\MiKTeX\tex/generic/xypic\xypdf.tex
 Xy-pic option: PDF driver v.1.7 Xy-pic pdf driver: `color' extension support
(<USER_ROOT>\AppData\Local\Programs\MiKTeX\tex/generic/xypic\xypdf-co.tex
loaded) Xy-pic pdf driver: `curve' extension support
(<USER_ROOT>\AppData\Local\Programs\MiKTeX\tex/generic/xypic\xypdf-cu.tex
loaded) Xy-pic pdf driver: `frame' extension support
(<USER_ROOT>\AppData\Local\Programs\MiKTeX\tex/generic/xypic\xypdf-fr.tex
loaded) Xy-pic pdf driver: `line' extension support
(<USER_ROOT>\AppData\Local\Programs\MiKTeX\tex/generic/xypic\xypdf-li.tex
loaded) Xy-pic pdf driver: `rotate' extension support
(<USER_ROOT>\AppData\Local\Programs\MiKTeX\tex/generic/xypic\xypdf-ro.tex
loaded) loaded))
(<USER_ROOT>\AppData\Local\Programs\MiKTeX\tex/generic/xypic\xy2cell.tex
 Xy-pic option: Two-cell feature v.3.7 two-cells, loaded)
(<USER_ROOT>\AppData\Local\Programs\MiKTeX\tex/latex/tools\multicol.sty
Package: multicol 2025/10/21 v2.0b multicolumn formatting (FMi)
\c@tracingmulticols=\count305
\mult@box=\box60
\multicol@leftmargin=\dimen196
\c@unbalance=\count306
\c@collectmore=\count307
\doublecol@number=\count308
\multicoltolerance=\count309
\multicolpretolerance=\count310
\full@width=\dimen197
\page@free=\dimen198
\premulticols=\dimen199
\postmulticols=\dimen256
\multicolsep=\skip59
\multicolbaselineskip=\skip60
\partial@page=\box61
\last@line=\box62
\mc@boxedresult=\box63
\maxbalancingoverflow=\dimen257
\mult@rightbox=\box64
\mult@grightbox=\box65
\mult@firstbox=\box66
\mult@gfirstbox=\box67
\@tempa=\box68
\@tempa=\box69
\@tempa=\box70
\@tempa=\box71
\@tempa=\box72
\@tempa=\box73
\@tempa=\box74
\@tempa=\box75
\@tempa=\box76
\@tempa=\box77
\@tempa=\box78
\@tempa=\box79
\@tempa=\box80
\@tempa=\box81
\@tempa=\box82
\@tempa=\box83
\@tempa=\box84
\@tempa=\box85
\@tempa=\box86
\@tempa=\box87
\@tempa=\box88
\@tempa=\box89
\@tempa=\box90
\@tempa=\box91
\@tempa=\box92
\@tempa=\box93
\@tempa=\box94
\@tempa=\box95
\@tempa=\box96
\@tempa=\box97
\@tempa=\box98
\@tempa=\box99
\@tempa=\box100
\@tempa=\box101
\@tempa=\box102
\@tempa=\box103
\c@minrows=\count311
\c@columnbadness=\count312
\c@finalcolumnbadness=\count313
\last@try=\dimen258
\multicolovershoot=\dimen259
\multicolundershoot=\dimen260
\mult@nat@firstbox=\box104
\colbreak@box=\box105
\mc@col@check@num=\count314
\g__mc_curr_col_int=\count315
)
(<USER_ROOT>\AppData\Local\Programs\MiKTeX\tex/latex/lm\lmodern.sty
Package: lmodern 2015/05/01 v1.6.1 Latin Modern Fonts
LaTeX Font Info:    Overwriting symbol font `operators' in version `normal'
(Font)                  OT1/cmr/m/n --> OT1/lmr/m/n on input line 22.
LaTeX Font Info:    Overwriting symbol font `letters' in version `normal'
(Font)                  OML/cmm/m/it --> OML/lmm/m/it on input line 23.
LaTeX Font Info:    Overwriting symbol font `symbols' in version `normal'
(Font)                  OMS/cmsy/m/n --> OMS/lmsy/m/n on input line 24.
LaTeX Font Info:    Overwriting symbol font `largesymbols' in version `normal'
(Font)                  OMX/cmex/m/n --> OMX/lmex/m/n on input line 25.
LaTeX Font Info:    Overwriting symbol font `operators' in version `bold'
(Font)                  OT1/cmr/bx/n --> OT1/lmr/bx/n on input line 26.
LaTeX Font Info:    Overwriting symbol font `letters' in version `bold'
(Font)                  OML/cmm/b/it --> OML/lmm/b/it on input line 27.
LaTeX Font Info:    Overwriting symbol font `symbols' in version `bold'
(Font)                  OMS/cmsy/b/n --> OMS/lmsy/b/n on input line 28.
LaTeX Font Info:    Overwriting symbol font `largesymbols' in version `bold'
(Font)                  OMX/cmex/m/n --> OMX/lmex/m/n on input line 29.
LaTeX Font Info:    Overwriting math alphabet `\mathbf' in version `normal'
(Font)                  OT1/cmr/bx/n --> OT1/lmr/bx/n on input line 31.
LaTeX Font Info:    Overwriting math alphabet `\mathsf' in version `normal'
(Font)                  OT1/cmss/m/n --> OT1/lmss/m/n on input line 32.
LaTeX Font Info:    Overwriting math alphabet `\mathit' in version `normal'
(Font)                  OT1/cmr/m/it --> OT1/lmr/m/it on input line 33.
LaTeX Font Info:    Overwriting math alphabet `\mathtt' in version `normal'
(Font)                  OT1/cmtt/m/n --> OT1/lmtt/m/n on input line 34.
LaTeX Font Info:    Overwriting math alphabet `\mathbf' in version `bold'
(Font)                  OT1/cmr/bx/n --> OT1/lmr/bx/n on input line 35.
LaTeX Font Info:    Overwriting math alphabet `\mathsf' in version `bold'
(Font)                  OT1/cmss/bx/n --> OT1/lmss/bx/n on input line 36.
LaTeX Font Info:    Overwriting math alphabet `\mathit' in version `bold'
(Font)                  OT1/cmr/bx/it --> OT1/lmr/bx/it on input line 37.
LaTeX Font Info:    Overwriting math alphabet `\mathtt' in version `bold'
(Font)                  OT1/cmtt/m/n --> OT1/lmtt/m/n on input line 38.
)
(<USER_ROOT>\AppData\Local\Programs\MiKTeX\tex/latex/base\fontenc.sty
Package: fontenc 2025/07/18 v2.1d Standard LaTeX package
LaTeX Font Info:    Trying to load font information for T1+lmr on input line 11
6.

(<USER_ROOT>\AppData\Local\Programs\MiKTeX\tex/latex/lm\t1lmr.fd
File: t1lmr.fd 2015/05/01 v1.6.1 Font defs for Latin Modern
))
(<USER_ROOT>\AppData\Local\Programs\MiKTeX\tex/latex/hyperref\xr-hyper.sty
Package: xr-hyper 2026-04-24 v7.01q eXternal References (DPC)
) (<USER_ROOT>\AppData\Local\Programs\MiKTeX\tex/latex/hyperref\hyperref.st
y
Package: hyperref 2026-04-24 v7.01q Hypertext links for LaTeX
(<USER_ROOT>\AppData\Local\Programs\MiKTeX\tex/latex/graphics\keyval.sty
Package: keyval 2022/05/29 v1.15 key=value parser (DPC)
\KV@toks@=\toks37
)
(<USER_ROOT>\AppData\Local\Programs\MiKTeX\tex/latex/kvsetkeys\kvsetkeys.st
y
Package: kvsetkeys 2022-10-05 v1.19 Key value parser (HO)
)
(<USER_ROOT>\AppData\Local\Programs\MiKTeX\tex/generic/kvdefinekeys\kvdefin
ekeys.sty
Package: kvdefinekeys 2019-12-19 v1.6 Define keys (HO)
)
(<USER_ROOT>\AppData\Local\Programs\MiKTeX\tex/generic/pdfescape\pdfescape.
sty
Package: pdfescape 2019/12/09 v1.15 Implements pdfTeX's escape features (HO)

(<USER_ROOT>\AppData\Local\Programs\MiKTeX\tex/generic/ltxcmds\ltxcmds.sty
Package: ltxcmds 2023-12-04 v1.26 LaTeX kernel commands for general use (HO)
)
(<USER_ROOT>\AppData\Local\Programs\MiKTeX\tex/generic/pdftexcmds\pdftexcmd
s.sty
Package: pdftexcmds 2020-06-27 v0.33 Utility functions of pdfTeX for LuaTeX (HO
)

(<USER_ROOT>\AppData\Local\Programs\MiKTeX\tex/generic/infwarerr\infwarerr.
sty
Package: infwarerr 2019/12/03 v1.5 Providing info/warning/error messages (HO)
)
Package pdftexcmds Info: \pdf@primitive is available.
Package pdftexcmds Info: \pdf@ifprimitive is available.
Package pdftexcmds Info: \pdfdraftmode found.
))
(<USER_ROOT>\AppData\Local\Programs\MiKTeX\tex/latex/hycolor\hycolor.sty
Package: hycolor 2020-01-27 v1.10 Color options for hyperref/bookmark (HO)
)
(<USER_ROOT>\AppData\Local\Programs\MiKTeX\tex/latex/hyperref\nameref.sty
Package: nameref 2026-01-29 v2.58 Cross-referencing by name of section

(<USER_ROOT>\AppData\Local\Programs\MiKTeX\tex/latex/refcount\refcount.sty
Package: refcount 2019/12/15 v3.6 Data extraction from label references (HO)
)
(<USER_ROOT>\AppData\Local\Programs\MiKTeX\tex/generic/gettitlestring\getti
tlestring.sty
Package: gettitlestring 2019/12/15 v1.6 Cleanup title references (HO)

(<USER_ROOT>\AppData\Local\Programs\MiKTeX\tex/latex/kvoptions\kvoptions.st
y
Package: kvoptions 2022-06-15 v3.15 Key value format for package options (HO)
))
\c@section@level=\count316
)
(<USER_ROOT>\AppData\Local\Programs\MiKTeX\tex/latex/etoolbox\etoolbox.sty
Package: etoolbox 2025/10/02 v2.5m e-TeX tools for LaTeX (JAW)
\etb@tempcnta=\count317
)
(<USER_ROOT>\AppData\Local\Programs\MiKTeX\tex/generic/stringenc\stringenc.
sty
Package: stringenc 2019/11/29 v1.12 Convert strings between diff. encodings (HO
)
)
\@linkdim=\dimen261
\Hy@linkcounter=\count318
\Hy@pagecounter=\count319

(<USER_ROOT>\AppData\Local\Programs\MiKTeX\tex/latex/hyperref\pd1enc.def
File: pd1enc.def 2026-04-24 v7.01q Hyperref: PDFDocEncoding definition (HO)
Now handling font encoding PD1 ...
... no UTF-8 mapping file for font encoding PD1
)
(<USER_ROOT>\AppData\Local\Programs\MiKTeX\tex/generic/intcalc\intcalc.sty
Package: intcalc 2019/12/15 v1.3 Expandable calculations with integers (HO)
)
\Hy@SavedSpaceFactor=\count320
(<USER_ROOT>\AppData\Local\Programs\MiKTeX\tex/latex/hyperref\puenc.def
File: puenc.def 2026-04-24 v7.01q Hyperref: PDF Unicode definition (HO)
Now handling font encoding PU ...
... no UTF-8 mapping file for font encoding PU
)
(hyperref.cfg
File: hyperref.cfg 
)
Package hyperref Info: Hyper figures OFF on input line 4199.
Package hyperref Info: Link nesting OFF on input line 4204.
Package hyperref Info: Hyper index ON on input line 4207.
Package hyperref Info: Plain pages OFF on input line 4214.
Package hyperref Info: Backreferencing OFF on input line 4219.
Package hyperref Info: Implicit mode ON; LaTeX internals redefined.
Package hyperref Info: Bookmarks ON on input line 4466.
\c@Hy@tempcnt=\count321

(<USER_ROOT>\AppData\Local\Programs\MiKTeX\tex/latex/url\url.sty
\Urlmuskip=\muskip18
Package: url 2013/09/16  ver 3.4  Verb mode for urls, etc.
)
LaTeX Info: Redefining \url on input line 4805.
\XeTeXLinkMargin=\dimen262

(<USER_ROOT>\AppData\Local\Programs\MiKTeX\tex/generic/bitset\bitset.sty
Package: bitset 2019/12/09 v1.3 Handle bit-vector datatype (HO)

(<USER_ROOT>\AppData\Local\Programs\MiKTeX\tex/generic/bigintcalc\bigintcal
c.sty
Package: bigintcalc 2019/12/15 v1.5 Expandable calculations on big integers (HO
)
))
\Fld@menulength=\count322
\Field@Width=\dimen263
\Fld@charsize=\dimen264
Package hyperref Info: Hyper figures OFF on input line 6091.
Package hyperref Info: Link nesting OFF on input line 6096.
Package hyperref Info: Hyper index ON on input line 6099.
Package hyperref Info: backreferencing OFF on input line 6106.
Package hyperref Info: Link coloring OFF on input line 6111.
Package hyperref Info: Link coloring with OCG OFF on input line 6116.
Package hyperref Info: PDF/A mode OFF on input line 6121.
\Hy@abspage=\count323
\c@Item=\count324
\c@Hfootnote=\count325
)
Package hyperref Info: Driver (autodetected): hpdftex.

(<USER_ROOT>\AppData\Local\Programs\MiKTeX\tex/latex/hyperref\hpdftex.def
File: hpdftex.def 2026-04-24 v7.01q Hyperref driver for pdfTeX
\Fld@listcount=\count326
\c@bookmark@seq@number=\count327

(<USER_ROOT>\AppData\Local\Programs\MiKTeX\tex/latex/rerunfilecheck\rerunfi
lecheck.sty
Package: rerunfilecheck 2025-06-21 v1.11 Rerun checks for auxiliary files (HO)

(<USER_ROOT>\AppData\Local\Programs\MiKTeX\tex/generic/uniquecounter\unique
counter.sty
Package: uniquecounter 2019/12/15 v1.4 Provide unlimited unique counter (HO)
)
Package uniquecounter Info: New unique counter `rerunfilecheck' on input line 2
84.
)
\Hy@SectionHShift=\skip61
)

Package xr Warning: 
No file introduction.aux
LABELS NOT IMPORTED.
 on input line 37.


Package xr Warning: 
No file conventions.aux
LABELS NOT IMPORTED.
 on input line 38.


Package xr Warning: 
No file sets.aux
LABELS NOT IMPORTED.
 on input line 39.


Package xr Warning: 
No file categories.aux
LABELS NOT IMPORTED.
 on input line 40.


Package xr Warning: 
No file topology.aux
LABELS NOT IMPORTED.
 on input line 41.


Package xr Warning: 
No file sheaves.aux
LABELS NOT IMPORTED.
 on input line 42.


Package xr Warning: 
No file sites.aux
LABELS NOT IMPORTED.
 on input line 43.


Package xr Warning: 
No file stacks.aux
LABELS NOT IMPORTED.
 on input line 44.


Package xr Warning: 
No file fields.aux
LABELS NOT IMPORTED.
 on input line 45.


Package xr Warning: 
No file algebra.aux
LABELS NOT IMPORTED.
 on input line 46.


Package xr Warning: 
No file brauer.aux
LABELS NOT IMPORTED.
 on input line 47.


Package xr Warning: 
No file homology.aux
LABELS NOT IMPORTED.
 on input line 48.


Package xr Warning: 
No file derived.aux
LABELS NOT IMPORTED.
 on input line 49.


Package xr Warning: 
No file simplicial.aux
LABELS NOT IMPORTED.
 on input line 50.


Package xr Warning: 
No file more-algebra.aux
LABELS NOT IMPORTED.
 on input line 51.


Package xr Warning: 
No file smoothing.aux
LABELS NOT IMPORTED.
 on input line 52.


Package xr Warning: 
No file modules.aux
LABELS NOT IMPORTED.
 on input line 53.


Package xr Warning: 
No file sites-modules.aux
LABELS NOT IMPORTED.
 on input line 54.


Package xr Warning: 
No file injectives.aux
LABELS NOT IMPORTED.
 on input line 55.


Package xr Warning: 
No file cohomology.aux
LABELS NOT IMPORTED.
 on input line 56.


Package xr Warning: 
No file sites-cohomology.aux
LABELS NOT IMPORTED.
 on input line 57.


Package xr Warning: 
No file dga.aux
LABELS NOT IMPORTED.
 on input line 58.


Package xr Warning: 
No file dpa.aux
LABELS NOT IMPORTED.
 on input line 59.


Package xr Warning: 
No file sdga.aux
LABELS NOT IMPORTED.
 on input line 60.


Package xr Warning: 
No file hypercovering.aux
LABELS NOT IMPORTED.
 on input line 61.


Package xr Warning: 
No file schemes.aux
LABELS NOT IMPORTED.
 on input line 62.


Package xr Warning: 
No file constructions.aux
LABELS NOT IMPORTED.
 on input line 63.


Package xr Warning: 
No file properties.aux
LABELS NOT IMPORTED.
 on input line 64.


Package xr Warning: 
No file morphisms.aux
LABELS NOT IMPORTED.
 on input line 65.


Package xr Warning: 
No file coherent.aux
LABELS NOT IMPORTED.
 on input line 66.


Package xr Warning: 
No file divisors.aux
LABELS NOT IMPORTED.
 on input line 67.


Package xr Warning: 
No file limits.aux
LABELS NOT IMPORTED.
 on input line 68.


Package xr Warning: 
No file varieties.aux
LABELS NOT IMPORTED.
 on input line 69.


Package xr Warning: 
No file topologies.aux
LABELS NOT IMPORTED.
 on input line 70.


Package xr Warning: 
No file descent.aux
LABELS NOT IMPORTED.
 on input line 71.


Package xr Warning: 
No file perfect.aux
LABELS NOT IMPORTED.
 on input line 72.


Package xr Warning: 
No file more-morphisms.aux
LABELS NOT IMPORTED.
 on input line 73.


Package xr Warning: 
No file flat.aux
LABELS NOT IMPORTED.
 on input line 74.


Package xr Warning: 
No file groupoids.aux
LABELS NOT IMPORTED.
 on input line 75.


Package xr Warning: 
No file more-groupoids.aux
LABELS NOT IMPORTED.
 on input line 76.


Package xr Warning: 
No file etale.aux
LABELS NOT IMPORTED.
 on input line 77.


Package xr Warning: 
No file chow.aux
LABELS NOT IMPORTED.
 on input line 78.


Package xr Warning: 
No file intersection.aux
LABELS NOT IMPORTED.
 on input line 79.


Package xr Warning: 
No file pic.aux
LABELS NOT IMPORTED.
 on input line 80.


Package xr Warning: 
No file weil.aux
LABELS NOT IMPORTED.
 on input line 81.


Package xr Warning: 
No file adequate.aux
LABELS NOT IMPORTED.
 on input line 82.


Package xr Warning: 
No file dualizing.aux
LABELS NOT IMPORTED.
 on input line 83.


Package xr Warning: 
No file duality.aux
LABELS NOT IMPORTED.
 on input line 84.


Package xr Warning: 
No file discriminant.aux
LABELS NOT IMPORTED.
 on input line 85.

Package xr Info: IMPORTING LABELS FROM derham.aux on input line 86.

Package xr Warning: 
No file local-cohomology.aux
LABELS NOT IMPORTED.
 on input line 87.


Package xr Warning: 
No file algebraization.aux
LABELS NOT IMPORTED.
 on input line 88.


Package xr Warning: 
No file curves.aux
LABELS NOT IMPORTED.
 on input line 89.


Package xr Warning: 
No file resolve.aux
LABELS NOT IMPORTED.
 on input line 90.


Package xr Warning: 
No file models.aux
LABELS NOT IMPORTED.
 on input line 91.


Package xr Warning: 
No file functors.aux
LABELS NOT IMPORTED.
 on input line 92.


Package xr Warning: 
No file equiv.aux
LABELS NOT IMPORTED.
 on input line 93.


Package xr Warning: 
No file pione.aux
LABELS NOT IMPORTED.
 on input line 94.


Package xr Warning: 
No file etale-cohomology.aux
LABELS NOT IMPORTED.
 on input line 95.


Package xr Warning: 
No file proetale.aux
LABELS NOT IMPORTED.
 on input line 96.


Package xr Warning: 
No file relative-cycles.aux
LABELS NOT IMPORTED.
 on input line 97.


Package xr Warning: 
No file more-etale.aux
LABELS NOT IMPORTED.
 on input line 98.


Package xr Warning: 
No file trace.aux
LABELS NOT IMPORTED.
 on input line 99.


Package xr Warning: 
No file crystalline.aux
LABELS NOT IMPORTED.
 on input line 100.


Package xr Warning: 
No file spaces.aux
LABELS NOT IMPORTED.
 on input line 101.


Package xr Warning: 
No file spaces-properties.aux
LABELS NOT IMPORTED.
 on input line 102.


Package xr Warning: 
No file spaces-morphisms.aux
LABELS NOT IMPORTED.
 on input line 103.


Package xr Warning: 
No file decent-spaces.aux
LABELS NOT IMPORTED.
 on input line 104.


Package xr Warning: 
No file spaces-cohomology.aux
LABELS NOT IMPORTED.
 on input line 105.


Package xr Warning: 
No file spaces-limits.aux
LABELS NOT IMPORTED.
 on input line 106.


Package xr Warning: 
No file spaces-divisors.aux
LABELS NOT IMPORTED.
 on input line 107.


Package xr Warning: 
No file spaces-over-fields.aux
LABELS NOT IMPORTED.
 on input line 108.


Package xr Warning: 
No file spaces-topologies.aux
LABELS NOT IMPORTED.
 on input line 109.


Package xr Warning: 
No file spaces-descent.aux
LABELS NOT IMPORTED.
 on input line 110.


Package xr Warning: 
No file spaces-perfect.aux
LABELS NOT IMPORTED.
 on input line 111.


Package xr Warning: 
No file spaces-more-morphisms.aux
LABELS NOT IMPORTED.
 on input line 112.


Package xr Warning: 
No file spaces-flat.aux
LABELS NOT IMPORTED.
 on input line 113.


Package xr Warning: 
No file spaces-groupoids.aux
LABELS NOT IMPORTED.
 on input line 114.


Package xr Warning: 
No file spaces-more-groupoids.aux
LABELS NOT IMPORTED.
 on input line 115.


Package xr Warning: 
No file bootstrap.aux
LABELS NOT IMPORTED.
 on input line 116.


Package xr Warning: 
No file spaces-pushouts.aux
LABELS NOT IMPORTED.
 on input line 117.


Package xr Warning: 
No file spaces-chow.aux
LABELS NOT IMPORTED.
 on input line 118.


Package xr Warning: 
No file groupoids-quotients.aux
LABELS NOT IMPORTED.
 on input line 119.


Package xr Warning: 
No file spaces-more-cohomology.aux
LABELS NOT IMPORTED.
 on input line 120.


Package xr Warning: 
No file spaces-simplicial.aux
LABELS NOT IMPORTED.
 on input line 121.


Package xr Warning: 
No file spaces-duality.aux
LABELS NOT IMPORTED.
 on input line 122.


Package xr Warning: 
No file formal-spaces.aux
LABELS NOT IMPORTED.
 on input line 123.


Package xr Warning: 
No file restricted.aux
LABELS NOT IMPORTED.
 on input line 124.


Package xr Warning: 
No file spaces-resolve.aux
LABELS NOT IMPORTED.
 on input line 125.


Package xr Warning: 
No file formal-defos.aux
LABELS NOT IMPORTED.
 on input line 126.


Package xr Warning: 
No file defos.aux
LABELS NOT IMPORTED.
 on input line 127.


Package xr Warning: 
No file cotangent.aux
LABELS NOT IMPORTED.
 on input line 128.


Package xr Warning: 
No file examples-defos.aux
LABELS NOT IMPORTED.
 on input line 129.


Package xr Warning: 
No file algebraic.aux
LABELS NOT IMPORTED.
 on input line 130.


Package xr Warning: 
No file examples-stacks.aux
LABELS NOT IMPORTED.
 on input line 131.


Package xr Warning: 
No file stacks-sheaves.aux
LABELS NOT IMPORTED.
 on input line 132.


Package xr Warning: 
No file criteria.aux
LABELS NOT IMPORTED.
 on input line 133.


Package xr Warning: 
No file artin.aux
LABELS NOT IMPORTED.
 on input line 134.


Package xr Warning: 
No file quot.aux
LABELS NOT IMPORTED.
 on input line 135.


Package xr Warning: 
No file stacks-properties.aux
LABELS NOT IMPORTED.
 on input line 136.


Package xr Warning: 
No file stacks-morphisms.aux
LABELS NOT IMPORTED.
 on input line 137.


Package xr Warning: 
No file stacks-limits.aux
LABELS NOT IMPORTED.
 on input line 138.


Package xr Warning: 
No file stacks-cohomology.aux
LABELS NOT IMPORTED.
 on input line 139.


Package xr Warning: 
No file stacks-perfect.aux
LABELS NOT IMPORTED.
 on input line 140.


Package xr Warning: 
No file stacks-introduction.aux
LABELS NOT IMPORTED.
 on input line 141.


Package xr Warning: 
No file stacks-more-morphisms.aux
LABELS NOT IMPORTED.
 on input line 142.


Package xr Warning: 
No file stacks-geometry.aux
LABELS NOT IMPORTED.
 on input line 143.


Package xr Warning: 
No file moduli.aux
LABELS NOT IMPORTED.
 on input line 144.


Package xr Warning: 
No file moduli-curves.aux
LABELS NOT IMPORTED.
 on input line 145.


Package xr Warning: 
No file examples.aux
LABELS NOT IMPORTED.
 on input line 146.


Package xr Warning: 
No file exercises.aux
LABELS NOT IMPORTED.
 on input line 147.


Package xr Warning: 
No file guide.aux
LABELS NOT IMPORTED.
 on input line 148.


Package xr Warning: 
No file desirables.aux
LABELS NOT IMPORTED.
 on input line 149.


Package xr Warning: 
No file coding.aux
LABELS NOT IMPORTED.
 on input line 150.


Package xr Warning: 
No file obsolete.aux
LABELS NOT IMPORTED.
 on input line 151.


Package xr Warning: 
No file fdl.aux
LABELS NOT IMPORTED.
 on input line 152.


Package xr Warning: 
No file index.aux
LABELS NOT IMPORTED.
 on input line 153.

)
(<USER_ROOT>\AppData\Local\Programs\MiKTeX\tex/latex/l3backend\l3backend-pd
ftex.def
File: l3backend-pdftex.def 2026-02-18 L3 backend support: PDF output (pdfTeX)
\l__color_backend_stack_int=\count328
) (derham.aux)
\openout1 = `derham.aux'.

LaTeX Font Info:    Checking defaults for OML/cmm/m/it on input line 5.
LaTeX Font Info:    ... okay on input line 5.
LaTeX Font Info:    Checking defaults for OMS/cmsy/m/n on input line 5.
LaTeX Font Info:    ... okay on input line 5.
LaTeX Font Info:    Checking defaults for OT1/cmr/m/n on input line 5.
LaTeX Font Info:    ... okay on input line 5.
LaTeX Font Info:    Checking defaults for T1/cmr/m/n on input line 5.
LaTeX Font Info:    ... okay on input line 5.
LaTeX Font Info:    Checking defaults for TS1/cmr/m/n on input line 5.
LaTeX Font Info:    ... okay on input line 5.
LaTeX Font Info:    Checking defaults for OMX/cmex/m/n on input line 5.
LaTeX Font Info:    ... okay on input line 5.
LaTeX Font Info:    Checking defaults for U/cmr/m/n on input line 5.
LaTeX Font Info:    ... okay on input line 5.
LaTeX Font Info:    Checking defaults for PD1/pdf/m/n on input line 5.
LaTeX Font Info:    ... okay on input line 5.
LaTeX Font Info:    Checking defaults for PU/pdf/m/n on input line 5.
LaTeX Font Info:    ... okay on input line 5.
LaTeX Font Info:    Trying to load font information for OT1+lmr on input line 5
.

(<USER_ROOT>\AppData\Local\Programs\MiKTeX\tex/latex/lm\ot1lmr.fd
File: ot1lmr.fd 2015/05/01 v1.6.1 Font defs for Latin Modern
)
LaTeX Font Info:    Trying to load font information for OML+lmm on input line 5
.

(<USER_ROOT>\AppData\Local\Programs\MiKTeX\tex/latex/lm\omllmm.fd
File: omllmm.fd 2015/05/01 v1.6.1 Font defs for Latin Modern
)
LaTeX Font Info:    Trying to load font information for OMS+lmsy on input line 
5.

(<USER_ROOT>\AppData\Local\Programs\MiKTeX\tex/latex/lm\omslmsy.fd
File: omslmsy.fd 2015/05/01 v1.6.1 Font defs for Latin Modern
)
LaTeX Font Info:    Trying to load font information for OMX+lmex on input line 
5.

(<USER_ROOT>\AppData\Local\Programs\MiKTeX\tex/latex/lm\omxlmex.fd
File: omxlmex.fd 2015/05/01 v1.6.1 Font defs for Latin Modern
)
LaTeX Font Info:    External font `lmex10' loaded for size
(Font)              <8> on input line 5.
LaTeX Font Info:    External font `lmex10' loaded for size
(Font)              <6> on input line 5.
LaTeX Font Info:    External font `lmex10' loaded for size
(Font)              <5> on input line 5.
LaTeX Font Info:    Trying to load font information for U+msa on input line 5.

(<USER_ROOT>\AppData\Local\Programs\MiKTeX\tex/latex/amsfonts\umsa.fd
File: umsa.fd 2013/01/14 v3.01 AMS symbols A
)
LaTeX Font Info:    Trying to load font information for U+msb on input line 5.

(<USER_ROOT>\AppData\Local\Programs\MiKTeX\tex/latex/amsfonts\umsb.fd
File: umsb.fd 2013/01/14 v3.01 AMS symbols B
)
LaTeX Font Info:    External font `lmex10' loaded for size
(Font)              <10> on input line 5.
LaTeX Font Info:    External font `lmex10' loaded for size
(Font)              <7> on input line 5.
Package xypdf Info: Line width: 0.39998pt on input line 5.
Package hyperref Info: Link coloring OFF on input line 5.

(derham.out) (derham.out)
\@outlinefile=\write4
\openout4 = `derham.out'.

 (derham.toc)
\tf@toc=\write5
\openout5 = `derham.toc'.



LaTeX Warning: Reference `modules-section-de-rham-complex' on page 1 undefined 
on input line 43.

[1{<USER_ROOT>/AppData/Local/MiKTeX/fonts/map/pdftex/pdftex.map}{<USER_ROOT>/AppData/Local/Programs/MiKTeX/fonts/enc/dvips/lm/lm-ec.enc}{<USER_ROOT>/AppData/Local/Programs/MiKTeX/fonts/enc/dvips/lm/lm-mathit.enc}{<USER_ROOT>/AppData/Local/Programs/MiKTeX/fonts/enc/dvips/lm/lm-rm.enc}{<USER_ROOT>
/AppData/Local/Programs/MiKTeX/fonts/enc/dvips/lm/lm-mathsy.enc}] <xymatrix
2x2 161>

LaTeX Warning: Reference `modules-section-de-rham-complex' on page 2 undefined 
on input line 56.

<xymatrix 2x2 161>

LaTeX Warning: Reference `morphisms-lemma-base-change-differentials' on page 2 
undefined on input line 88.

<xymatrix 2x2 161>

LaTeX Warning: Reference `morphisms-lemma-etale-at-point' on page 2 undefined o
n input line 108.


LaTeX Warning: Reference `morphisms-lemma-triangle-differentials' on page 2 und
efined on input line 110.


LaTeX Warning: Reference `morphisms-lemma-triangle-differentials-smooth' on pag
e 2 undefined on input line 111.

[2] <xymatrix 2x2 161>

LaTeX Warning: Reference `coherent-lemma-quasi-coherent-affine-cohomology-zero'
 on page 3 undefined on input line 167.


LaTeX Warning: Reference `derived-lemma-leray-acyclicity' on page 3 undefined o
n input line 169.


LaTeX Warning: Reference `derived-lemma-two-ss-complex-functor' on page 3 undef
ined on input line 183.


LaTeX Warning: Reference `homology-lemma-first-quadrant-ss' on page 3 undefined
 on input line 184.


LaTeX Warning: Reference `coherent-lemma-quasi-coherence-higher-direct-images' 
on page 3 undefined on input line 187.


LaTeX Warning: Reference `morphisms-lemma-finite-type-differentials' on page 3 
undefined on input line 198.


LaTeX Warning: Reference `coherent-proposition-proper-pushforward-coherent' on 
page 3 undefined on input line 202.


LaTeX Warning: Reference `morphisms-lemma-smooth-omega-finite-locally-free' on 
page 3 undefined on input line 226.


LaTeX Warning: Reference `perfect-lemma-flat-proper-perfect-direct-image-genera
l' on page 3 undefined on input line 232.

[3]

LaTeX Warning: Reference `cohomology-lemma-two-out-of-three-perfect' on page 4 
undefined on input line 255.


LaTeX Warning: Reference `cohomology-section-cup-product' on page 4 undefined o
n input line 289.


LaTeX Warning: Reference `cohomology-section-cup-product' on page 4 undefined o
n input line 299.

<xymatrix 2x2 161>

LaTeX Warning: Reference `cohomology-lemma-cup-product-associative' on page 4 u
ndefined on input line 324.


LaTeX Warning: Reference `cohomology-lemma-cup-product-commutative' on page 4 u
ndefined on input line 325.


LaTeX Warning: Reference `sdga-definition-dga' on page 4 undefined on input lin
e 334.


LaTeX Warning: Reference `sdga-section-misc' on page 4 undefined on input line 
336.

<xymatrix 2x2 182> [4]

LaTeX Warning: Reference `sdga-section-misc' on page 5 undefined on input line 
361.

<xymatrix 2x2 188>

LaTeX Warning: Reference `cohomology-section-cup-product' on page 5 undefined o
n input line 412.

<xymatrix 2x2 161> [5{<USER_ROOT>/AppData/Local/Programs/MiKTeX/fonts/enc/d
vips/lm/lm-mathex.enc}]

LaTeX Warning: Reference `derived-lemma-cartan-eilenberg' on page 6 undefined o
n input line 460.


LaTeX Warning: Reference `derived-lemma-two-ss-complex-functor' on page 6 undef
ined on input line 462.

<xymatrix 4x3 526> <xymatrix 4x3 220> [6]

LaTeX Warning: Reference `homology-definition-filtration-cohomology-filtered-co
mplex' on page 7 undefined on input line 553.


LaTeX Warning: Reference `homology-section-truncations' on page 7 undefined on 
input line 565.


LaTeX Warning: Reference `cohomology-lemma-spectral-sequence-filtered-object' o
n page 7 undefined on input line 580.


LaTeX Warning: Reference `cohomology-example-spectral-sequence-bis' on page 7 u
ndefined on input line 584.

<xymatrix 2x2 161> [7] <xymatrix 3x3 235>

LaTeX Warning: Reference `morphisms-remark-base-change-differential-operators' 
on page 8 undefined on input line 641.


LaTeX Warning: Reference `modules-lemma-differentials-relative-de-rham-complex-
order-1' on page 8 undefined on input line 645.


LaTeX Warning: Reference `perfect-section-kunneth-complexes' on page 8 undefine
d on input line 651.


LaTeX Warning: Reference `morphisms-lemma-differential-product' on page 8 undef
ined on input line 669.


LaTeX Warning: Reference `perfect-equation-de-rham-kunneth' on page 8 undefined
 on input line 688.


LaTeX Warning: Reference `more-algebra-section-products-tor' on page 8 undefine
d on input line 698.

[8]

LaTeX Warning: Reference `morphisms-lemma-smooth-omega-finite-locally-free' on 
page 9 undefined on input line 724.


LaTeX Warning: Reference `morphisms-lemma-smooth-flat' on page 9 undefined on i
nput line 727.


LaTeX Warning: Reference `perfect-lemma-kunneth-special' on page 9 undefined on
 input line 731.


LaTeX Warning: Reference `perfect-equation-relative-de-rham-kunneth' on page 9 
undefined on input line 746.

<xymatrix 2x5 461>

LaTeX Warning: Reference `cohomology-remark-cup-product' on page 9 undefined on
 input line 786.

[9]

LaTeX Warning: Reference `cohomology-lemma-h1-invertible' on page 10 undefined 
on input line 833.

<xymatrix 2x2 161> <xymatrix 2x2 182> <xymatrix 2x2 182>

LaTeX Warning: Reference `cohomology-section-cech-cohomology-of-complexes' on p
age 10 undefined on input line 882.


LaTeX Warning: Reference `cohomology-section-cech-cohomology-of-complexes' on p
age 10 undefined on input line 915.

[10] [11]

LaTeX Warning: Reference `constructions-definition-abstract-cone' on page 12 un
defined on input line 1066.

[12]

LaTeX Warning: Reference `groupoids-example-Gm-on-affine' on page 13 undefined 
on input line 1110.


LaTeX Warning: Reference `groupoids-lemma-complete-reducibility-Gm' on page 13 
undefined on input line 1110.


LaTeX Warning: Reference `groupoids-lemma-Gm-equivariant-module' on page 13 und
efined on input line 1110.


LaTeX Warning: Reference `homology-definition-shift-cochain' on page 13 undefin
ed on input line 1174.

[13]

LaTeX Warning: Reference `sdga-section-misc' on page 14 undefined on input line
 1237.

<xymatrix 5x2 423> [14]

LaTeX Warning: Reference `constructions-lemma-standard-covering-projective-spac
e' on page 15 undefined on input line 1367.


LaTeX Warning: Reference `constructions-lemma-projective-space-separated' on pa
ge 15 undefined on input line 1369.

[15]

LaTeX Warning: Reference `constructions-definition-twist' on page 16 undefined 
on input line 1424.


LaTeX Warning: Reference `coherent-lemma-cohomology-projective-space-over-ring'
 on page 16 undefined on input line 1442.

[16] [17] <xymatrix 3x2 145>

LaTeX Warning: Reference `morphisms-lemma-triangle-differentials-smooth' on pag
e 18 undefined on input line 1650.


LaTeX Warning: Reference `cohomology-lemma-relative-spectral-sequence-filtered-
object' on page 18 undefined on input line 1709.


LaTeX Warning: Reference `perfect-lemma-cohomology-de-rham-base-change' on page
 18 undefined on input line 1711.

[18]

LaTeX Warning: Reference `cohomology-lemma-two-out-of-three-perfect' on page 19
 undefined on input line 1793.


LaTeX Warning: Reference `more-algebra-lemma-lift-perfect-from-residue-field' o
n page 19 undefined on input line 1796.


LaTeX Warning: Reference `perfect-lemma-affine-compare-bounded' on page 19 unde
fined on input line 1798.


LaTeX Warning: Reference `perfect-lemma-perfect-affine' on page 19 undefined on
 input line 1799.

[19]
Overfull \hbox (8.5101pt too wide) in paragraph at lines 1827--1832
[]\T1/lmr/m/n/10 Say $\OML/lmm/m/it/10 Y \OT1/lmr/m/n/10 = [](\OML/lmm/m/it/10 
A\OT1/lmr/m/n/10 )$ \T1/lmr/m/n/10 and $\OML/lmm/m/it/10 S \OT1/lmr/m/n/10 = []
(\OML/lmm/m/it/10 R\OT1/lmr/m/n/10 )$\T1/lmr/m/n/10 . In this case $\OT1/lmr/m/
n/10 
[]$ \T1/lmr/m/n/10 com-putes $\OML/lmm/m/it/10 R\OT1/lmr/m/n/10 ^^@(\OML/lmm/m/
it/10 Y; \OT1/lmr/m/n/10 
[])$
 []


LaTeX Warning: Reference `cohomology-section-cech-cohomology-of-complexes' on p
age 20 undefined on input line 1837.


LaTeX Warning: Reference `coherent-lemma-quasi-coherent-affine-cohomology-zero'
 on page 20 undefined on input line 1845.


LaTeX Warning: Reference `cohomology-lemma-cech-complex-complex-computes' on pa
ge 20 undefined on input line 1846.


LaTeX Warning: Reference `cohomology-section-cup-product' on page 20 undefined 
on input line 1855.

[20]

LaTeX Warning: Reference `perfect-lemma-K-flat' on page 21 undefined on input l
ine 1920.

[21] [22] <xymatrix 2x2 182>

LaTeX Warning: Reference `etale-definition-strict-normal-crossings' on page 23 
undefined on input line 2152.

[23]

LaTeX Warning: Reference `flat-section-eta' on page 24 undefined on input line 
2206.


LaTeX Warning: Reference `homology-definition-shift-cochain' on page 24 undefin
ed on input line 2249.

[24] <xymatrix 2x2 161>

LaTeX Warning: Reference `divisors-definition-pullback-effective-Cartier-diviso
r' on page 25 undefined on input line 2319.

<xymatrix 5x2 416> <xymatrix 2x2 209> [25] <xymatrix 5x2 416> <xymatrix 5x2
416> [26]

LaTeX Warning: Reference `more-morphisms-lemma-etale-local-structure' on page 2
7 undefined on input line 2488.

<xymatrix 3x2 281> [27]

LaTeX Warning: Reference `more-morphisms-section-proj-spec' on page 28 undefine
d on input line 2619.

<xymatrix 3x2 309>

LaTeX Warning: Reference `cohomology-lemma-projection-formula' on page 28 undef
ined on input line 2660.

[28]

LaTeX Warning: Reference `algebra-section-blow-up' on page 29 undefined on inpu
t line 2755.


LaTeX Warning: Reference `divisors-lemma-blowing-up-affine' on page 29 undefine
d on input line 2756.


LaTeX Warning: Reference `more-algebra-lemma-blowup-regular-sequence' on page 2
9 undefined on input line 2763.

[29]

LaTeX Warning: Reference `cohomology-lemma-projection-formula' on page 30 undef
ined on input line 2798.


LaTeX Warning: Reference `coherent-lemma-quasi-coherence-higher-direct-images-a
pplication' on page 30 undefined on input line 2807.


LaTeX Warning: Reference `coherent-lemma-relative-affine-cohomology' on page 30
 undefined on input line 2810.


LaTeX Warning: Reference `divisors-lemma-blowing-up-gives-effective-Cartier-div
isor' on page 30 undefined on input line 2823.


LaTeX Warning: Reference `more-morphisms-section-proj-spec' on page 30 undefine
d on input line 2831.


LaTeX Warning: Reference `coherent-lemma-cohomology-projective-space-over-ring'
 on page 30 undefined on input line 2835.

<xymatrix 2x2 182>

LaTeX Warning: Reference `more-morphisms-lemma-blowup' on page 30 undefined on 
input line 2883.

[30]

LaTeX Warning: Reference `more-morphisms-lemma-blowup' on page 31 undefined on 
input line 2898.


LaTeX Warning: Reference `divisors-lemma-flat-base-change-blowing-up' on page 3
1 undefined on input line 2901.


LaTeX Warning: Reference `more-morphisms-lemma-etale-local-structure' on page 3
1 undefined on input line 2908.


LaTeX Warning: Reference `more-morphisms-lemma-blowup' on page 31 undefined on 
input line 2916.

<xymatrix 4x2 374>

LaTeX Warning: Reference `derived-proposition-9' on page 31 undefined on input 
line 2961.


LaTeX Warning: Reference `more-morphisms-lemma-blowup' on page 31 undefined on 
input line 2972.


LaTeX Warning: Reference `derived-lemma-split' on page 31 undefined on input li
ne 2986.

[31]

LaTeX Warning: Reference `morphisms-lemma-smooth-omega-finite-locally-free' on 
page 32 undefined on input line 2997.


LaTeX Warning: Reference `divisors-lemma-immersion-smooth-into-smooth-regular-i
mmersion' on page 32 undefined on input line 3004.

<xymatrix 2x2 185> [32]

LaTeX Warning: Reference `cohomology-section-ext' on page 33 undefined on input
 line 3114.


LaTeX Warning: Reference `more-morphisms-lemma-blowup' on page 33 undefined on 
input line 3144.


LaTeX Warning: Reference `morphisms-lemma-smooth-omega-finite-locally-free' on 
page 33 undefined on input line 3154.


LaTeX Warning: Reference `divisors-lemma-immersion-smooth-into-smooth-regular-i
mmersion' on page 33 undefined on input line 3161.

[33]

LaTeX Warning: Reference `limits-lemma-higher-direct-images-zero-above-dimensio
n-fibre' on page 34 undefined on input line 3199.


Overfull \hbox (1.36328pt too wide) in paragraph at lines 3187--3201
\T1/lmr/m/n/10 For unique-ness, it suf-fices to show that there are no nonzero 
maps from $\OML/lmm/m/it/10 ^^\[]Rb[]\OT1/lmr/m/n/10 
[]$
 []


LaTeX Warning: Reference `discriminant-section-tate-map' on page 34 undefined o
n input line 3233.

<xymatrix 5x2 283> [34]

LaTeX Warning: Reference `more-algebra-section-determinants-complexes' on page 
35 undefined on input line 3320.

<xymatrix 5x2 283> <xymatrix 2x2 174>

LaTeX Warning: Reference `algebra-definition-relative-global-complete-intersect
ion' on page 35 undefined on input line 3373.


LaTeX Warning: Reference `algebra-lemma-relative-global-complete-intersection-c
onormal' on page 35 undefined on input line 3376.

[35] <xymatrix 3x2 196>

LaTeX Warning: Reference `algebra-lemma-differential-seq' on page 36 undefined 
on input line 3393.

<xymatrix 2x2 182> <xymatrix 4x2 224>
Overfull \hbox (44.64417pt too wide) detected at line 3436
[]
 []


LaTeX Warning: Reference `discriminant-section-tate-map' on page 36 undefined o
n input line 3442.

<xymatrix 2x2 182> [36] <xymatrix 2x2 161>

LaTeX Warning: Reference `discriminant-lemma-syntomic-quasi-finite' on page 37 
undefined on input line 3499.


LaTeX Warning: Reference `algebra-lemma-base-change-relative-global-complete-in
tersection' on page 37 undefined on input line 3512.


LaTeX Warning: Reference `discriminant-proposition-tate-map' on page 37 undefin
ed on input line 3538.

<xymatrix 2x2 182> [37]

LaTeX Warning: Reference `discriminant-lemma-syntomic-quasi-finite' on page 38 
undefined on input line 3573.


LaTeX Warning: Reference `discriminant-section-tate-map' on page 38 undefined o
n input line 3579.


LaTeX Warning: Reference `discriminant-example-universal-quasi-finite-syntomic'
 on page 38 undefined on input line 3635.


LaTeX Warning: Reference `discriminant-lemma-universal-quasi-finite-syntomic-et
ale' on page 38 undefined on input line 3641.


LaTeX Warning: Reference `discriminant-remark-local-description-delta' on page 
38 undefined on input line 3644.


LaTeX Warning: Reference `morphisms-lemma-etale-at-point' on page 38 undefined 
on input line 3646.

[38]

LaTeX Warning: Reference `discriminant-lemma-locally-comes-from-universal' on p
age 39 undefined on input line 3653.

<xymatrix 3x2 264>

LaTeX Warning: Reference `properties-lemma-standard-open-two-affines' on page 3
9 undefined on input line 3693.

<xymatrix 3x2 264>

LaTeX Warning: Reference `more-algebra-lemma-module-over-fibre-product' on page
 39 undefined on input line 3720.


LaTeX Warning: Reference `discriminant-lemma-syntomic-quasi-finite' on page 39 
undefined on input line 3726.


LaTeX Warning: Reference `more-algebra-lemma-properties-algebras-over-fibre-pro
duct' on page 39 undefined on input line 3728.


LaTeX Warning: Reference `discriminant-lemma-syntomic-quasi-finite' on page 39 
undefined on input line 3731.

[39] <xymatrix 5x3 350> <xymatrix 3x4 208>

LaTeX Warning: Reference `discriminant-section-discriminant' on page 40 undefin
ed on input line 3781.

[40]

LaTeX Warning: Reference `discriminant-section-discriminant' on page 41 undefin
ed on input line 3838.


LaTeX Warning: Reference `discriminant-proposition-tate-map' on page 41 undefin
ed on input line 3851.


LaTeX Warning: Reference `discriminant-section-finite-morphisms' on page 41 und
efined on input line 3863.


LaTeX Warning: Reference `discriminant-section-finite-morphisms' on page 41 und
efined on input line 3875.


LaTeX Warning: Reference `discriminant-lemma-locally-comes-from-universal-finit
e' on page 41 undefined on input line 3905.

<xymatrix 3x2 264> [41]

LaTeX Warning: Reference `discriminant-lemma-universal-finite-syntomic-smooth' 
on page 42 undefined on input line 3922.


LaTeX Warning: Reference `discriminant-lemma-universal-finite-syntomic-etale' o
n page 42 undefined on input line 3923.


LaTeX Warning: Reference `algebra-lemma-colimit-category-fp-algebras' on page 4
2 undefined on input line 3939.


LaTeX Warning: Reference `algebra-lemma-colimit-lci' on page 42 undefined on in
put line 3944.


LaTeX Warning: Reference `algebra-lemma-colimit-finite' on page 42 undefined on
 input line 3945.

<xymatrix 2x2 154>

LaTeX Warning: Reference `discriminant-section-discriminant' on page 42 undefin
ed on input line 3987.


LaTeX Warning: Reference `discriminant-lemma-locally-comes-from-universal-finit
e' on page 42 undefined on input line 4000.

<xymatrix 4x2 374> [42] <xymatrix 3x2 264>

LaTeX Warning: Reference `discriminant-lemma-universal-finite-syntomic-smooth' 
on page 43 undefined on input line 4065.


LaTeX Warning: Reference `discriminant-lemma-universal-finite-syntomic-etale' o
n page 43 undefined on input line 4066.

[43]

LaTeX Warning: Reference `varieties-definition-relative-frobenius' on page 44 u
ndefined on input line 4155.


LaTeX Warning: Reference `varieties-lemma-relative-frobenius-finite' on page 44
 undefined on input line 4167.


LaTeX Warning: Reference `more-morphisms-theorem-criterion-flatness-fibre' on p
age 44 undefined on input line 4171.


LaTeX Warning: Reference `algebra-lemma-CM-over-regular-flat' on page 44 undefi
ned on input line 4173.


LaTeX Warning: Reference `more-morphisms-lemma-lci-permanence' on page 44 undef
ined on input line 4176.


LaTeX Warning: Reference `more-morphisms-lemma-flat-lci' on page 44 undefined o
n input line 4179.

<xymatrix 2x2 161>

LaTeX Warning: Reference `morphisms-lemma-smooth-etale-over-affine-space' on pa
ge 44 undefined on input line 4190.

[44] <xymatrix 2x2 182>

LaTeX Warning: Reference `varieties-lemma-relative-frobenius-endomorphism-ident
ity' on page 45 undefined on input line 4202.


LaTeX Warning: Reference `etale-lemma-relative-frobenius-etale' on page 45 unde
fined on input line 4205.


Overfull \hbox (12.61462pt too wide) in paragraph at lines 4233--4237
\T1/lmr/m/n/10 We may even in-vert $\OML/lmm/m/it/10 x[]; [] ; x[]$ \T1/lmr/m/n
/10 and $\OML/lmm/m/it/10 y[]; [] ; y[]$\T1/lmr/m/n/10 . In this case, we have 
$[]\OML/lmm/m/it/10 x[] \OT1/lmr/m/n/10 = \OML/lmm/m/it/10 p[]x[][]y[]$\T1/lmr/
m/n/10 .
 []


Overfull \hbox (22.79893pt too wide) detected at line 4248
[]
 []

[45]

LaTeX Warning: Reference `duality-lemma-duality-proper-over-field' on page 46 u
ndefined on input line 4297.


LaTeX Warning: Reference `morphisms-lemma-smooth-omega-finite-locally-free' on 
page 46 undefined on input line 4300.


LaTeX Warning: Reference `duality-lemma-duality-proper-over-field-perfect' on p
age 46 undefined on input line 4309.


Overfull \hbox (4.78584pt too wide) in paragraph at lines 4306--4320
\OML/lmm/m/it/10 H[]\OT1/lmr/m/n/10 (\OML/lmm/m/it/10 X; \OT1/lmr/m/n/10 
[]) \OMS/lmsy/m/n/10 ! \OML/lmm/m/it/10 k$ \T1/lmr/m/n/10 is per-fect, which im
-plies that any $\OML/lmm/m/it/10 k$\T1/lmr/m/n/10 -linear map $\OML/lmm/m/it/1
0 t[] \OT1/lmr/m/n/10 : \OML/lmm/m/it/10 H[]\OT1/lmr/m/n/10 (\OML/lmm/m/it/10 X
; \OT1/lmr/m/n/10 
[]) \OMS/lmsy/m/n/10 !
 []


LaTeX Warning: Reference `varieties-lemma-smooth-geometrically-normal' on page 
46 undefined on input line 4341.


LaTeX Warning: Reference `varieties-lemma-proper-geometrically-reduced-global-s
ections' on page 46 undefined on input line 4345.


LaTeX Warning: Reference `algebra-lemma-characterize-separable-algebraic-field-
extensions' on page 46 undefined on input line 4348.


LaTeX Warning: Reference `duality-remark-coherent-duality-proper-over-field' on
 page 46 undefined on input line 4376.


LaTeX Warning: Reference `varieties-lemma-smooth-geometrically-normal' on page 
46 undefined on input line 4383.


LaTeX Warning: Reference `varieties-lemma-proper-geometrically-reduced-global-s
ections' on page 46 undefined on input line 4384.


LaTeX Warning: Reference `algebra-lemma-characterize-separable-algebraic-field-
extensions' on page 46 undefined on input line 4388.


LaTeX Warning: Reference `morphisms-lemma-triangle-differentials' on page 46 un
defined on input line 4390.

<xymatrix 3x2 278> [46]

LaTeX Warning: Reference `coherent-lemma-relative-affine-cohomology' on page 47
 undefined on input line 4412.


LaTeX Warning: Reference `cohomology-proposition-vanishing-Noetherian' on page 
47 undefined on input line 4423.

<xymatrix 2x2 154>

LaTeX Warning: Reference `limits-lemma-descend-finite-presentation' on page 47 
undefined on input line 4441.


LaTeX Warning: Reference `limits-lemma-descend-smooth' on page 47 undefined on 
input line 4442.


LaTeX Warning: Reference `limits-lemma-descend-dimension-d' on page 47 undefine
d on input line 4442.


LaTeX Warning: Reference `limits-lemma-eventually-proper' on page 47 undefined 
on input line 4443.


LaTeX Warning: Reference `coherent-lemma-proper-over-affine-cohomology-finite' 
on page 47 undefined on input line 4446.


LaTeX Warning: Reference `coherent-lemma-flat-base-change-cohomology' on page 4
7 undefined on input line 4451.

LaTeX Font Info:    Trying to load font information for U+euf on input line 445
4.
(<USER_ROOT>\AppData\Local\Programs\MiKTeX\tex/latex/amsfonts\ueuf.fd
File: ueuf.fd 2013/01/14 v3.01 Euler Fraktur
)

LaTeX Warning: Reference `limits-lemma-higher-direct-images-zero-above-dimensio
n-fibre' on page 47 undefined on input line 4465.

[47]

LaTeX Warning: Reference `cohomology-proposition-vanishing-Noetherian' on page 
48 undefined on input line 4494.

<xymatrix 1x5 186> <xymatrix 1x5 186> [48] <xymatrix 2x2 171> <xymatrix 2x2
171> <xymatrix 2x2 154> [49]

LaTeX Warning: Reference `weil-section-chern' on page 50 undefined on input lin
e 4675.


LaTeX Warning: Reference `weil-section-chern' on page 50 undefined on input lin
e 4702.


LaTeX Warning: Reference `weil-proposition-chern-class' on page 50 undefined on
 input line 4706.


LaTeX Warning: Reference `weil-section-chern' on page 50 undefined on input lin
e 4712.

[50]

LaTeX Warning: Reference `weil-lemma-splitting-principle' on page 51 undefined 
on input line 4764.


LaTeX Warning: Reference `weil-lemma-chern-classes-E-tensor-L' on page 51 undef
ined on input line 4765.


LaTeX Warning: Reference `weil-section-chern' on page 51 undefined on input lin
e 4770.


LaTeX Warning: Reference `weil-section-chern' on page 51 undefined on input lin
e 4797.


LaTeX Warning: Reference `weil-section-chern' on page 51 undefined on input lin
e 4805.


LaTeX Warning: Reference `weil-proposition-chern-character' on page 51 undefine
d on input line 4809.


LaTeX Warning: Reference `weil-definition-weil-cohomology-theory' on page 51 un
defined on input line 4829.


LaTeX Warning: Reference `weil-section-c1' on page 51 undefined on input line 4
833.


LaTeX Warning: Reference `weil-lemma-check-over-extension' on page 51 undefined
 on input line 4856.

[51] <xymatrix 2x2 168>

LaTeX Warning: Reference `weil-lemma-chern-classes' on page 52 undefined on inp
ut line 4904.


LaTeX Warning: Reference `weil-lemma-cycle-classes' on page 52 undefined on inp
ut line 4905.


LaTeX Warning: Reference `weil-section-c1' on page 52 undefined on input line 4
930.

[52]

LaTeX Warning: Reference `varieties-lemma-proper-geometrically-reduced-global-s
ections' on page 53 undefined on input line 4985.

<xymatrix 2x2 171>

LaTeX Warning: Reference `intersection-section-projection' on page 53 undefined
 on input line 5007.


LaTeX Warning: Reference `intersection-lemma-projection-generically-finite' on 
page 53 undefined on input line 5008.


LaTeX Warning: Reference `more-morphisms-lemma-lci-permanence' on page 53 undef
ined on input line 5010.


LaTeX Warning: Reference `algebra-lemma-CM-over-regular-flat' on page 53 undefi
ned on input line 5011.

[53]

LaTeX Warning: Reference `weil-remark-trace' on page 54 undefined on input line
 5038.

<xymatrix 4x2 201>

LaTeX Warning: Reference `weil-lemma-poincare-duality' on page 54 undefined on 
input line 5074.


LaTeX Warning: Reference `chow-lemma-degrees-and-numerical-intersections' on pa
ge 54 undefined on input line 5091.


LaTeX Warning: Reference `varieties-lemma-ample-positive' on page 54 undefined 
on input line 5092.

[54]

LaTeX Warning: Reference `weil-definition-weil-cohomology-theory' on page 55 un
defined on input line 5112.


LaTeX Warning: Reference `weil-section-c1' on page 55 undefined on input line 5
118.


LaTeX Warning: Reference `weil-proposition-get-weil' on page 55 undefined on in
put line 5119.


LaTeX Warning: Reference `weil-lemma-check-over-extension' on page 55 undefined
 on input line 5134.


LaTeX Warning: Reference `weil-lemma-chern-classes' on page 55 undefined on inp
ut line 5135.


LaTeX Warning: Reference `weil-lemma-cycle-classes' on page 55 undefined on inp
ut line 5136.


LaTeX Warning: Reference `weil-lemma-poincare-duality' on page 55 undefined on 
input line 5137.


LaTeX Warning: Reference `weil-remark-trace' on page 55 undefined on input line
 5138.


LaTeX Warning: Reference `varieties-lemma-proper-geometrically-reduced-global-s
ections' on page 55 undefined on input line 5140.


LaTeX Warning: Reference `varieties-lemma-ample-positive' on page 55 undefined 
on input line 5141.


LaTeX Warning: Reference `intersection-section-projection' on page 55 undefined
 on input line 5142.


LaTeX Warning: Reference `intersection-lemma-projection-generically-finite' on 
page 55 undefined on input line 5143.


LaTeX Warning: Reference `more-morphisms-lemma-lci-permanence' on page 55 undef
ined on input line 5144.


LaTeX Warning: Reference `algebra-lemma-CM-over-regular-flat' on page 55 undefi
ned on input line 5145.


LaTeX Warning: Reference `chow-lemma-degrees-and-numerical-intersections' on pa
ge 55 undefined on input line 5147.


LaTeX Warning: Reference `weil-remark-betti-numbers-in-some-sense' on page 55 u
ndefined on input line 5168.


LaTeX Warning: Reference `perfect-remark-supported-map-c-equations' on page 55 
undefined on input line 5207.


LaTeX Warning: Reference `cohomology-lemma-sections-support-abelian-unbounded' 
on page 55 undefined on input line 5226.


LaTeX Warning: Reference `perfect-remark-support-c-equations' on page 55 undefi
ned on input line 5231.

[55]

LaTeX Warning: Reference `perfect-remark-supported-map-c-equations' on page 56 
undefined on input line 5241.


LaTeX Warning: Reference `perfect-lemma-supported-map-determinant' on page 56 u
ndefined on input line 5279.


LaTeX Warning: Reference `cohomology-remark-support-cup-product' on page 56 und
efined on input line 5334.

[56]

LaTeX Warning: Reference `perfect-lemma-supported-trivial-vanishing' on page 57
 undefined on input line 5344.


LaTeX Warning: Reference `cohomology-section-cup-product' on page 57 undefined 
on input line 5360.

<xymatrix 3x2 224> <xymatrix 3x2 278>

LaTeX Warning: Reference `morphisms-lemma-conormal-functorial' on page 57 undef
ined on input line 5395.

<xymatrix 3x2 179>

LaTeX Warning: Reference `cohomology-remark-support-functorial' on page 57 unde
fined on input line 5410.


LaTeX Warning: Reference `cohomology-remark-support-functorial' on page 57 unde
fined on input line 5426.


LaTeX Warning: Reference `perfect-lemma-supported-trivial-vanishing' on page 57
 undefined on input line 5430.

[57] <xymatrix 3x2 179>

LaTeX Warning: Reference `perfect-remark-supported-functorial' on page 58 undef
ined on input line 5448.


LaTeX Warning: Reference `perfect-lemma-supported-vanishing' on page 58 undefin
ed on input line 5467.


LaTeX Warning: Reference `cohomology-lemma-support-cup-product' on page 58 unde
fined on input line 5513.


LaTeX Warning: Reference `cohomology-lemma-local-to-global-sections-with-suppor
t' on page 58 undefined on input line 5523.


LaTeX Warning: Reference `cohomology-remark-support-cup-product-global' on page
 58 undefined on input line 5531.


LaTeX Warning: Reference `cohomology-remark-support-cup-product-global' on page
 58 undefined on input line 5534.


LaTeX Warning: Reference `cohomology-lemma-support-cup-product' on page 58 unde
fined on input line 5535.

[58] <xymatrix 3x2 278> <xymatrix 3x2 179>

LaTeX Warning: Reference `cohomology-lemma-support-functorial' on page 59 undef
ined on input line 5571.


LaTeX Warning: Reference `duality-lemma-duality-proper-over-field' on page 59 u
ndefined on input line 5593.

[59]

LaTeX Warning: Reference `perfect-lemma-proper-flat-geom-red' on page 60 undefi
ned on input line 5648.


LaTeX Warning: Reference `more-morphisms-section-stein-factorization' on page 6
0 undefined on input line 5651.


LaTeX Warning: Reference `morphisms-lemma-triangle-differentials' on page 60 un
defined on input line 5654.


LaTeX Warning: Reference `morphisms-lemma-etale-at-point' on page 60 undefined 
on input line 5655.


LaTeX Warning: Reference `duality-remark-relative-dualizing-complex' on page 60
 undefined on input line 5682.


LaTeX Warning: Reference `duality-lemma-smooth-proper' on page 60 undefined on 
input line 5684.


LaTeX Warning: Reference `duality-remark-relative-dualizing-complex-relative-cu
p-product' on page 60 undefined on input line 5695.

<xymatrix 2x2 175>

LaTeX Warning: Reference `limits-lemma-descend-finite-presentation' on page 60 
undefined on input line 5708.


LaTeX Warning: Reference `limits-lemma-descend-smooth' on page 60 undefined on 
input line 5709.


LaTeX Warning: Reference `limits-lemma-descend-dimension-d' on page 60 undefine
d on input line 5709.


LaTeX Warning: Reference `limits-lemma-descend-surjective' on page 60 undefined
 on input line 5710.


LaTeX Warning: Reference `limits-lemma-eventually-proper' on page 60 undefined 
on input line 5711.


LaTeX Warning: Reference `cohomology-lemma-base-change-cup-product' on page 60 
undefined on input line 5720.

[60]

LaTeX Warning: Reference `algebra-lemma-reduced-ring-sub-product-fields' on pag
e 61 undefined on input line 5787.


LaTeX Warning: Reference `algebra-lemma-minimal-prime-reduced-ring' on page 61 
undefined on input line 5789.


Overfull \hbox (4.66881pt too wide) in paragraph at lines 5775--5791
[]\T1/lmr/m/n/10 Assume $\OML/lmm/m/it/10 S$ \T1/lmr/m/n/10 is re-duced. Ob-ser
ve that $[] \OT1/lmr/m/n/10 : \OML/lmm/m/it/10 R[]f[]\OT1/lmr/m/n/10 
[] \OMS/lmsy/m/n/10 !
 []


LaTeX Warning: Reference `coherent-lemma-flat-base-change-cohomology' on page 6
1 undefined on input line 5805.


LaTeX Warning: Reference `more-morphisms-theorem-stein-factorization-general' o
n page 61 undefined on input line 5810.


LaTeX Warning: Reference `more-morphisms-lemma-smooth-etale-permanence' on page
 61 undefined on input line 5815.


LaTeX Warning: Reference `cohomology-lemma-relative-Leray' on page 61 undefined
 on input line 5825.


LaTeX Warning: Reference `coherent-lemma-relative-affine-vanishing' on page 61 
undefined on input line 5827.

[61]

LaTeX Warning: Reference `more-morphisms-lemma-etale-nbhd-dominates-smooth' on 
page 62 undefined on input line 5842.


LaTeX Warning: Reference `schemes-lemma-section-immersion' on page 62 undefined
 on input line 5867.


LaTeX Warning: Reference `divisors-lemma-regular-quasi-regular-immersion' on pa
ge 62 undefined on input line 5869.


LaTeX Warning: Reference `divisors-lemma-section-smooth-regular-immersion' on p
age 62 undefined on input line 5871.


LaTeX Warning: Reference `limits-lemma-higher-direct-images-zero-above-dimensio
n-fibre' on page 62 undefined on input line 5883.

[62]

LaTeX Warning: Reference `perfect-lemma-kunneth' on page 63 undefined on input 
line 5926.


LaTeX Warning: Reference `perfect-lemma-kunneth-single-sheaf' on page 63 undefi
ned on input line 5927.


Overfull \hbox (5.20595pt too wide) in paragraph at lines 5948--5953
\T1/lmr/m/n/10 in $\OML/lmm/m/it/10 H[]\OT1/lmr/m/n/10 (\OML/lmm/m/it/10 X \OMS
/lmsy/m/n/10 ^^B[] \OML/lmm/m/it/10 X; \OT1/lmr/m/n/10 
[]) = \OML/lmm/m/it/10 H[]\OT1/lmr/m/n/10 (\OML/lmm/m/it/10 X; \OT1/lmr/m/n/10 

[]) \OMS/lmsy/m/n/10 
[] \OML/lmm/m/it/10 H[]\OT1/lmr/m/n/10 (\OML/lmm/m/it/10 X; \OT1/lmr/m/n/10 
[])$ \T1/lmr/m/n/10 for some $\OML/lmm/m/it/10 b \OMS/lmsy/m/n/10 2 \OML/lmm/m/
it/10 H[]\OT1/lmr/m/n/10 (\OML/lmm/m/it/10 S; \OMS/lmsy/m/n/10 O[]\OT1/lmr/m/n/
10 )$\T1/lmr/m/n/10 . 
 []


LaTeX Warning: Reference `perfect-section-kunneth-complexes' on page 63 undefin
ed on input line 5980.

[63]

LaTeX Warning: Reference `cohomology-remark-cup-with-element-map-total-cohomolo
gy' on page 64 undefined on input line 6076.


LaTeX Warning: Reference `perfect-remark-annoying-compatibility' on page 64 und
efined on input line 6084.


LaTeX Warning: Reference `more-algebra-lemma-splitting-unique' on page 64 undef
ined on input line 6088.

[64]

LaTeX Warning: Reference `limits-lemma-higher-direct-images-zero-above-dimensio
n-fibre' on page 65 undefined on input line 6133.


Overfull \hbox (17.09686pt too wide) in paragraph at lines 6157--6164
\T1/lmr/m/n/10 For ev-ery in-te-ger $\OML/lmm/m/it/10 p \OT1/lmr/m/n/10 = 0\OML
/lmm/m/it/10 ; \OT1/lmr/m/n/10 1\OML/lmm/m/it/10 ; [] ; n$ \T1/lmr/m/n/10 this 
map an-ni-hi-lates the sub-com-plex $[]\OT1/lmr/m/n/10 (\OML/lmm/m/it/10 ^^[[]\
OT1/lmr/m/n/10 
[] \OMS/lmsy/m/n/10 
[]
 []

<xymatrix 1x5 186> <xymatrix 1x5 186> [65]

LaTeX Warning: Reference `derived-lemma-third-isomorphism-triangle' on page 66 
undefined on input line 6247.

<xymatrix 2x2 168> <xymatrix 2x2 168> <xymatrix 2x2 171> [66] <xymatrix 2x2
171>
Overfull \hbox (8.36584pt too wide) detected at line 6306
[]
 []

<xymatrix 2x2 154> (chapters.tex

LaTeX Warning: Hyper reference `introduction-section-phantom' on page 67 undefi
ned on input line 5.


LaTeX Warning: Hyper reference `conventions-section-phantom' on page 67 undefin
ed on input line 6.


LaTeX Warning: Hyper reference `sets-section-phantom' on page 67 undefined on i
nput line 7.


LaTeX Warning: Hyper reference `categories-section-phantom' on page 67 undefine
d on input line 8.


LaTeX Warning: Hyper reference `topology-section-phantom' on page 67 undefined 
on input line 9.


LaTeX Warning: Hyper reference `sheaves-section-phantom' on page 67 undefined o
n input line 10.


LaTeX Warning: Hyper reference `sites-section-phantom' on page 67 undefined on 
input line 11.


LaTeX Warning: Hyper reference `stacks-section-phantom' on page 67 undefined on
 input line 12.


LaTeX Warning: Hyper reference `fields-section-phantom' on page 67 undefined on
 input line 13.


LaTeX Warning: Hyper reference `algebra-section-phantom' on page 67 undefined o
n input line 14.


LaTeX Warning: Hyper reference `brauer-section-phantom' on page 67 undefined on
 input line 15.


LaTeX Warning: Hyper reference `homology-section-phantom' on page 67 undefined 
on input line 16.


LaTeX Warning: Hyper reference `derived-section-phantom' on page 67 undefined o
n input line 17.


LaTeX Warning: Hyper reference `simplicial-section-phantom' on page 67 undefine
d on input line 18.


LaTeX Warning: Hyper reference `more-algebra-section-phantom' on page 67 undefi
ned on input line 19.


LaTeX Warning: Hyper reference `smoothing-section-phantom' on page 67 undefined
 on input line 20.


LaTeX Warning: Hyper reference `modules-section-phantom' on page 67 undefined o
n input line 21.


LaTeX Warning: Hyper reference `sites-modules-section-phantom' on page 67 undef
ined on input line 22.


LaTeX Warning: Hyper reference `injectives-section-phantom' on page 67 undefine
d on input line 23.


LaTeX Warning: Hyper reference `cohomology-section-phantom' on page 67 undefine
d on input line 24.


LaTeX Warning: Hyper reference `sites-cohomology-section-phantom' on page 67 un
defined on input line 25.


LaTeX Warning: Hyper reference `dga-section-phantom' on page 67 undefined on in
put line 26.


LaTeX Warning: Hyper reference `dpa-section-phantom' on page 67 undefined on in
put line 27.


LaTeX Warning: Hyper reference `sdga-section-phantom' on page 67 undefined on i
nput line 28.


LaTeX Warning: Hyper reference `hypercovering-section-phantom' on page 67 undef
ined on input line 29.


LaTeX Warning: Hyper reference `schemes-section-phantom' on page 67 undefined o
n input line 34.


LaTeX Warning: Hyper reference `constructions-section-phantom' on page 67 undef
ined on input line 35.


LaTeX Warning: Hyper reference `properties-section-phantom' on page 67 undefine
d on input line 36.


LaTeX Warning: Hyper reference `morphisms-section-phantom' on page 67 undefined
 on input line 37.


LaTeX Warning: Hyper reference `coherent-section-phantom' on page 67 undefined 
on input line 38.


LaTeX Warning: Hyper reference `divisors-section-phantom' on page 67 undefined 
on input line 39.


LaTeX Warning: Hyper reference `limits-section-phantom' on page 67 undefined on
 input line 40.


LaTeX Warning: Hyper reference `varieties-section-phantom' on page 67 undefined
 on input line 41.


LaTeX Warning: Hyper reference `topologies-section-phantom' on page 67 undefine
d on input line 42.


LaTeX Warning: Hyper reference `descent-section-phantom' on page 67 undefined o
n input line 43.


LaTeX Warning: Hyper reference `perfect-section-phantom' on page 67 undefined o
n input line 44.


LaTeX Warning: Hyper reference `more-morphisms-section-phantom' on page 67 unde
fined on input line 45.


LaTeX Warning: Hyper reference `flat-section-phantom' on page 67 undefined on i
nput line 46.


LaTeX Warning: Hyper reference `groupoids-section-phantom' on page 67 undefined
 on input line 47.


LaTeX Warning: Hyper reference `more-groupoids-section-phantom' on page 67 unde
fined on input line 48.


LaTeX Warning: Hyper reference `etale-section-phantom' on page 67 undefined on 
input line 49.


LaTeX Warning: Hyper reference `chow-section-phantom' on page 67 undefined on i
nput line 54.


LaTeX Warning: Hyper reference `intersection-section-phantom' on page 67 undefi
ned on input line 55.


LaTeX Warning: Hyper reference `pic-section-phantom' on page 67 undefined on in
put line 56.


LaTeX Warning: Hyper reference `weil-section-phantom' on page 67 undefined on i
nput line 57.


LaTeX Warning: Hyper reference `adequate-section-phantom' on page 67 undefined 
on input line 58.


LaTeX Warning: Hyper reference `dualizing-section-phantom' on page 67 undefined
 on input line 59.


LaTeX Warning: Hyper reference `duality-section-phantom' on page 67 undefined o
n input line 60.


LaTeX Warning: Hyper reference `discriminant-section-phantom' on page 67 undefi
ned on input line 61.


LaTeX Warning: Hyper reference `local-cohomology-section-phantom' on page 67 un
defined on input line 63.


LaTeX Warning: Hyper reference `algebraization-section-phantom' on page 67 unde
fined on input line 64.


LaTeX Warning: Hyper reference `curves-section-phantom' on page 67 undefined on
 input line 65.


LaTeX Warning: Hyper reference `resolve-section-phantom' on page 67 undefined o
n input line 66.


LaTeX Warning: Hyper reference `models-section-phantom' on page 67 undefined on
 input line 67.


LaTeX Warning: Hyper reference `functors-section-phantom' on page 67 undefined 
on input line 68.

[67]

LaTeX Warning: Hyper reference `equiv-section-phantom' on page 68 undefined on 
input line 69.


LaTeX Warning: Hyper reference `pione-section-phantom' on page 68 undefined on 
input line 70.


LaTeX Warning: Hyper reference `etale-cohomology-section-phantom' on page 68 un
defined on input line 71.


LaTeX Warning: Hyper reference `crystalline-section-phantom' on page 68 undefin
ed on input line 72.


LaTeX Warning: Hyper reference `proetale-section-phantom' on page 68 undefined 
on input line 73.


LaTeX Warning: Hyper reference `relative-cycles-section-phantom' on page 68 und
efined on input line 74.


LaTeX Warning: Hyper reference `more-etale-section-phantom' on page 68 undefine
d on input line 75.


LaTeX Warning: Hyper reference `trace-section-phantom' on page 68 undefined on 
input line 76.


LaTeX Warning: Hyper reference `spaces-section-phantom' on page 68 undefined on
 input line 81.


LaTeX Warning: Hyper reference `spaces-properties-section-phantom' on page 68 u
ndefined on input line 82.


LaTeX Warning: Hyper reference `spaces-morphisms-section-phantom' on page 68 un
defined on input line 83.


LaTeX Warning: Hyper reference `decent-spaces-section-phantom' on page 68 undef
ined on input line 84.


LaTeX Warning: Hyper reference `spaces-cohomology-section-phantom' on page 68 u
ndefined on input line 85.


LaTeX Warning: Hyper reference `spaces-limits-section-phantom' on page 68 undef
ined on input line 86.


LaTeX Warning: Hyper reference `spaces-divisors-section-phantom' on page 68 und
efined on input line 87.


LaTeX Warning: Hyper reference `spaces-over-fields-section-phantom' on page 68 
undefined on input line 88.


LaTeX Warning: Hyper reference `spaces-topologies-section-phantom' on page 68 u
ndefined on input line 89.


LaTeX Warning: Hyper reference `spaces-descent-section-phantom' on page 68 unde
fined on input line 90.


LaTeX Warning: Hyper reference `spaces-perfect-section-phantom' on page 68 unde
fined on input line 91.


LaTeX Warning: Hyper reference `spaces-more-morphisms-section-phantom' on page 
68 undefined on input line 92.


LaTeX Warning: Hyper reference `spaces-flat-section-phantom' on page 68 undefin
ed on input line 93.


LaTeX Warning: Hyper reference `spaces-groupoids-section-phantom' on page 68 un
defined on input line 94.


LaTeX Warning: Hyper reference `spaces-more-groupoids-section-phantom' on page 
68 undefined on input line 95.


LaTeX Warning: Hyper reference `bootstrap-section-phantom' on page 68 undefined
 on input line 96.


LaTeX Warning: Hyper reference `spaces-pushouts-section-phantom' on page 68 und
efined on input line 97.


LaTeX Warning: Hyper reference `spaces-chow-section-phantom' on page 68 undefin
ed on input line 102.


LaTeX Warning: Hyper reference `groupoids-quotients-section-phantom' on page 68
 undefined on input line 103.


LaTeX Warning: Hyper reference `spaces-more-cohomology-section-phantom' on page
 68 undefined on input line 104.


LaTeX Warning: Hyper reference `spaces-simplicial-section-phantom' on page 68 u
ndefined on input line 105.


LaTeX Warning: Hyper reference `spaces-duality-section-phantom' on page 68 unde
fined on input line 106.


LaTeX Warning: Hyper reference `formal-spaces-section-phantom' on page 68 undef
ined on input line 107.


LaTeX Warning: Hyper reference `restricted-section-phantom' on page 68 undefine
d on input line 108.


LaTeX Warning: Hyper reference `spaces-resolve-section-phantom' on page 68 unde
fined on input line 109.


LaTeX Warning: Hyper reference `formal-defos-section-phantom' on page 68 undefi
ned on input line 114.


LaTeX Warning: Hyper reference `defos-section-phantom' on page 68 undefined on 
input line 115.


LaTeX Warning: Hyper reference `cotangent-section-phantom' on page 68 undefined
 on input line 116.


LaTeX Warning: Hyper reference `examples-defos-section-phantom' on page 68 unde
fined on input line 117.


LaTeX Warning: Hyper reference `algebraic-section-phantom' on page 68 undefined
 on input line 122.


LaTeX Warning: Hyper reference `examples-stacks-section-phantom' on page 68 und
efined on input line 123.


LaTeX Warning: Hyper reference `stacks-sheaves-section-phantom' on page 68 unde
fined on input line 124.


LaTeX Warning: Hyper reference `criteria-section-phantom' on page 68 undefined 
on input line 125.


LaTeX Warning: Hyper reference `artin-section-phantom' on page 68 undefined on 
input line 126.


LaTeX Warning: Hyper reference `quot-section-phantom' on page 68 undefined on i
nput line 127.


LaTeX Warning: Hyper reference `stacks-properties-section-phantom' on page 68 u
ndefined on input line 128.


LaTeX Warning: Hyper reference `stacks-morphisms-section-phantom' on page 68 un
defined on input line 129.


LaTeX Warning: Hyper reference `stacks-limits-section-phantom' on page 68 undef
ined on input line 130.


LaTeX Warning: Hyper reference `stacks-cohomology-section-phantom' on page 68 u
ndefined on input line 131.


LaTeX Warning: Hyper reference `stacks-perfect-section-phantom' on page 68 unde
fined on input line 132.


LaTeX Warning: Hyper reference `stacks-introduction-section-phantom' on page 68
 undefined on input line 133.


LaTeX Warning: Hyper reference `stacks-more-morphisms-section-phantom' on page 
68 undefined on input line 134.


LaTeX Warning: Hyper reference `stacks-geometry-section-phantom' on page 68 und
efined on input line 135.


LaTeX Warning: Hyper reference `moduli-section-phantom' on page 68 undefined on
 input line 140.


LaTeX Warning: Hyper reference `moduli-curves-section-phantom' on page 68 undef
ined on input line 141.


LaTeX Warning: Hyper reference `examples-section-phantom' on page 68 undefined 
on input line 146.


LaTeX Warning: Hyper reference `exercises-section-phantom' on page 68 undefined
 on input line 147.


LaTeX Warning: Hyper reference `guide-section-phantom' on page 68 undefined on 
input line 148.


LaTeX Warning: Hyper reference `desirables-section-phantom' on page 68 undefine
d on input line 149.


LaTeX Warning: Hyper reference `coding-section-phantom' on page 68 undefined on
 input line 150.


LaTeX Warning: Hyper reference `obsolete-section-phantom' on page 68 undefined 
on input line 151.


LaTeX Warning: Hyper reference `fdl-section-phantom' on page 68 undefined on in
put line 152.


LaTeX Warning: Hyper reference `index-section-phantom' on page 68 undefined on 
input line 153.

) (derham.bbl) [68] (derham.aux)
 ***********
LaTeX2e <2025-11-01>
L3 programming layer <2026-03-20>
 ***********


LaTeX Warning: There were undefined references.

Package rerunfilecheck Info: File `derham.out' has not changed.
(rerunfilecheck)             Checksum: 1608913A8F4132EAC91EB9064B077745;4996.
 ) 
Here is how much of TeX's memory you used:
 14289 strings out of 467691
 223525 string characters out of 5414503
 690221 words of memory out of 5000000
 42358 multiletter control sequences out of 15000+600000
 724427 words of font info for 101 fonts, out of 8000000 for 9000
 1302 hyphenation exceptions out of 8191
 80i,18n,82p,3236b,844s stack positions out of 10000i,1000n,20000p,200000b,200000s
<<USER_ROOT>/AppData/Local/Programs/MiKTeX/fonts/type1/public/amsfonts/eu
ler/eufm10.pfb><<USER_ROOT>/AppData/Local/Programs/MiKTeX/fonts/type1/publi
c/amsfonts/euler/eufm5.pfb><<USER_ROOT>/AppData/Local/Programs/MiKTeX/fonts
/type1/public/amsfonts/euler/eufm7.pfb><<USER_ROOT>/AppData/Local/Programs/
MiKTeX/fonts/type1/public/lm/lmbx10.pfb><<USER_ROOT>/AppData/Local/Programs
/MiKTeX/fonts/type1/public/lm/lmbx5.pfb><<USER_ROOT>/AppData/Local/Programs
/MiKTeX/fonts/type1/public/lm/lmbx7.pfb><<USER_ROOT>/AppData/Local/Programs
/MiKTeX/fonts/type1/public/lm/lmbx8.pfb><<USER_ROOT>/AppData/Local/Programs
/MiKTeX/fonts/type1/public/lm/lmex10.pfb><<USER_ROOT>/AppData/Local/Program
s/MiKTeX/fonts/type1/public/lm/lmmi10.pfb><<USER_ROOT>/AppData/Local/Progra
ms/MiKTeX/fonts/type1/public/lm/lmmi5.pfb><<USER_ROOT>/AppData/Local/Progra
ms/MiKTeX/fonts/type1/public/lm/lmmi6.pfb><<USER_ROOT>/AppData/Local/Progra
ms/MiKTeX/fonts/type1/public/lm/lmmi7.pfb><<USER_ROOT>/AppData/Local/Progra
ms/MiKTeX/fonts/type1/public/lm/lmmi8.pfb><<USER_ROOT>/AppData/Local/Progra
ms/MiKTeX/fonts/type1/public/lm/lmr10.pfb><<USER_ROOT>/AppData/Local/Progra
ms/MiKTeX/fonts/type1/public/lm/lmr5.pfb><<USER_ROOT>/AppData/Local/Program
s/MiKTeX/fonts/type1/public/lm/lmr6.pfb><<USER_ROOT>/AppData/Local/Programs
/MiKTeX/fonts/type1/public/lm/lmr7.pfb><<USER_ROOT>/AppData/Local/Programs/
MiKTeX/fonts/type1/public/lm/lmr8.pfb><<USER_ROOT>/AppData/Local/Programs/M
iKTeX/fonts/type1/public/lm/lmri10.pfb><<USER_ROOT>/AppData/Local/Programs/
MiKTeX/fonts/type1/public/lm/lmri7.pfb><<USER_ROOT>/AppData/Local/Programs/
MiKTeX/fonts/type1/public/lm/lmri8.pfb><<USER_ROOT>/AppData/Local/Programs/
MiKTeX/fonts/type1/public/lm/lmsy10.pfb><<USER_ROOT>/AppData/Local/Programs
/MiKTeX/fonts/type1/public/lm/lmsy5.pfb><<USER_ROOT>/AppData/Local/Programs
/MiKTeX/fonts/type1/public/lm/lmsy7.pfb><<USER_ROOT>/AppData/Local/Programs
/MiKTeX/fonts/type1/public/lm/lmsy8.pfb><<USER_ROOT>/AppData/Local/Programs
/MiKTeX/fonts/type1/public/amsfonts/symbols/msam10.pfb><<USER_ROOT>/AppData
/Local/Programs/MiKTeX/fonts/type1/public/xypic/xyatip10.pfb><<USER_ROOT>/A
ppData/Local/Programs/MiKTeX/fonts/type1/public/xypic/xybtip10.pfb>
Output written on derham.pdf (68 pages, 843504 bytes).
PDF statistics:
 1219 PDF objects out of 1440 (max. 8388607)
 384 named destinations out of 1000 (max. 500000)
 209 words of extra memory for PDF output out of 10000 (max. 10000000)

