This is pdfTeX, Version 3.141592653-2.6-1.40.29 (MiKTeX 26.5) (preloaded format=pdflatex 2026.8.21)  19 SEP 2026 00:00
entering extended mode
 file:line:error style messages enabled.
 %&-line parsing enabled.
**./spaces-limits.tex
(spaces-limits.tex
LaTeX2e <2025-11-01>
L3 programming layer <2026-03-20>
(preamble.tex (stacks-project.cls
Document Class: stacks-project 
\linespacing=\dimen150
\normalparindent=\dimen151
\normaltopskip=\skip49
(<USER_ROOT>\AppData\Local\Programs\MiKTeX\tex/latex/amsmath\amsmath.sty
Package: amsmath 2025/07/09 v2.17z AMS math features
\@mathmargin=\skip50

For additional information on amsmath, use the `?' option.
(<USER_ROOT>\AppData\Local\Programs\MiKTeX\tex/latex/amsmath\amstext.sty
Package: amstext 2024/11/17 v2.01 AMS text

(<USER_ROOT>\AppData\Local\Programs\MiKTeX\tex/latex/amsmath\amsgen.sty
File: amsgen.sty 1999/11/30 v2.0 generic functions
\@emptytoks=\toks17
\ex@=\dimen152
))
(<USER_ROOT>\AppData\Local\Programs\MiKTeX\tex/latex/amsmath\amsbsy.sty
Package: amsbsy 1999/11/29 v1.2d Bold Symbols
\pmbraise@=\dimen153
)
(<USER_ROOT>\AppData\Local\Programs\MiKTeX\tex/latex/amsmath\amsopn.sty
Package: amsopn 2022/04/08 v2.04 operator names
)
\inf@bad=\count275
LaTeX Info: Redefining \frac on input line 233.
\uproot@=\count276
\leftroot@=\count277
LaTeX Info: Redefining \overline on input line 398.
LaTeX Info: Redefining \colon on input line 409.
\classnum@=\count278
\DOTSCASE@=\count279
LaTeX Info: Redefining \ldots on input line 495.
LaTeX Info: Redefining \dots on input line 498.
LaTeX Info: Redefining \cdots on input line 619.
\Mathstrutbox@=\box53
\strutbox@=\box54
LaTeX Info: Redefining \big on input line 721.
LaTeX Info: Redefining \Big on input line 722.
LaTeX Info: Redefining \bigg on input line 723.
LaTeX Info: Redefining \Bigg on input line 724.
\big@size=\dimen154
LaTeX Font Info:    Redeclaring font encoding OML on input line 742.
LaTeX Font Info:    Redeclaring font encoding OMS on input line 743.
\macc@depth=\count280
LaTeX Info: Redefining \bmod on input line 904.
LaTeX Info: Redefining \pmod on input line 909.
LaTeX Info: Redefining \smash on input line 939.
LaTeX Info: Redefining \relbar on input line 969.
LaTeX Info: Redefining \Relbar on input line 970.
\c@MaxMatrixCols=\count281
\dotsspace@=\muskip17
\c@parentequation=\count282
\dspbrk@lvl=\count283
\tag@help=\toks18
\row@=\count284
\column@=\count285
\maxfields@=\count286
\andhelp@=\toks19
\eqnshift@=\dimen155
\alignsep@=\dimen156
\tagshift@=\dimen157
\tagwidth@=\dimen158
\totwidth@=\dimen159
\lineht@=\dimen160
\@envbody=\toks20
\multlinegap=\skip51
\multlinetaggap=\skip52
\mathdisplay@stack=\toks21
LaTeX Info: Redefining \[ on input line 2950.
LaTeX Info: Redefining \] on input line 2951.
)
LaTeX Font Info:    Trying to load font information for U+msa on input line 361
.

(<USER_ROOT>\AppData\Local\Programs\MiKTeX\tex/latex/amsfonts\umsa.fd
File: umsa.fd 2013/01/14 v3.01 AMS symbols A
)
(<USER_ROOT>\AppData\Local\Programs\MiKTeX\tex/latex/amsfonts\amsfonts.sty
Package: amsfonts 2013/01/14 v3.01 Basic AMSFonts support
\symAMSa=\mathgroup4
\symAMSb=\mathgroup5
LaTeX Font Info:    Redeclaring math symbol \hbar on input line 98.
LaTeX Font Info:    Overwriting math alphabet `\mathfrak' in version `bold'
(Font)                  U/euf/m/n --> U/euf/b/n on input line 106.
)
\copyins=\insert252
\abstractbox=\box55
\listisep=\skip53
\c@part=\count287
\c@section=\count288
\c@subsection=\count289
\c@subsubsection=\count290
\c@paragraph=\count291
\c@subparagraph=\count292
\c@figure=\count293
\c@table=\count294
\abovecaptionskip=\skip54
\belowcaptionskip=\skip55
\captionindent=\dimen161
\thm@style=\toks22
\thm@bodyfont=\toks23
\thm@headfont=\toks24
\thm@notefont=\toks25
\thm@headpunct=\toks26
\thm@preskip=\skip56
\thm@postskip=\skip57
\thm@headsep=\skip58
\dth@everypar=\toks27
) (<USER_ROOT>\AppData\Local\Programs\MiKTeX\tex/latex/tools\verbatim.sty
Package: verbatim 2024-01-22 v1.5x LaTeX2e package for verbatim enhancements
\every@verbatim=\toks28
\verbatim@line=\toks29
\verbatim@in@stream=\read2
)
(<USER_ROOT>\AppData\Local\Programs\MiKTeX\tex/generic/xypic\xy.sty
(<USER_ROOT>\AppData\Local\Programs\MiKTeX\tex/generic/xypic\xy.tex
Bootstrap'ing: catcodes, docmode,
(<USER_ROOT>\AppData\Local\Programs\MiKTeX\tex/generic/xypic\xyrecat.tex)
(<USER_ROOT>\AppData\Local\Programs\MiKTeX\tex/generic/xypic\xyidioms.tex)

 Xy-pic version 3.8.9 <2013/10/06>
 Copyright (c) 1991-2013 by Kristoffer H. Rose <krisrose@tug.org> and others
 Xy-pic is free software: see the User's Guide for details.

Loading kernel: messages; fonts; allocations: state,
\X@c=\dimen162
\Y@c=\dimen163
\U@c=\dimen164
\D@c=\dimen165
\L@c=\dimen166
\R@c=\dimen167
\Edge@c=\toks30
\X@p=\dimen168
\Y@p=\dimen169
\U@p=\dimen170
\D@p=\dimen171
\L@p=\dimen172
\R@p=\dimen173
\Edge@p=\toks31
\X@origin=\dimen174
\Y@origin=\dimen175
\X@xbase=\dimen176
\Y@xbase=\dimen177
\X@ybase=\dimen178
\Y@ybase=\dimen179
\X@min=\dimen180
\Y@min=\dimen181
\X@max=\dimen182
\Y@max=\dimen183
\lastobjectbox@=\box56
\zerodotbox@=\box57
\almostz@=\dimen184
 direction,
\d@X=\dimen185
\d@Y=\dimen186
\K@=\count295
\KK@=\count296
\Direction=\count297
\K@dXdY=\dimen187
\K@dYdX=\dimen188
\xyread@=\read3
\xywrite@=\write3
\csp@=\count298
\quotPTK@=\dimen189

utility macros; pictures: \xy, positions,
\swaptoks@@=\toks32
\connectobjectbox@@=\box58
 objects,
\styletoks@=\toks33
 decorations;
kernel objects: directionals, circles, text; options; algorithms: directions,
edges, connections;  Xy-pic loaded)
(<USER_ROOT>\AppData\Local\Programs\MiKTeX\tex/generic/iftex\ifpdf.sty
Package: ifpdf 2019/10/25 v3.4 ifpdf legacy package. Use iftex instead.

(<USER_ROOT>\AppData\Local\Programs\MiKTeX\tex/generic/iftex\iftex.sty
Package: iftex 2024/12/12 v1.0g TeX engine tests
))
Package: xy 2013/10/06 Xy-pic version 3.8.9

(<USER_ROOT>\AppData\Local\Programs\MiKTeX\tex/generic/xypic\xyall.tex
 Xy-pic option: All features v.3.8
(<USER_ROOT>\AppData\Local\Programs\MiKTeX\tex/generic/xypic\xycurve.tex
 Xy-pic option: Curve and Spline extension v.3.12 curve,
\crv@cnt@=\count299
\crvpts@=\toks34
\splinebox@=\box59
\splineval@=\dimen190
\splinedepth@=\dimen191
\splinetol@=\dimen192
\splinelength@=\dimen193
 circles,
\L@=\dimen194
 loaded)
(<USER_ROOT>\AppData\Local\Programs\MiKTeX\tex/generic/xypic\xyframe.tex
 Xy-pic option: Frame and Bracket extension v.3.14 loaded)
(<USER_ROOT>\AppData\Local\Programs\MiKTeX\tex/generic/xypic\xycmtip.tex
 Xy-pic option: Computer Modern tip extension v.3.7
(<USER_ROOT>\AppData\Local\Programs\MiKTeX\tex/generic/xypic\xytips.tex
 Xy-pic option: More Tips extension v.3.11 loaded) loaded)
(<USER_ROOT>\AppData\Local\Programs\MiKTeX\tex/generic/xypic\xyline.tex
 Xy-pic option: Line styles extension v.3.10
\xylinethick@=\dimen195
 loaded)
(<USER_ROOT>\AppData\Local\Programs\MiKTeX\tex/generic/xypic\xyrotate.tex
 Xy-pic option: Rotate and Scale extension v.3.8 loaded)
(<USER_ROOT>\AppData\Local\Programs\MiKTeX\tex/generic/xypic\xycolor.tex
 Xy-pic option: Colour extension v.3.11 loaded)
(<USER_ROOT>\AppData\Local\Programs\MiKTeX\tex/generic/xypic\xymatrix.tex
 Xy-pic option: Matrix feature v.3.14
\Row=\count300
\Col=\count301
\queue@=\toks35
\queue@@=\toks36
\qcount@=\count302
\qcount@@=\count303
\matrixsize@=\count304
 loaded)
(<USER_ROOT>\AppData\Local\Programs\MiKTeX\tex/generic/xypic\xyarrow.tex
 Xy-pic option: Arrow and Path feature v.3.9 path, \ar, loaded)
(<USER_ROOT>\AppData\Local\Programs\MiKTeX\tex/generic/xypic\xygraph.tex
 Xy-pic option: Graph feature v.3.11 loaded) loaded)
(<USER_ROOT>\AppData\Local\Programs\MiKTeX\tex/generic/xypic\xypdf.tex
 Xy-pic option: PDF driver v.1.7 Xy-pic pdf driver: `color' extension support
(<USER_ROOT>\AppData\Local\Programs\MiKTeX\tex/generic/xypic\xypdf-co.tex
loaded) Xy-pic pdf driver: `curve' extension support
(<USER_ROOT>\AppData\Local\Programs\MiKTeX\tex/generic/xypic\xypdf-cu.tex
loaded) Xy-pic pdf driver: `frame' extension support
(<USER_ROOT>\AppData\Local\Programs\MiKTeX\tex/generic/xypic\xypdf-fr.tex
loaded) Xy-pic pdf driver: `line' extension support
(<USER_ROOT>\AppData\Local\Programs\MiKTeX\tex/generic/xypic\xypdf-li.tex
loaded) Xy-pic pdf driver: `rotate' extension support
(<USER_ROOT>\AppData\Local\Programs\MiKTeX\tex/generic/xypic\xypdf-ro.tex
loaded) loaded))
(<USER_ROOT>\AppData\Local\Programs\MiKTeX\tex/generic/xypic\xy2cell.tex
 Xy-pic option: Two-cell feature v.3.7 two-cells, loaded)
(<USER_ROOT>\AppData\Local\Programs\MiKTeX\tex/latex/tools\multicol.sty
Package: multicol 2025/10/21 v2.0b multicolumn formatting (FMi)
\c@tracingmulticols=\count305
\mult@box=\box60
\multicol@leftmargin=\dimen196
\c@unbalance=\count306
\c@collectmore=\count307
\doublecol@number=\count308
\multicoltolerance=\count309
\multicolpretolerance=\count310
\full@width=\dimen197
\page@free=\dimen198
\premulticols=\dimen199
\postmulticols=\dimen256
\multicolsep=\skip59
\multicolbaselineskip=\skip60
\partial@page=\box61
\last@line=\box62
\mc@boxedresult=\box63
\maxbalancingoverflow=\dimen257
\mult@rightbox=\box64
\mult@grightbox=\box65
\mult@firstbox=\box66
\mult@gfirstbox=\box67
\@tempa=\box68
\@tempa=\box69
\@tempa=\box70
\@tempa=\box71
\@tempa=\box72
\@tempa=\box73
\@tempa=\box74
\@tempa=\box75
\@tempa=\box76
\@tempa=\box77
\@tempa=\box78
\@tempa=\box79
\@tempa=\box80
\@tempa=\box81
\@tempa=\box82
\@tempa=\box83
\@tempa=\box84
\@tempa=\box85
\@tempa=\box86
\@tempa=\box87
\@tempa=\box88
\@tempa=\box89
\@tempa=\box90
\@tempa=\box91
\@tempa=\box92
\@tempa=\box93
\@tempa=\box94
\@tempa=\box95
\@tempa=\box96
\@tempa=\box97
\@tempa=\box98
\@tempa=\box99
\@tempa=\box100
\@tempa=\box101
\@tempa=\box102
\@tempa=\box103
\c@minrows=\count311
\c@columnbadness=\count312
\c@finalcolumnbadness=\count313
\last@try=\dimen258
\multicolovershoot=\dimen259
\multicolundershoot=\dimen260
\mult@nat@firstbox=\box104
\colbreak@box=\box105
\mc@col@check@num=\count314
\g__mc_curr_col_int=\count315
)
(<USER_ROOT>\AppData\Local\Programs\MiKTeX\tex/latex/lm\lmodern.sty
Package: lmodern 2015/05/01 v1.6.1 Latin Modern Fonts
LaTeX Font Info:    Overwriting symbol font `operators' in version `normal'
(Font)                  OT1/cmr/m/n --> OT1/lmr/m/n on input line 22.
LaTeX Font Info:    Overwriting symbol font `letters' in version `normal'
(Font)                  OML/cmm/m/it --> OML/lmm/m/it on input line 23.
LaTeX Font Info:    Overwriting symbol font `symbols' in version `normal'
(Font)                  OMS/cmsy/m/n --> OMS/lmsy/m/n on input line 24.
LaTeX Font Info:    Overwriting symbol font `largesymbols' in version `normal'
(Font)                  OMX/cmex/m/n --> OMX/lmex/m/n on input line 25.
LaTeX Font Info:    Overwriting symbol font `operators' in version `bold'
(Font)                  OT1/cmr/bx/n --> OT1/lmr/bx/n on input line 26.
LaTeX Font Info:    Overwriting symbol font `letters' in version `bold'
(Font)                  OML/cmm/b/it --> OML/lmm/b/it on input line 27.
LaTeX Font Info:    Overwriting symbol font `symbols' in version `bold'
(Font)                  OMS/cmsy/b/n --> OMS/lmsy/b/n on input line 28.
LaTeX Font Info:    Overwriting symbol font `largesymbols' in version `bold'
(Font)                  OMX/cmex/m/n --> OMX/lmex/m/n on input line 29.
LaTeX Font Info:    Overwriting math alphabet `\mathbf' in version `normal'
(Font)                  OT1/cmr/bx/n --> OT1/lmr/bx/n on input line 31.
LaTeX Font Info:    Overwriting math alphabet `\mathsf' in version `normal'
(Font)                  OT1/cmss/m/n --> OT1/lmss/m/n on input line 32.
LaTeX Font Info:    Overwriting math alphabet `\mathit' in version `normal'
(Font)                  OT1/cmr/m/it --> OT1/lmr/m/it on input line 33.
LaTeX Font Info:    Overwriting math alphabet `\mathtt' in version `normal'
(Font)                  OT1/cmtt/m/n --> OT1/lmtt/m/n on input line 34.
LaTeX Font Info:    Overwriting math alphabet `\mathbf' in version `bold'
(Font)                  OT1/cmr/bx/n --> OT1/lmr/bx/n on input line 35.
LaTeX Font Info:    Overwriting math alphabet `\mathsf' in version `bold'
(Font)                  OT1/cmss/bx/n --> OT1/lmss/bx/n on input line 36.
LaTeX Font Info:    Overwriting math alphabet `\mathit' in version `bold'
(Font)                  OT1/cmr/bx/it --> OT1/lmr/bx/it on input line 37.
LaTeX Font Info:    Overwriting math alphabet `\mathtt' in version `bold'
(Font)                  OT1/cmtt/m/n --> OT1/lmtt/m/n on input line 38.
)
(<USER_ROOT>\AppData\Local\Programs\MiKTeX\tex/latex/base\fontenc.sty
Package: fontenc 2025/07/18 v2.1d Standard LaTeX package
LaTeX Font Info:    Trying to load font information for T1+lmr on input line 11
6.

(<USER_ROOT>\AppData\Local\Programs\MiKTeX\tex/latex/lm\t1lmr.fd
File: t1lmr.fd 2015/05/01 v1.6.1 Font defs for Latin Modern
))
(<USER_ROOT>\AppData\Local\Programs\MiKTeX\tex/latex/hyperref\xr-hyper.sty
Package: xr-hyper 2026-04-24 v7.01q eXternal References (DPC)
) (<USER_ROOT>\AppData\Local\Programs\MiKTeX\tex/latex/hyperref\hyperref.st
y
Package: hyperref 2026-04-24 v7.01q Hypertext links for LaTeX
(<USER_ROOT>\AppData\Local\Programs\MiKTeX\tex/latex/graphics\keyval.sty
Package: keyval 2022/05/29 v1.15 key=value parser (DPC)
\KV@toks@=\toks37
)
(<USER_ROOT>\AppData\Local\Programs\MiKTeX\tex/latex/kvsetkeys\kvsetkeys.st
y
Package: kvsetkeys 2022-10-05 v1.19 Key value parser (HO)
)
(<USER_ROOT>\AppData\Local\Programs\MiKTeX\tex/generic/kvdefinekeys\kvdefin
ekeys.sty
Package: kvdefinekeys 2019-12-19 v1.6 Define keys (HO)
)
(<USER_ROOT>\AppData\Local\Programs\MiKTeX\tex/generic/pdfescape\pdfescape.
sty
Package: pdfescape 2019/12/09 v1.15 Implements pdfTeX's escape features (HO)

(<USER_ROOT>\AppData\Local\Programs\MiKTeX\tex/generic/ltxcmds\ltxcmds.sty
Package: ltxcmds 2023-12-04 v1.26 LaTeX kernel commands for general use (HO)
)
(<USER_ROOT>\AppData\Local\Programs\MiKTeX\tex/generic/pdftexcmds\pdftexcmd
s.sty
Package: pdftexcmds 2020-06-27 v0.33 Utility functions of pdfTeX for LuaTeX (HO
)

(<USER_ROOT>\AppData\Local\Programs\MiKTeX\tex/generic/infwarerr\infwarerr.
sty
Package: infwarerr 2019/12/03 v1.5 Providing info/warning/error messages (HO)
)
Package pdftexcmds Info: \pdf@primitive is available.
Package pdftexcmds Info: \pdf@ifprimitive is available.
Package pdftexcmds Info: \pdfdraftmode found.
))
(<USER_ROOT>\AppData\Local\Programs\MiKTeX\tex/latex/hycolor\hycolor.sty
Package: hycolor 2020-01-27 v1.10 Color options for hyperref/bookmark (HO)
)
(<USER_ROOT>\AppData\Local\Programs\MiKTeX\tex/latex/hyperref\nameref.sty
Package: nameref 2026-01-29 v2.58 Cross-referencing by name of section

(<USER_ROOT>\AppData\Local\Programs\MiKTeX\tex/latex/refcount\refcount.sty
Package: refcount 2019/12/15 v3.6 Data extraction from label references (HO)
)
(<USER_ROOT>\AppData\Local\Programs\MiKTeX\tex/generic/gettitlestring\getti
tlestring.sty
Package: gettitlestring 2019/12/15 v1.6 Cleanup title references (HO)

(<USER_ROOT>\AppData\Local\Programs\MiKTeX\tex/latex/kvoptions\kvoptions.st
y
Package: kvoptions 2022-06-15 v3.15 Key value format for package options (HO)
))
\c@section@level=\count316
)
(<USER_ROOT>\AppData\Local\Programs\MiKTeX\tex/latex/etoolbox\etoolbox.sty
Package: etoolbox 2025/10/02 v2.5m e-TeX tools for LaTeX (JAW)
\etb@tempcnta=\count317
)
(<USER_ROOT>\AppData\Local\Programs\MiKTeX\tex/generic/stringenc\stringenc.
sty
Package: stringenc 2019/11/29 v1.12 Convert strings between diff. encodings (HO
)
)
\@linkdim=\dimen261
\Hy@linkcounter=\count318
\Hy@pagecounter=\count319

(<USER_ROOT>\AppData\Local\Programs\MiKTeX\tex/latex/hyperref\pd1enc.def
File: pd1enc.def 2026-04-24 v7.01q Hyperref: PDFDocEncoding definition (HO)
Now handling font encoding PD1 ...
... no UTF-8 mapping file for font encoding PD1
)
(<USER_ROOT>\AppData\Local\Programs\MiKTeX\tex/generic/intcalc\intcalc.sty
Package: intcalc 2019/12/15 v1.3 Expandable calculations with integers (HO)
)
\Hy@SavedSpaceFactor=\count320
(<USER_ROOT>\AppData\Local\Programs\MiKTeX\tex/latex/hyperref\puenc.def
File: puenc.def 2026-04-24 v7.01q Hyperref: PDF Unicode definition (HO)
Now handling font encoding PU ...
... no UTF-8 mapping file for font encoding PU
)
(hyperref.cfg
File: hyperref.cfg 
)
Package hyperref Info: Hyper figures OFF on input line 4199.
Package hyperref Info: Link nesting OFF on input line 4204.
Package hyperref Info: Hyper index ON on input line 4207.
Package hyperref Info: Plain pages OFF on input line 4214.
Package hyperref Info: Backreferencing OFF on input line 4219.
Package hyperref Info: Implicit mode ON; LaTeX internals redefined.
Package hyperref Info: Bookmarks ON on input line 4466.
\c@Hy@tempcnt=\count321

(<USER_ROOT>\AppData\Local\Programs\MiKTeX\tex/latex/url\url.sty
\Urlmuskip=\muskip18
Package: url 2013/09/16  ver 3.4  Verb mode for urls, etc.
)
LaTeX Info: Redefining \url on input line 4805.
\XeTeXLinkMargin=\dimen262

(<USER_ROOT>\AppData\Local\Programs\MiKTeX\tex/generic/bitset\bitset.sty
Package: bitset 2019/12/09 v1.3 Handle bit-vector datatype (HO)

(<USER_ROOT>\AppData\Local\Programs\MiKTeX\tex/generic/bigintcalc\bigintcal
c.sty
Package: bigintcalc 2019/12/15 v1.5 Expandable calculations on big integers (HO
)
))
\Fld@menulength=\count322
\Field@Width=\dimen263
\Fld@charsize=\dimen264
Package hyperref Info: Hyper figures OFF on input line 6091.
Package hyperref Info: Link nesting OFF on input line 6096.
Package hyperref Info: Hyper index ON on input line 6099.
Package hyperref Info: backreferencing OFF on input line 6106.
Package hyperref Info: Link coloring OFF on input line 6111.
Package hyperref Info: Link coloring with OCG OFF on input line 6116.
Package hyperref Info: PDF/A mode OFF on input line 6121.
\Hy@abspage=\count323
\c@Item=\count324
\c@Hfootnote=\count325
)
Package hyperref Info: Driver (autodetected): hpdftex.

(<USER_ROOT>\AppData\Local\Programs\MiKTeX\tex/latex/hyperref\hpdftex.def
File: hpdftex.def 2026-04-24 v7.01q Hyperref driver for pdfTeX
\Fld@listcount=\count326
\c@bookmark@seq@number=\count327

(<USER_ROOT>\AppData\Local\Programs\MiKTeX\tex/latex/rerunfilecheck\rerunfi
lecheck.sty
Package: rerunfilecheck 2025-06-21 v1.11 Rerun checks for auxiliary files (HO)

(<USER_ROOT>\AppData\Local\Programs\MiKTeX\tex/generic/uniquecounter\unique
counter.sty
Package: uniquecounter 2019/12/15 v1.4 Provide unlimited unique counter (HO)
)
Package uniquecounter Info: New unique counter `rerunfilecheck' on input line 2
84.
)
\Hy@SectionHShift=\skip61
)

Package xr Warning: 
No file introduction.aux
LABELS NOT IMPORTED.
 on input line 37.


Package xr Warning: 
No file conventions.aux
LABELS NOT IMPORTED.
 on input line 38.


Package xr Warning: 
No file sets.aux
LABELS NOT IMPORTED.
 on input line 39.


Package xr Warning: 
No file categories.aux
LABELS NOT IMPORTED.
 on input line 40.


Package xr Warning: 
No file topology.aux
LABELS NOT IMPORTED.
 on input line 41.


Package xr Warning: 
No file sheaves.aux
LABELS NOT IMPORTED.
 on input line 42.


Package xr Warning: 
No file sites.aux
LABELS NOT IMPORTED.
 on input line 43.


Package xr Warning: 
No file stacks.aux
LABELS NOT IMPORTED.
 on input line 44.


Package xr Warning: 
No file fields.aux
LABELS NOT IMPORTED.
 on input line 45.


Package xr Warning: 
No file algebra.aux
LABELS NOT IMPORTED.
 on input line 46.


Package xr Warning: 
No file brauer.aux
LABELS NOT IMPORTED.
 on input line 47.


Package xr Warning: 
No file homology.aux
LABELS NOT IMPORTED.
 on input line 48.


Package xr Warning: 
No file derived.aux
LABELS NOT IMPORTED.
 on input line 49.


Package xr Warning: 
No file simplicial.aux
LABELS NOT IMPORTED.
 on input line 50.


Package xr Warning: 
No file more-algebra.aux
LABELS NOT IMPORTED.
 on input line 51.


Package xr Warning: 
No file smoothing.aux
LABELS NOT IMPORTED.
 on input line 52.


Package xr Warning: 
No file modules.aux
LABELS NOT IMPORTED.
 on input line 53.


Package xr Warning: 
No file sites-modules.aux
LABELS NOT IMPORTED.
 on input line 54.


Package xr Warning: 
No file injectives.aux
LABELS NOT IMPORTED.
 on input line 55.


Package xr Warning: 
No file cohomology.aux
LABELS NOT IMPORTED.
 on input line 56.


Package xr Warning: 
No file sites-cohomology.aux
LABELS NOT IMPORTED.
 on input line 57.


Package xr Warning: 
No file dga.aux
LABELS NOT IMPORTED.
 on input line 58.


Package xr Warning: 
No file dpa.aux
LABELS NOT IMPORTED.
 on input line 59.


Package xr Warning: 
No file sdga.aux
LABELS NOT IMPORTED.
 on input line 60.


Package xr Warning: 
No file hypercovering.aux
LABELS NOT IMPORTED.
 on input line 61.


Package xr Warning: 
No file schemes.aux
LABELS NOT IMPORTED.
 on input line 62.


Package xr Warning: 
No file constructions.aux
LABELS NOT IMPORTED.
 on input line 63.


Package xr Warning: 
No file properties.aux
LABELS NOT IMPORTED.
 on input line 64.


Package xr Warning: 
No file morphisms.aux
LABELS NOT IMPORTED.
 on input line 65.


Package xr Warning: 
No file coherent.aux
LABELS NOT IMPORTED.
 on input line 66.


Package xr Warning: 
No file divisors.aux
LABELS NOT IMPORTED.
 on input line 67.


Package xr Warning: 
No file limits.aux
LABELS NOT IMPORTED.
 on input line 68.


Package xr Warning: 
No file varieties.aux
LABELS NOT IMPORTED.
 on input line 69.


Package xr Warning: 
No file topologies.aux
LABELS NOT IMPORTED.
 on input line 70.


Package xr Warning: 
No file descent.aux
LABELS NOT IMPORTED.
 on input line 71.


Package xr Warning: 
No file perfect.aux
LABELS NOT IMPORTED.
 on input line 72.


Package xr Warning: 
No file more-morphisms.aux
LABELS NOT IMPORTED.
 on input line 73.


Package xr Warning: 
No file flat.aux
LABELS NOT IMPORTED.
 on input line 74.


Package xr Warning: 
No file groupoids.aux
LABELS NOT IMPORTED.
 on input line 75.


Package xr Warning: 
No file more-groupoids.aux
LABELS NOT IMPORTED.
 on input line 76.


Package xr Warning: 
No file etale.aux
LABELS NOT IMPORTED.
 on input line 77.


Package xr Warning: 
No file chow.aux
LABELS NOT IMPORTED.
 on input line 78.


Package xr Warning: 
No file intersection.aux
LABELS NOT IMPORTED.
 on input line 79.


Package xr Warning: 
No file pic.aux
LABELS NOT IMPORTED.
 on input line 80.


Package xr Warning: 
No file weil.aux
LABELS NOT IMPORTED.
 on input line 81.


Package xr Warning: 
No file adequate.aux
LABELS NOT IMPORTED.
 on input line 82.


Package xr Warning: 
No file dualizing.aux
LABELS NOT IMPORTED.
 on input line 83.


Package xr Warning: 
No file duality.aux
LABELS NOT IMPORTED.
 on input line 84.


Package xr Warning: 
No file discriminant.aux
LABELS NOT IMPORTED.
 on input line 85.


Package xr Warning: 
No file derham.aux
LABELS NOT IMPORTED.
 on input line 86.


Package xr Warning: 
No file local-cohomology.aux
LABELS NOT IMPORTED.
 on input line 87.


Package xr Warning: 
No file algebraization.aux
LABELS NOT IMPORTED.
 on input line 88.


Package xr Warning: 
No file curves.aux
LABELS NOT IMPORTED.
 on input line 89.


Package xr Warning: 
No file resolve.aux
LABELS NOT IMPORTED.
 on input line 90.


Package xr Warning: 
No file models.aux
LABELS NOT IMPORTED.
 on input line 91.


Package xr Warning: 
No file functors.aux
LABELS NOT IMPORTED.
 on input line 92.


Package xr Warning: 
No file equiv.aux
LABELS NOT IMPORTED.
 on input line 93.


Package xr Warning: 
No file pione.aux
LABELS NOT IMPORTED.
 on input line 94.


Package xr Warning: 
No file etale-cohomology.aux
LABELS NOT IMPORTED.
 on input line 95.


Package xr Warning: 
No file proetale.aux
LABELS NOT IMPORTED.
 on input line 96.


Package xr Warning: 
No file relative-cycles.aux
LABELS NOT IMPORTED.
 on input line 97.


Package xr Warning: 
No file more-etale.aux
LABELS NOT IMPORTED.
 on input line 98.


Package xr Warning: 
No file trace.aux
LABELS NOT IMPORTED.
 on input line 99.


Package xr Warning: 
No file crystalline.aux
LABELS NOT IMPORTED.
 on input line 100.


Package xr Warning: 
No file spaces.aux
LABELS NOT IMPORTED.
 on input line 101.


Package xr Warning: 
No file spaces-properties.aux
LABELS NOT IMPORTED.
 on input line 102.


Package xr Warning: 
No file spaces-morphisms.aux
LABELS NOT IMPORTED.
 on input line 103.


Package xr Warning: 
No file decent-spaces.aux
LABELS NOT IMPORTED.
 on input line 104.


Package xr Warning: 
No file spaces-cohomology.aux
LABELS NOT IMPORTED.
 on input line 105.

Package xr Info: IMPORTING LABELS FROM spaces-limits.aux on input line 106.

Package xr Warning: 
No file spaces-divisors.aux
LABELS NOT IMPORTED.
 on input line 107.


Package xr Warning: 
No file spaces-over-fields.aux
LABELS NOT IMPORTED.
 on input line 108.


Package xr Warning: 
No file spaces-topologies.aux
LABELS NOT IMPORTED.
 on input line 109.


Package xr Warning: 
No file spaces-descent.aux
LABELS NOT IMPORTED.
 on input line 110.


Package xr Warning: 
No file spaces-perfect.aux
LABELS NOT IMPORTED.
 on input line 111.


Package xr Warning: 
No file spaces-more-morphisms.aux
LABELS NOT IMPORTED.
 on input line 112.


Package xr Warning: 
No file spaces-flat.aux
LABELS NOT IMPORTED.
 on input line 113.


Package xr Warning: 
No file spaces-groupoids.aux
LABELS NOT IMPORTED.
 on input line 114.


Package xr Warning: 
No file spaces-more-groupoids.aux
LABELS NOT IMPORTED.
 on input line 115.


Package xr Warning: 
No file bootstrap.aux
LABELS NOT IMPORTED.
 on input line 116.


Package xr Warning: 
No file spaces-pushouts.aux
LABELS NOT IMPORTED.
 on input line 117.


Package xr Warning: 
No file spaces-chow.aux
LABELS NOT IMPORTED.
 on input line 118.


Package xr Warning: 
No file groupoids-quotients.aux
LABELS NOT IMPORTED.
 on input line 119.


Package xr Warning: 
No file spaces-more-cohomology.aux
LABELS NOT IMPORTED.
 on input line 120.


Package xr Warning: 
No file spaces-simplicial.aux
LABELS NOT IMPORTED.
 on input line 121.


Package xr Warning: 
No file spaces-duality.aux
LABELS NOT IMPORTED.
 on input line 122.


Package xr Warning: 
No file formal-spaces.aux
LABELS NOT IMPORTED.
 on input line 123.


Package xr Warning: 
No file restricted.aux
LABELS NOT IMPORTED.
 on input line 124.


Package xr Warning: 
No file spaces-resolve.aux
LABELS NOT IMPORTED.
 on input line 125.


Package xr Warning: 
No file formal-defos.aux
LABELS NOT IMPORTED.
 on input line 126.


Package xr Warning: 
No file defos.aux
LABELS NOT IMPORTED.
 on input line 127.


Package xr Warning: 
No file cotangent.aux
LABELS NOT IMPORTED.
 on input line 128.


Package xr Warning: 
No file examples-defos.aux
LABELS NOT IMPORTED.
 on input line 129.


Package xr Warning: 
No file algebraic.aux
LABELS NOT IMPORTED.
 on input line 130.


Package xr Warning: 
No file examples-stacks.aux
LABELS NOT IMPORTED.
 on input line 131.


Package xr Warning: 
No file stacks-sheaves.aux
LABELS NOT IMPORTED.
 on input line 132.


Package xr Warning: 
No file criteria.aux
LABELS NOT IMPORTED.
 on input line 133.


Package xr Warning: 
No file artin.aux
LABELS NOT IMPORTED.
 on input line 134.


Package xr Warning: 
No file quot.aux
LABELS NOT IMPORTED.
 on input line 135.


Package xr Warning: 
No file stacks-properties.aux
LABELS NOT IMPORTED.
 on input line 136.


Package xr Warning: 
No file stacks-morphisms.aux
LABELS NOT IMPORTED.
 on input line 137.


Package xr Warning: 
No file stacks-limits.aux
LABELS NOT IMPORTED.
 on input line 138.


Package xr Warning: 
No file stacks-cohomology.aux
LABELS NOT IMPORTED.
 on input line 139.


Package xr Warning: 
No file stacks-perfect.aux
LABELS NOT IMPORTED.
 on input line 140.


Package xr Warning: 
No file stacks-introduction.aux
LABELS NOT IMPORTED.
 on input line 141.


Package xr Warning: 
No file stacks-more-morphisms.aux
LABELS NOT IMPORTED.
 on input line 142.


Package xr Warning: 
No file stacks-geometry.aux
LABELS NOT IMPORTED.
 on input line 143.


Package xr Warning: 
No file moduli.aux
LABELS NOT IMPORTED.
 on input line 144.


Package xr Warning: 
No file moduli-curves.aux
LABELS NOT IMPORTED.
 on input line 145.


Package xr Warning: 
No file examples.aux
LABELS NOT IMPORTED.
 on input line 146.


Package xr Warning: 
No file exercises.aux
LABELS NOT IMPORTED.
 on input line 147.


Package xr Warning: 
No file guide.aux
LABELS NOT IMPORTED.
 on input line 148.


Package xr Warning: 
No file desirables.aux
LABELS NOT IMPORTED.
 on input line 149.


Package xr Warning: 
No file coding.aux
LABELS NOT IMPORTED.
 on input line 150.


Package xr Warning: 
No file obsolete.aux
LABELS NOT IMPORTED.
 on input line 151.


Package xr Warning: 
No file fdl.aux
LABELS NOT IMPORTED.
 on input line 152.


Package xr Warning: 
No file index.aux
LABELS NOT IMPORTED.
 on input line 153.

)
(<USER_ROOT>\AppData\Local\Programs\MiKTeX\tex/latex/l3backend\l3backend-pd
ftex.def
File: l3backend-pdftex.def 2026-02-18 L3 backend support: PDF output (pdfTeX)
\l__color_backend_stack_int=\count328
) (spaces-limits.aux)
\openout1 = `spaces-limits.aux'.

LaTeX Font Info:    Checking defaults for OML/cmm/m/it on input line 5.
LaTeX Font Info:    ... okay on input line 5.
LaTeX Font Info:    Checking defaults for OMS/cmsy/m/n on input line 5.
LaTeX Font Info:    ... okay on input line 5.
LaTeX Font Info:    Checking defaults for OT1/cmr/m/n on input line 5.
LaTeX Font Info:    ... okay on input line 5.
LaTeX Font Info:    Checking defaults for T1/cmr/m/n on input line 5.
LaTeX Font Info:    ... okay on input line 5.
LaTeX Font Info:    Checking defaults for TS1/cmr/m/n on input line 5.
LaTeX Font Info:    ... okay on input line 5.
LaTeX Font Info:    Checking defaults for OMX/cmex/m/n on input line 5.
LaTeX Font Info:    ... okay on input line 5.
LaTeX Font Info:    Checking defaults for U/cmr/m/n on input line 5.
LaTeX Font Info:    ... okay on input line 5.
LaTeX Font Info:    Checking defaults for PD1/pdf/m/n on input line 5.
LaTeX Font Info:    ... okay on input line 5.
LaTeX Font Info:    Checking defaults for PU/pdf/m/n on input line 5.
LaTeX Font Info:    ... okay on input line 5.
LaTeX Font Info:    Trying to load font information for OT1+lmr on input line 5
.

(<USER_ROOT>\AppData\Local\Programs\MiKTeX\tex/latex/lm\ot1lmr.fd
File: ot1lmr.fd 2015/05/01 v1.6.1 Font defs for Latin Modern
)
LaTeX Font Info:    Trying to load font information for OML+lmm on input line 5
.

(<USER_ROOT>\AppData\Local\Programs\MiKTeX\tex/latex/lm\omllmm.fd
File: omllmm.fd 2015/05/01 v1.6.1 Font defs for Latin Modern
)
LaTeX Font Info:    Trying to load font information for OMS+lmsy on input line 
5.

(<USER_ROOT>\AppData\Local\Programs\MiKTeX\tex/latex/lm\omslmsy.fd
File: omslmsy.fd 2015/05/01 v1.6.1 Font defs for Latin Modern
)
LaTeX Font Info:    Trying to load font information for OMX+lmex on input line 
5.

(<USER_ROOT>\AppData\Local\Programs\MiKTeX\tex/latex/lm\omxlmex.fd
File: omxlmex.fd 2015/05/01 v1.6.1 Font defs for Latin Modern
)
LaTeX Font Info:    External font `lmex10' loaded for size
(Font)              <8> on input line 5.
LaTeX Font Info:    External font `lmex10' loaded for size
(Font)              <6> on input line 5.
LaTeX Font Info:    External font `lmex10' loaded for size
(Font)              <5> on input line 5.
LaTeX Font Info:    Trying to load font information for U+msa on input line 5.

(<USER_ROOT>\AppData\Local\Programs\MiKTeX\tex/latex/amsfonts\umsa.fd
File: umsa.fd 2013/01/14 v3.01 AMS symbols A
)
LaTeX Font Info:    Trying to load font information for U+msb on input line 5.

(<USER_ROOT>\AppData\Local\Programs\MiKTeX\tex/latex/amsfonts\umsb.fd
File: umsb.fd 2013/01/14 v3.01 AMS symbols B
)
LaTeX Font Info:    External font `lmex10' loaded for size
(Font)              <10> on input line 5.
LaTeX Font Info:    External font `lmex10' loaded for size
(Font)              <7> on input line 5.
Package xypdf Info: Line width: 0.39998pt on input line 5.
Package hyperref Info: Link coloring OFF on input line 5.

(spaces-limits.out) (spaces-limits.out)
\@outlinefile=\write4
\openout4 = `spaces-limits.out'.

 (spaces-limits.toc)
\tf@toc=\write5
\openout5 = `spaces-limits.toc'.



LaTeX Warning: Reference `categories-definition-directed-set' on page 1 undefin
ed on input line 25.

[1{<USER_ROOT>/AppData/Local/MiKTeX/fonts/map/pdftex/pdftex.map}{<USER_ROOT>/AppData/Local/Programs/MiKTeX/fonts/enc/dvips/lm/lm-ec.enc}{<USER_ROOT>/AppData/Local/Programs/MiKTeX/fonts/enc/dvips/lm/lm-mathit.enc}]

LaTeX Warning: Reference `limits-proposition-characterize-locally-finite-presen
tation' on page 2 undefined on input line 64.


LaTeX Warning: Reference `sites-example-singleton-sheaf' on page 2 undefined on
 input line 109.


LaTeX Warning: Reference `sites-section-localize' on page 2 undefined on input 
line 115.


LaTeX Warning: Reference `sites-remark-localize-presheaves' on page 2 undefined
 on input line 117.


LaTeX Warning: Reference `spaces-morphisms-definition-locally-finite-presentati
on' on page 2 undefined on input line 125.

<xymatrix 2x2 168> [2{<USER_ROOT>/AppData/Local/Programs/MiKTeX/fonts/enc/d
vips/lm/lm-rm.enc}{<USER_ROOT>/AppData/Local/Programs/MiKTeX/fonts/enc/dvip
s/lm/lm-mathsy.enc}] <xymatrix 2x3 292> <xymatrix 2x3 292> [3] <xymatrix 2x2
185>
Overfull \hbox (11.7742pt too wide) in paragraph at lines 254--259
[]\T1/lmr/bx/n/10 Lemma 3.6. \T1/lmr/m/it/10 Let $\OML/lmm/m/it/10 S$ \T1/lmr/m
/it/10 be a scheme con-tained in $[][]$. Let $\OML/lmm/m/it/10 E; F; G; H \OT1/
lmr/m/n/10 : ([]\OML/lmm/m/it/10 =S\OT1/lmr/m/n/10 )[] \OMS/lmsy/m/n/10 !
 []

<xymatrix 2x2 154>

LaTeX Warning: Reference `sites-theorem-plus' on page 4 undefined on input line
 299.


LaTeX Warning: Reference `topologies-lemma-fppf-affine' on page 4 undefined on 
input line 306.

[4] <xymatrix 2x1 80> <xymatrix 2x1 80> <xymatrix 2x1 80> <xymatrix 2x1 80>
<xymatrix 2x1 80> <xymatrix 2x1 80>
Overfull \hbox (41.70277pt too wide) detected at line 357
[]
 []


LaTeX Warning: Reference `limits-lemma-scheme-over-limit' on page 5 undefined o
n input line 362.


LaTeX Warning: Reference `categories-lemma-colimits-commute' on page 5 undefine
d on input line 376.


LaTeX Warning: Reference `limits-lemma-scheme-over-limit' on page 5 undefined o
n input line 406.

[5{<USER_ROOT>/AppData/Local/Programs/MiKTeX/fonts/enc/dvips/lm/lm-mathex.e
nc}]

LaTeX Warning: Reference `spaces-morphisms-definition-locally-finite-presentati
on' on page 6 undefined on input line 484.


LaTeX Warning: Reference `spaces-definition-presentation' on page 6 undefined o
n input line 500.


LaTeX Warning: Reference `spaces-morphisms-definition-locally-finite-presentati
on' on page 6 undefined on input line 503.


LaTeX Warning: Reference `limits-proposition-characterize-locally-finite-presen
tation' on page 6 undefined on input line 507.


LaTeX Warning: Reference `spaces-morphisms-lemma-etale-locally-finite-presentat
ion' on page 6 undefined on input line 530.


LaTeX Warning: Reference `limits-proposition-characterize-locally-finite-presen
tation' on page 6 undefined on input line 539.

[6]

LaTeX Warning: Reference `limits-proposition-characterize-locally-finite-presen
tation' on page 7 undefined on input line 547.


LaTeX Warning: Reference `limits-proposition-characterize-locally-finite-presen
tation' on page 7 undefined on input line 556.


LaTeX Warning: Reference `algebra-lemma-characterize-finite-presentation' on pa
ge 7 undefined on input line 562.


LaTeX Warning: Reference `limits-remark-limit-preserving' on page 7 undefined o
n input line 574.


LaTeX Warning: Reference `limits-lemma-surjection-is-enough' on page 7 undefine
d on input line 609.

<xymatrix 3x3 389> [7]

LaTeX Warning: Reference `spaces-morphisms-lemma-base-change-affine' on page 8 
undefined on input line 658.


LaTeX Warning: Reference `limits-lemma-directed-inverse-system-has-limit' on pa
ge 8 undefined on input line 688.


LaTeX Warning: Reference `spaces-theorem-presentation' on page 8 undefined on i
nput line 703.

[8]

LaTeX Warning: Reference `categories-lemma-colimits-commute' on page 9 undefine
d on input line 751.

<xymatrix 2x2 154> [9]

LaTeX Warning: Reference `limits-section-descent' on page 10 undefined on input
 line 873.


LaTeX Warning: Reference `limits-lemma-topology-limit' on page 10 undefined on 
input line 900.


LaTeX Warning: Reference `decent-spaces-definition-very-reasonable' on page 10 
undefined on input line 907.


LaTeX Warning: Reference `categories-lemma-nonempty-limit' on page 10 undefined
 on input line 909.

[10]

LaTeX Warning: Reference `decent-spaces-definition-very-reasonable' on page 11 
undefined on input line 921.


LaTeX Warning: Reference `categories-lemma-nonempty-limit' on page 11 undefined
 on input line 924.


LaTeX Warning: Reference `decent-spaces-section-reasonable-decent' on page 11 u
ndefined on input line 931.


LaTeX Warning: Reference `spaces-properties-lemma-finite-fibres-presentation' o
n page 11 undefined on input line 933.


LaTeX Warning: Reference `decent-spaces-lemma-locally-separated-decent' on page
 11 undefined on input line 935.


LaTeX Warning: Reference `topology-lemma-characterize-limit' on page 11 undefin
ed on input line 946.


LaTeX Warning: Reference `limits-lemma-inverse-limit-top' on page 11 undefined 
on input line 963.


LaTeX Warning: Reference `limits-lemma-limit-nonempty' on page 11 undefined on 
input line 984.


LaTeX Warning: Reference `topology-lemma-describe-limits' on page 11 undefined 
on input line 1010.

[11]

LaTeX Warning: Reference `spaces-properties-definition-reduced-induced-space' o
n page 12 undefined on input line 1018.


LaTeX Warning: Reference `spaces-properties-lemma-quasi-compact-affine-cover' o
n page 12 undefined on input line 1055.


LaTeX Warning: Reference `limits-lemma-descend-section' on page 12 undefined on
 input line 1063.


LaTeX Warning: Reference `limits-lemma-descend-opens' on page 12 undefined on i
nput line 1088.


LaTeX Warning: Reference `limits-lemma-descend-isomorphism' on page 12 undefine
d on input line 1110.

[12]

LaTeX Warning: Reference `limits-lemma-finite-type-eventually-closed' on page 1
3 undefined on input line 1140.


LaTeX Warning: Reference `limits-lemma-descend-closed-immersion-finite-presenta
tion' on page 13 undefined on input line 1142.


LaTeX Warning: Reference `algebra-lemma-etale-standard-smooth' on page 13 undef
ined on input line 1169.


LaTeX Warning: Reference `limits-lemma-descend-surjective' on page 13 undefined
 on input line 1182.

<xymatrix 2x2 154>

LaTeX Warning: Reference `descent-lemma-descent-data-sheaves' on page 13 undefi
ned on input line 1209.


LaTeX Warning: Reference `descent-lemma-affine' on page 13 undefined on input l
ine 1211.

[13]

LaTeX Warning: Reference `spaces-properties-section-schematic' on page 14 undef
ined on input line 1231.


LaTeX Warning: Reference `limits-lemma-finite-type-eventually-closed' on page 1
4 undefined on input line 1271.


LaTeX Warning: Reference `spaces-morphisms-lemma-finite-presentation-permanence
' on page 14 undefined on input line 1295.

[14]

LaTeX Warning: Reference `spaces-morphisms-lemma-fibre-product-after-map' on pa
ge 15 undefined on input line 1307.


LaTeX Warning: Reference `spaces-morphisms-lemma-permanence-finite-type' on pag
e 15 undefined on input line 1311.


LaTeX Warning: Reference `spaces-morphisms-lemma-diagonal-morphism-finite-type'
 on page 15 undefined on input line 1314.


LaTeX Warning: Reference `spaces-morphisms-lemma-affine-local' on page 15 undef
ined on input line 1370.

[15]

LaTeX Warning: Reference `spaces-morphisms-lemma-integral-local' on page 16 und
efined on input line 1393.


LaTeX Warning: Reference `limits-lemma-eventually-finite' on page 16 undefined 
on input line 1396.


LaTeX Warning: Reference `spaces-morphisms-lemma-closed-immersion-local' on pag
e 16 undefined on input line 1419.


LaTeX Warning: Reference `limits-lemma-eventually-closed-immersion' on page 16 
undefined on input line 1422.

<xymatrix 2x2 154> <xymatrix 2x2 154> <xymatrix 2x2 154> [16]

LaTeX Warning: Reference `spaces-morphisms-lemma-etale-local' on page 17 undefi
ned on input line 1503.


LaTeX Warning: Reference `limits-lemma-descend-etale' on page 17 undefined on i
nput line 1506.

<xymatrix 2x2 154> <xymatrix 2x2 154> <xymatrix 2x2 154>

LaTeX Warning: Reference `spaces-morphisms-definition-smooth' on page 17 undefi
ned on input line 1552.


LaTeX Warning: Reference `limits-lemma-descend-smooth' on page 17 undefined on 
input line 1555.

<xymatrix 2x2 154> [17] <xymatrix 2x2 154> <xymatrix 2x2 154>

LaTeX Warning: Reference `limits-lemma-descend-surjective' on page 18 undefined
 on input line 1605.


LaTeX Warning: Reference `spaces-morphisms-definition-universally-injective' on
 page 18 undefined on input line 1622.


LaTeX Warning: Reference `spaces-morphisms-lemma-universally-injective' on page
 18 undefined on input line 1623.


LaTeX Warning: Reference `spaces-morphisms-lemma-diagonal-morphism-finite-type'
 on page 18 undefined on input line 1626.


LaTeX Warning: Reference `spaces-morphisms-lemma-affine-local' on page 18 undef
ined on input line 1644.


LaTeX Warning: Reference `limits-lemma-descend-finite-finite-presentation' on p
age 18 undefined on input line 1664.


LaTeX Warning: Reference `spaces-morphisms-lemma-integral-local' on page 18 und
efined on input line 1666.

[18]

LaTeX Warning: Reference `limits-lemma-descend-closed-immersion-finite-presenta
tion' on page 19 undefined on input line 1688.


LaTeX Warning: Reference `spaces-morphisms-lemma-integral-local' on page 19 und
efined on input line 1690.


LaTeX Warning: Reference `spaces-morphisms-lemma-etale-universally-injective-op
en' on page 19 undefined on input line 1721.


LaTeX Warning: Reference `spaces-morphisms-lemma-diagonal-morphism-finite-type'
 on page 19 undefined on input line 1743.

<xymatrix 2x2 154> [19] <xymatrix 2x2 154> <xymatrix 2x2 154>

LaTeX Warning: Reference `spaces-morphisms-definition-flat' on page 20 undefine
d on input line 1799.


LaTeX Warning: Reference `limits-lemma-descend-module-flat-finite-presentation'
 on page 20 undefined on input line 1802.


LaTeX Warning: Reference `spaces-morphisms-lemma-proper-local' on page 20 undef
ined on input line 1821.


LaTeX Warning: Reference `spaces-cohomology-lemma-weak-chow' on page 20 undefin
ed on input line 1830.

<xymatrix 3x2 203>

LaTeX Warning: Reference `spaces-morphisms-lemma-composition-proper' on page 20
 undefined on input line 1842.


LaTeX Warning: Reference `spaces-morphisms-lemma-base-change-proper' on page 20
 undefined on input line 1843.


LaTeX Warning: Reference `spaces-morphisms-lemma-universally-closed-permanence'
 on page 20 undefined on input line 1846.


LaTeX Warning: Reference `spaces-morphisms-lemma-image-proper-is-proper' on pag
e 20 undefined on input line 1847.


LaTeX Warning: Reference `spaces-morphisms-definition-relative-dimension' on pa
ge 20 undefined on input line 1862.

[20] <xymatrix 2x2 154> <xymatrix 2x2 154> <xymatrix 2x2 154>

LaTeX Warning: Reference `morphisms-definition-relative-dimension-d' on page 21
 undefined on input line 1901.


LaTeX Warning: Reference `spaces-morphisms-definition-dimension-fibre' on page 
21 undefined on input line 1904.


LaTeX Warning: Reference `limits-lemma-limit-dimension' on page 21 undefined on
 input line 1908.


LaTeX Warning: Reference `spaces-properties-lemma-quasi-compact-affine-cover' o
n page 21 undefined on input line 1947.


LaTeX Warning: Reference `spaces-section-presentations' on page 21 undefined on
 input line 1960.


LaTeX Warning: Reference `limits-lemma-descend-finite-presentation' on page 21 
undefined on input line 1963.


LaTeX Warning: Reference `limits-lemma-descend-finite-presentation' on page 21 
undefined on input line 1973.


LaTeX Warning: Reference `limits-lemma-descend-etale' on page 21 undefined on i
nput line 1976.


LaTeX Warning: Reference `limits-lemma-descend-monomorphism' on page 21 undefin
ed on input line 1977.


LaTeX Warning: Reference `spaces-theorem-presentation' on page 21 undefined on 
input line 1982.

[21]

LaTeX Warning: Reference `limits-lemma-descend-modules-finite-presentation' on 
page 22 undefined on input line 2039.


LaTeX Warning: Reference `spaces-properties-proposition-quasi-coherent' on page
 22 undefined on input line 2043.


Overfull \hbox (7.13266pt too wide) in paragraph at lines 2022--2045
[]\OT1/lmr/m/n/10 (\OMS/lmsy/m/n/10 O[]\OT1/lmr/m/n/10 ) = [] [](\OMS/lmsy/m/n/
10 O[]\OT1/lmr/m/n/10 )$\T1/lmr/m/n/10 , and $[]\OT1/lmr/m/n/10 (\OMS/lmsy/m/n/
10 O[]\OT1/lmr/m/n/10 ) = [] [](\OMS/lmsy/m/n/10 O[]\OT1/lmr/m/n/10 )$
 []


LaTeX Warning: Reference `sites-modules-lemma-invertible' on page 22 undefined 
on input line 2076.

[22]

LaTeX Warning: Reference `sites-modules-section-duals' on page 23 undefined on 
input line 2083.


LaTeX Warning: Reference `limits-lemma-descend-invertible-modules' on page 23 u
ndefined on input line 2085.


LaTeX Warning: Reference `decent-spaces-lemma-filter-quasi-compact-quasi-separa
ted' on page 23 undefined on input line 2108.


LaTeX Warning: Reference `decent-spaces-lemma-filter-quasi-compact-quasi-separa
ted' on page 23 undefined on input line 2129.


LaTeX Warning: Reference `spaces-morphisms-lemma-etale-universally-injective-op
en' on page 23 undefined on input line 2136.


LaTeX Warning: Reference `limits-proposition-approximate' on page 23 undefined 
on input line 2140.

[23]

LaTeX Warning: Reference `limits-lemma-approximate' on page 24 undefined on inp
ut line 2173.

<xymatrix 2x2 161>

LaTeX Warning: Reference `schemes-section-glueing-schemes' on page 24 undefined
 on input line 2189.

<xymatrix 2x2 168>

LaTeX Warning: Reference `spaces-theorem-presentation' on page 24 undefined on 
input line 2213.


LaTeX Warning: Reference `spaces-properties-lemma-quasi-separated' on page 24 u
ndefined on input line 2217.


LaTeX Warning: Reference `spaces-morphisms-lemma-surjection-from-quasi-compact'
 on page 24 undefined on input line 2220.


LaTeX Warning: Reference `spaces-morphisms-lemma-finite-type-local' on page 24 
undefined on input line 2221.

<xymatrix 2x2 154>

LaTeX Warning: Reference `groupoids-lemma-criterion-fibre-product' on page 24 u
ndefined on input line 2232.


LaTeX Warning: Reference `spaces-morphisms-lemma-affine-local' on page 24 undef
ined on input line 2235.

[24]

LaTeX Warning: Reference `spaces-lemma-space-presentation' on page 25 undefined
 on input line 2259.


LaTeX Warning: Reference `decent-spaces-lemma-filter-quasi-compact-quasi-separa
ted' on page 25 undefined on input line 2271.


LaTeX Warning: Reference `spaces-definition-base-change' on page 25 undefined o
n input line 2283.


LaTeX Warning: Reference `spaces-properties-definition-separated' on page 25 un
defined on input line 2284.


LaTeX Warning: Reference `spaces-morphisms-lemma-finite-presentation-noetherian
' on page 25 undefined on input line 2289.


LaTeX Warning: Reference `spaces-cohomology-lemma-direct-colimit-finite-present
ation' on page 25 undefined on input line 2294.

[25] [26]

LaTeX Warning: Reference `algebra-lemma-characterize-finite-in-terms-of-integra
l' on page 27 undefined on input line 2481.

<xymatrix 2x2 154>

LaTeX Warning: Reference `spaces-cohomology-lemma-finite-presentation-quasi-com
pact-colimit' on page 27 undefined on input line 2510.


LaTeX Warning: Reference `spaces-morphisms-lemma-pushforward' on page 27 undefi
ned on input line 2551.

[27] <xymatrix 2x2 154>

LaTeX Warning: Reference `categories-lemma-initial' on page 28 undefined on inp
ut line 2635.


LaTeX Warning: Reference `categories-lemma-colimits-commute' on page 28 undefin
ed on input line 2662.


LaTeX Warning: Reference `spaces-morphisms-lemma-fibre-product-after-map' on pa
ge 28 undefined on input line 2672.


LaTeX Warning: Reference `spaces-morphisms-lemma-base-change-affine' on page 28
 undefined on input line 2674.


LaTeX Warning: Reference `spaces-morphisms-lemma-composition-affine' on page 28
 undefined on input line 2676.


LaTeX Warning: Reference `spaces-morphisms-lemma-noetherian-finite-type-finite-
presentation' on page 28 undefined on input line 2679.


LaTeX Warning: Reference `spaces-morphisms-lemma-finite-presentation-permanence
' on page 28 undefined on input line 2680.


LaTeX Warning: Reference `spaces-morphisms-lemma-base-change-finite-presentatio
n' on page 28 undefined on input line 2684.

[28]

LaTeX Warning: Reference `limits-section-finite-type-closed-in-finite-presentat
ion' on page 29 undefined on input line 2697.


LaTeX Warning: Reference `spaces-morphisms-definition-relative-spec' on page 29
 undefined on input line 2716.


LaTeX Warning: Reference `spaces-morphisms-definition-relative-spec' on page 29
 undefined on input line 2738.


LaTeX Warning: Reference `spaces-morphisms-definition-relative-spec' on page 29
 undefined on input line 2761.

[29]

LaTeX Warning: Reference `spaces-morphisms-lemma-characterize-quasi-affine' on 
page 30 undefined on input line 2804.

<xymatrix 3x2 230>

LaTeX Warning: Reference `spaces-morphisms-lemma-noetherian-finite-type-finite-
presentation' on page 30 undefined on input line 2845.


LaTeX Warning: Reference `spaces-morphisms-lemma-base-change-finite-presentatio
n' on page 30 undefined on input line 2848.


LaTeX Warning: Reference `spaces-morphisms-lemma-permanence-finite-type' on pag
e 30 undefined on input line 2854.


LaTeX Warning: Reference `spaces-morphisms-lemma-monomorphism-loc-finite-type-l
oc-quasi-finite' on page 30 undefined on input line 2857.


LaTeX Warning: Reference `spaces-lemma-representable-transformations-property-i
mplication' on page 30 undefined on input line 2861.


LaTeX Warning: Reference `more-morphisms-lemma-quasi-finite-separated-quasi-aff
ine' on page 30 undefined on input line 2863.


LaTeX Warning: Reference `spaces-morphisms-lemma-composition-finite-presentatio
n' on page 30 undefined on input line 2870.

[30]

LaTeX Warning: Reference `morphisms-lemma-closed-immersion-finite-presentation'
 on page 31 undefined on input line 2904.


LaTeX Warning: Reference `spaces-morphisms-lemma-proper-local' on page 31 undef
ined on input line 2939.


LaTeX Warning: Reference `spaces-cohomology-lemma-weak-chow' on page 31 undefin
ed on input line 2941.

<xymatrix 3x2 203>

LaTeX Warning: Reference `spaces-morphisms-lemma-composition-proper' on page 31
 undefined on input line 2954.


LaTeX Warning: Reference `spaces-morphisms-lemma-universally-closed-permanence'
 on page 31 undefined on input line 2957.


LaTeX Warning: Reference `spaces-morphisms-lemma-immersion-when-closed' on page
 31 undefined on input line 2958.


LaTeX Warning: Reference `spaces-morphisms-lemma-image-proper-is-proper' on pag
e 31 undefined on input line 2964.

[31]

LaTeX Warning: Reference `spaces-morphisms-definition-scheme-theoretic-support'
 on page 32 undefined on input line 3004.


LaTeX Warning: Reference `spaces-morphisms-lemma-support-finite-type' on page 3
2 undefined on input line 3023.


LaTeX Warning: Reference `morphisms-lemma-image-proper-is-proper' on page 32 un
defined on input line 3029.


LaTeX Warning: Reference `spaces-morphisms-lemma-closed-immersion-proper' on pa
ge 32 undefined on input line 3034.


LaTeX Warning: Reference `spaces-morphisms-lemma-composition-proper' on page 32
 undefined on input line 3035.


LaTeX Warning: Reference `spaces-morphisms-lemma-semi-diagonal' on page 32 unde
fined on input line 3069.


LaTeX Warning: Reference `examples-section-embedding-affines' on page 32 undefi
ned on input line 3078.

[32]

LaTeX Warning: Reference `spaces-morphisms-lemma-finite-presentation-noetherian
' on page 33 undefined on input line 3099.


LaTeX Warning: Reference `spaces-properties-proposition-locally-quasi-separated
-open-dense-scheme' on page 33 undefined on input line 3102.


LaTeX Warning: Reference `topology-lemma-Noetherian' on page 33 undefined on in
put line 3105.


LaTeX Warning: Reference `properties-lemma-Noetherian-topology' on page 33 unde
fined on input line 3106.


LaTeX Warning: Reference `spaces-properties-lemma-quasi-separated-sober' on pag
e 33 undefined on input line 3121.


LaTeX Warning: Reference `spaces-properties-definition-reduced-induced-space' o
n page 33 undefined on input line 3127.


LaTeX Warning: Reference `spaces-properties-proposition-locally-quasi-separated
-open-dense-scheme' on page 33 undefined on input line 3143.


LaTeX Warning: Reference `morphisms-lemma-quasi-affine-finite-type-over-S' on p
age 33 undefined on input line 3146.


LaTeX Warning: Reference `properties-section-sections-with-support-in-closed' o
n page 33 undefined on input line 3163.


LaTeX Warning: Reference `spaces-properties-lemma-quasi-compact-affine-cover' o
n page 33 undefined on input line 3182.


LaTeX Warning: Reference `spaces-morphisms-lemma-quasi-compact-quasi-separated-
permanence' on page 33 undefined on input line 3188.


LaTeX Warning: Reference `properties-lemma-quasi-coherent-finite-type-ideals' o
n page 33 undefined on input line 3190.


LaTeX Warning: Reference `spaces-morphisms-lemma-quasi-compact-local' on page 3
3 undefined on input line 3192.

[33]

LaTeX Warning: Reference `spaces-properties-lemma-reduced-closed-subspace' on p
age 34 undefined on input line 3198.


LaTeX Warning: Reference `properties-lemma-quasi-coherent-finite-type-ideals' o
n page 34 undefined on input line 3211.


LaTeX Warning: Reference `properties-lemma-sections-annihilated-by-ideal' on pa
ge 34 undefined on input line 3243.


LaTeX Warning: Reference `spaces-morphisms-lemma-pushforward' on page 34 undefi
ned on input line 3273.


Overfull \hbox (5.4211pt too wide) in paragraph at lines 3271--3276
[]\T1/lmr/m/n/10 Omitted. Hint: The as-sump-tion that $\OML/lmm/m/it/10 f$ \T1/
lmr/m/n/10 is quasi-compact and quasi-separated
 []

[34]

LaTeX Warning: Reference `properties-lemma-sections-supported-on-closed-subset'
 on page 35 undefined on input line 3315.


LaTeX Warning: Reference `limits-section-affine' on page 35 undefined on input 
line 3372.


LaTeX Warning: Reference `spaces-definition-base-change' on page 35 undefined o
n input line 3384.


LaTeX Warning: Reference `spaces-morphisms-lemma-integral-universally-closed' o
n page 35 undefined on input line 3387.


LaTeX Warning: Reference `spaces-morphisms-lemma-image-universally-closed-separ
ated' on page 35 undefined on input line 3389.


LaTeX Warning: Reference `spaces-cohomology-lemma-image-affine-finite-morphism-
affine-Noetherian' on page 35 undefined on input line 3418.


LaTeX Warning: Reference `spaces-morphisms-lemma-integral-universally-closed' o
n page 35 undefined on input line 3429.

[35]

LaTeX Warning: Reference `spaces-definition-base-change' on page 36 undefined o
n input line 3435.


LaTeX Warning: Reference `spaces-morphisms-lemma-image-universally-closed-separ
ated' on page 36 undefined on input line 3437.


LaTeX Warning: Reference `spaces-morphisms-lemma-affine-permanence' on page 36 
undefined on input line 3439.


LaTeX Warning: Reference `spaces-morphisms-lemma-integral-universally-closed' o
n page 36 undefined on input line 3442.


LaTeX Warning: Reference `spaces-morphisms-lemma-pushforward' on page 36 undefi
ned on input line 3454.


LaTeX Warning: Reference `spaces-morphisms-lemma-affine-equivalence-algebras' o
n page 36 undefined on input line 3467.


LaTeX Warning: Reference `spaces-properties-lemma-open-subspaces' on page 36 un
defined on input line 3514.

[36]

LaTeX Warning: Reference `morphisms-lemma-check-closed-infinitesimally' on page
 37 undefined on input line 3545.


LaTeX Warning: Reference `decent-spaces-section-integral-cover' on page 37 unde
fined on input line 3566.


LaTeX Warning: Reference `decent-spaces-lemma-there-is-a-scheme-integral-over' 
on page 37 undefined on input line 3584.


LaTeX Warning: Reference `spaces-morphisms-definition-relative-spec' on page 37
 undefined on input line 3621.

[37] <xymatrix 2x2 154>

LaTeX Warning: Reference `spaces-cohomology-lemma-finite-presentation-quasi-com
pact-colimit' on page 38 undefined on input line 3668.


LaTeX Warning: Reference `decent-spaces-lemma-there-is-a-scheme-integral-over-r
efined' on page 38 undefined on input line 3713.

[38]

LaTeX Warning: Reference `spaces-definition-base-change' on page 39 undefined o
n input line 3749.


LaTeX Warning: Reference `spaces-properties-definition-separated' on page 39 un
defined on input line 3750.

[39]

LaTeX Warning: Reference `spaces-properties-definition-reduced-induced-space' o
n page 40 undefined on input line 3844.


LaTeX Warning: Reference `more-morphisms-lemma-pushout-along-closed-immersions'
 on page 40 undefined on input line 3849.


LaTeX Warning: Reference `bootstrap-section-applications' on page 40 undefined 
on input line 3934.

[40]

LaTeX Warning: Reference `sites-lemma-mapping-property-glue' on page 41 undefin
ed on input line 3959.


LaTeX Warning: Reference `spaces-lemma-glueing-algebraic-spaces' on page 41 und
efined on input line 3968.


LaTeX Warning: Reference `spaces-morphisms-lemma-quasi-compact-local' on page 4
1 undefined on input line 3975.


LaTeX Warning: Reference `spaces-morphisms-lemma-separated-local' on page 41 un
defined on input line 3976.


LaTeX Warning: Reference `spaces-morphisms-lemma-finite-presentation-local' on 
page 41 undefined on input line 3977.


LaTeX Warning: Reference `limits-lemma-directed-inverse-system-has-limit' on pa
ge 41 undefined on input line 4013.

[41]

LaTeX Warning: Reference `limits-lemma-directed-inverse-system-has-limit' on pa
ge 42 undefined on input line 4060.


Overfull \hbox (46.47462pt too wide) detected at line 4141
[] [][]\OMS/lmsy/m/n/10 ! []
 []

[42]

LaTeX Warning: Reference `spaces-morphisms-lemma-locally-quasi-finite-separated
-representable' on page 43 undefined on input line 4185.


LaTeX Warning: Reference `spaces-morphisms-lemma-etale-locally-quasi-finite' on
 page 43 undefined on input line 4187.


LaTeX Warning: Reference `spaces-lemma-base-change-representable-transformation
s' on page 43 undefined on input line 4195.


LaTeX Warning: Reference `spaces-lemma-base-change-representable-transformation
s-property' on page 43 undefined on input line 4196.


LaTeX Warning: Reference `spaces-lemma-etale-locally-representable-by-space-giv
es-space' on page 43 undefined on input line 4199.


LaTeX Warning: Reference `spaces-morphisms-lemma-base-change-quasi-compact' on 
page 43 undefined on input line 4217.


LaTeX Warning: Reference `spaces-morphisms-lemma-base-change-separated' on page
 43 undefined on input line 4218.


LaTeX Warning: Reference `spaces-morphisms-lemma-base-change-finite-presentatio
n' on page 43 undefined on input line 4219.


LaTeX Warning: Reference `spaces-morphisms-lemma-base-change-finite-type' on pa
ge 43 undefined on input line 4220.


LaTeX Warning: Reference `spaces-morphisms-lemma-base-change-proper' on page 43
 undefined on input line 4221.


LaTeX Warning: Reference `spaces-morphisms-lemma-base-change-integral' on page 
43 undefined on input line 4222.


LaTeX Warning: Reference `spaces-morphisms-lemma-quasi-compact-local' on page 4
3 undefined on input line 4230.


LaTeX Warning: Reference `spaces-morphisms-lemma-separated-local' on page 43 un
defined on input line 4231.


LaTeX Warning: Reference `spaces-morphisms-lemma-finite-presentation-local' on 
page 43 undefined on input line 4232.


LaTeX Warning: Reference `spaces-morphisms-lemma-finite-type-local' on page 43 
undefined on input line 4233.


LaTeX Warning: Reference `spaces-morphisms-lemma-proper-local' on page 43 undef
ined on input line 4234.


LaTeX Warning: Reference `spaces-morphisms-lemma-integral-local' on page 43 und
efined on input line 4235.

LaTeX Font Info:    Trying to load font information for U+euf on input line 424
3.
(<USER_ROOT>\AppData\Local\Programs\MiKTeX\tex/latex/amsfonts\ueuf.fd
File: ueuf.fd 2013/01/14 v3.01 Euler Fraktur
)
Overfull \hbox (14.62065pt too wide) detected at line 4259
[] [][]\OMS/lmsy/m/n/10 ! []
 []

[43]

LaTeX Warning: Reference `decent-spaces-lemma-decent-space-elementary-etale-nei
ghbourhood' on page 44 undefined on input line 4267.


LaTeX Warning: Reference `decent-spaces-lemma-elementary-etale-neighbourhoods' 
on page 44 undefined on input line 4283.


LaTeX Warning: Reference `more-morphisms-lemma-elementary-etale-neighbourhoods'
 on page 44 undefined on input line 4285.

<xymatrix 2x2 175> [44]

LaTeX Warning: Reference `limits-lemma-separate' on page 45 undefined on input 
line 4364.

<xymatrix 2x2 175> <xymatrix 4x2 300>

LaTeX Warning: Reference `spaces-properties-lemma-points-cartesian' on page 45 
undefined on input line 4395.


LaTeX Warning: Reference `topology-lemma-open-morphism-quotient-topology' on pa
ge 45 undefined on input line 4397.

[45] <xymatrix 2x2 175> <xymatrix 3x2 271>

LaTeX Warning: Reference `spaces-properties-lemma-points-cartesian' on page 46 
undefined on input line 4462.


LaTeX Warning: Reference `spaces-morphisms-lemma-universally-closed-local' on p
age 46 undefined on input line 4475.


LaTeX Warning: Reference `morphisms-lemma-quasi-affine-finite-type-over-S' on p
age 46 undefined on input line 4485.

<xymatrix 2x2 154> <xymatrix 2x2 154>

LaTeX Warning: Reference `spaces-properties-lemma-subspace-induced-topology' on
 page 46 undefined on input line 4509.

[46]

LaTeX Warning: Reference `spaces-cohomology-section-Noetherian-valuative-criter
ion' on page 47 undefined on input line 4545.


LaTeX Warning: Reference `limits-section-Noetherian-valuative-criterion' on pag
e 47 undefined on input line 4547.

<xymatrix 2x2 161>

LaTeX Warning: Reference `spaces-properties-section-generic-points' on page 47 
undefined on input line 4570.


LaTeX Warning: Reference `spaces-properties-lemma-points-cartesian' on page 47 
undefined on input line 4578.


LaTeX Warning: Reference `limits-lemma-reach-point-closure-Noetherian' on page 
47 undefined on input line 4593.

<xymatrix 2x2 188> [47]

LaTeX Warning: Reference `spaces-morphisms-lemma-separated-implies-valuative' o
n page 48 undefined on input line 4631.


LaTeX Warning: Reference `spaces-morphisms-lemma-properties-diagonal' on page 4
8 undefined on input line 4640.


LaTeX Warning: Reference `spaces-morphisms-lemma-closed-immersion-local' on pag
e 48 undefined on input line 4645.


LaTeX Warning: Reference `spaces-morphisms-lemma-composition-finite-type' on pa
ge 48 undefined on input line 4648.


LaTeX Warning: Reference `spaces-morphisms-lemma-base-change-finite-type' on pa
ge 48 undefined on input line 4649.


LaTeX Warning: Reference `spaces-morphisms-lemma-locally-finite-type-locally-no
etherian' on page 48 undefined on input line 4650.

<xymatrix 2x2 188>

LaTeX Warning: Reference `spaces-properties-section-dimension-local-ring' on pa
ge 48 undefined on input line 4666.


LaTeX Warning: Reference `limits-lemma-Noetherian-dvr-valuative-proper' on page
 48 undefined on input line 4672.


LaTeX Warning: Reference `etale-lemma-characterize-closed-immersion' on page 48
 undefined on input line 4676.

[48]

LaTeX Warning: Reference `spaces-morphisms-definition-valuative-criterion' on p
age 49 undefined on input line 4688.


LaTeX Warning: Reference `spaces-morphisms-lemma-characterize-proper' on page 4
9 undefined on input line 4703.


LaTeX Warning: Reference `spaces-morphisms-lemma-universally-closed-local' on p
age 49 undefined on input line 4714.

<xymatrix 3x2 332>

LaTeX Warning: Reference `spaces-properties-proposition-locally-quasi-separated
-open-dense-scheme' on page 49 undefined on input line 4739.


LaTeX Warning: Reference `spaces-cohomology-lemma-weak-chow' on page 49 undefin
ed on input line 4743.


LaTeX Warning: Reference `spaces-morphisms-lemma-image-proper-is-proper' on pag
e 49 undefined on input line 4750.


LaTeX Warning: Reference `limits-lemma-Noetherian-dvr-valuative-proper' on page
 49 undefined on input line 4752.

<xymatrix 3x2 278> [49] <xymatrix 3x2 264> <xymatrix 3x2 264>

LaTeX Warning: Reference `spaces-morphisms-lemma-quasi-compact-existence-univer
sally-closed' on page 50 undefined on input line 4808.


LaTeX Warning: Reference `spaces-morphisms-lemma-finite-separable-enough' on pa
ge 50 undefined on input line 4810.


LaTeX Warning: Reference `algebra-lemma-krull-akizuki' on page 50 undefined on 
input line 4814.


LaTeX Warning: Reference `spaces-morphisms-lemma-universally-closed-local' on p
age 50 undefined on input line 4822.

[50] <xymatrix 2x2 161>

LaTeX Warning: Reference `limits-section-refined-valuative-criteria' on page 51
 undefined on input line 4883.

<xymatrix 3x2 244>

LaTeX Warning: Reference `spaces-morphisms-lemma-universally-closed-local' on p
age 51 undefined on input line 4908.


LaTeX Warning: Reference `spaces-properties-lemma-points-cartesian' on page 51 
undefined on input line 4911.


LaTeX Warning: Reference `spaces-properties-lemma-etale-open' on page 51 undefi
ned on input line 4915.


LaTeX Warning: Reference `spaces-cohomology-lemma-weak-chow' on page 51 undefin
ed on input line 4926.

[51] <xymatrix 3x2 244>

LaTeX Warning: Reference `spaces-morphisms-lemma-characterize-proper' on page 5
2 undefined on input line 4942.


LaTeX Warning: Reference `limits-lemma-refined-valuative-criterion-proper' on p
age 52 undefined on input line 4947.


LaTeX Warning: Reference `spaces-morphisms-lemma-image-proper-is-proper' on pag
e 52 undefined on input line 4949.

<xymatrix 3x2 244> <xymatrix 3x2 251> <xymatrix 3x2 244> [52]

LaTeX Warning: Reference `limits-section-finite-type-quasi-separated' on page 5
3 undefined on input line 5028.

<xymatrix 2x2 154> <xymatrix 2x2 154>

LaTeX Warning: Reference `spaces-morphisms-lemma-quasi-compact-scheme-theoretic
-image' on page 53 undefined on input line 5092.


LaTeX Warning: Reference `limits-lemma-limit-from-good-diagram' on page 53 unde
fined on input line 5103.

[53] <xymatrix 2x2 154> <xymatrix 2x2 154> <xymatrix 3x3 504>

LaTeX Warning: Reference `spaces-morphisms-lemma-factor-factor' on page 54 unde
fined on input line 5164.


LaTeX Warning: Reference `spaces-morphisms-lemma-properties-diagonal' on page 5
4 undefined on input line 5173.


LaTeX Warning: Reference `spaces-morphisms-lemma-diagonal-morphism-finite-type'
 on page 54 undefined on input line 5174.

[54]

LaTeX Warning: Reference `spaces-morphisms-lemma-flat-base-change-scheme-theore
tic-image' on page 55 undefined on input line 5234.

<xymatrix 2x2 182> <xymatrix 2x2 154> [55] (chapters.tex

LaTeX Warning: Hyper reference `introduction-section-phantom' on page 56 undefi
ned on input line 5.


LaTeX Warning: Hyper reference `conventions-section-phantom' on page 56 undefin
ed on input line 6.


LaTeX Warning: Hyper reference `sets-section-phantom' on page 56 undefined on i
nput line 7.


LaTeX Warning: Hyper reference `categories-section-phantom' on page 56 undefine
d on input line 8.


LaTeX Warning: Hyper reference `topology-section-phantom' on page 56 undefined 
on input line 9.


LaTeX Warning: Hyper reference `sheaves-section-phantom' on page 56 undefined o
n input line 10.


LaTeX Warning: Hyper reference `sites-section-phantom' on page 56 undefined on 
input line 11.


LaTeX Warning: Hyper reference `stacks-section-phantom' on page 56 undefined on
 input line 12.


LaTeX Warning: Hyper reference `fields-section-phantom' on page 56 undefined on
 input line 13.


LaTeX Warning: Hyper reference `algebra-section-phantom' on page 56 undefined o
n input line 14.


LaTeX Warning: Hyper reference `brauer-section-phantom' on page 56 undefined on
 input line 15.


LaTeX Warning: Hyper reference `homology-section-phantom' on page 56 undefined 
on input line 16.


LaTeX Warning: Hyper reference `derived-section-phantom' on page 56 undefined o
n input line 17.


LaTeX Warning: Hyper reference `simplicial-section-phantom' on page 56 undefine
d on input line 18.


LaTeX Warning: Hyper reference `more-algebra-section-phantom' on page 56 undefi
ned on input line 19.


LaTeX Warning: Hyper reference `smoothing-section-phantom' on page 56 undefined
 on input line 20.


LaTeX Warning: Hyper reference `modules-section-phantom' on page 56 undefined o
n input line 21.


LaTeX Warning: Hyper reference `sites-modules-section-phantom' on page 56 undef
ined on input line 22.


LaTeX Warning: Hyper reference `injectives-section-phantom' on page 56 undefine
d on input line 23.


LaTeX Warning: Hyper reference `cohomology-section-phantom' on page 56 undefine
d on input line 24.


LaTeX Warning: Hyper reference `sites-cohomology-section-phantom' on page 56 un
defined on input line 25.


LaTeX Warning: Hyper reference `dga-section-phantom' on page 56 undefined on in
put line 26.


LaTeX Warning: Hyper reference `dpa-section-phantom' on page 56 undefined on in
put line 27.


LaTeX Warning: Hyper reference `sdga-section-phantom' on page 56 undefined on i
nput line 28.


LaTeX Warning: Hyper reference `hypercovering-section-phantom' on page 56 undef
ined on input line 29.


LaTeX Warning: Hyper reference `schemes-section-phantom' on page 56 undefined o
n input line 34.


LaTeX Warning: Hyper reference `constructions-section-phantom' on page 56 undef
ined on input line 35.


LaTeX Warning: Hyper reference `properties-section-phantom' on page 56 undefine
d on input line 36.


LaTeX Warning: Hyper reference `morphisms-section-phantom' on page 56 undefined
 on input line 37.


LaTeX Warning: Hyper reference `coherent-section-phantom' on page 56 undefined 
on input line 38.


LaTeX Warning: Hyper reference `divisors-section-phantom' on page 56 undefined 
on input line 39.


LaTeX Warning: Hyper reference `limits-section-phantom' on page 56 undefined on
 input line 40.


LaTeX Warning: Hyper reference `varieties-section-phantom' on page 56 undefined
 on input line 41.


LaTeX Warning: Hyper reference `topologies-section-phantom' on page 56 undefine
d on input line 42.


LaTeX Warning: Hyper reference `descent-section-phantom' on page 56 undefined o
n input line 43.


LaTeX Warning: Hyper reference `perfect-section-phantom' on page 56 undefined o
n input line 44.


LaTeX Warning: Hyper reference `more-morphisms-section-phantom' on page 56 unde
fined on input line 45.


LaTeX Warning: Hyper reference `flat-section-phantom' on page 56 undefined on i
nput line 46.


LaTeX Warning: Hyper reference `groupoids-section-phantom' on page 56 undefined
 on input line 47.


LaTeX Warning: Hyper reference `more-groupoids-section-phantom' on page 56 unde
fined on input line 48.


LaTeX Warning: Hyper reference `etale-section-phantom' on page 56 undefined on 
input line 49.


LaTeX Warning: Hyper reference `chow-section-phantom' on page 56 undefined on i
nput line 54.


LaTeX Warning: Hyper reference `intersection-section-phantom' on page 56 undefi
ned on input line 55.


LaTeX Warning: Hyper reference `pic-section-phantom' on page 56 undefined on in
put line 56.


LaTeX Warning: Hyper reference `weil-section-phantom' on page 56 undefined on i
nput line 57.


LaTeX Warning: Hyper reference `adequate-section-phantom' on page 56 undefined 
on input line 58.

[56]

LaTeX Warning: Hyper reference `dualizing-section-phantom' on page 57 undefined
 on input line 59.


LaTeX Warning: Hyper reference `duality-section-phantom' on page 57 undefined o
n input line 60.


LaTeX Warning: Hyper reference `discriminant-section-phantom' on page 57 undefi
ned on input line 61.


LaTeX Warning: Hyper reference `derham-section-phantom' on page 57 undefined on
 input line 62.


LaTeX Warning: Hyper reference `local-cohomology-section-phantom' on page 57 un
defined on input line 63.


LaTeX Warning: Hyper reference `algebraization-section-phantom' on page 57 unde
fined on input line 64.


LaTeX Warning: Hyper reference `curves-section-phantom' on page 57 undefined on
 input line 65.


LaTeX Warning: Hyper reference `resolve-section-phantom' on page 57 undefined o
n input line 66.


LaTeX Warning: Hyper reference `models-section-phantom' on page 57 undefined on
 input line 67.


LaTeX Warning: Hyper reference `functors-section-phantom' on page 57 undefined 
on input line 68.


LaTeX Warning: Hyper reference `equiv-section-phantom' on page 57 undefined on 
input line 69.


LaTeX Warning: Hyper reference `pione-section-phantom' on page 57 undefined on 
input line 70.


LaTeX Warning: Hyper reference `etale-cohomology-section-phantom' on page 57 un
defined on input line 71.


LaTeX Warning: Hyper reference `crystalline-section-phantom' on page 57 undefin
ed on input line 72.


LaTeX Warning: Hyper reference `proetale-section-phantom' on page 57 undefined 
on input line 73.


LaTeX Warning: Hyper reference `relative-cycles-section-phantom' on page 57 und
efined on input line 74.


LaTeX Warning: Hyper reference `more-etale-section-phantom' on page 57 undefine
d on input line 75.


LaTeX Warning: Hyper reference `trace-section-phantom' on page 57 undefined on 
input line 76.


LaTeX Warning: Hyper reference `spaces-section-phantom' on page 57 undefined on
 input line 81.


LaTeX Warning: Hyper reference `spaces-properties-section-phantom' on page 57 u
ndefined on input line 82.


LaTeX Warning: Hyper reference `spaces-morphisms-section-phantom' on page 57 un
defined on input line 83.


LaTeX Warning: Hyper reference `decent-spaces-section-phantom' on page 57 undef
ined on input line 84.


LaTeX Warning: Hyper reference `spaces-cohomology-section-phantom' on page 57 u
ndefined on input line 85.


LaTeX Warning: Hyper reference `spaces-divisors-section-phantom' on page 57 und
efined on input line 87.


LaTeX Warning: Hyper reference `spaces-over-fields-section-phantom' on page 57 
undefined on input line 88.


LaTeX Warning: Hyper reference `spaces-topologies-section-phantom' on page 57 u
ndefined on input line 89.


LaTeX Warning: Hyper reference `spaces-descent-section-phantom' on page 57 unde
fined on input line 90.


LaTeX Warning: Hyper reference `spaces-perfect-section-phantom' on page 57 unde
fined on input line 91.


LaTeX Warning: Hyper reference `spaces-more-morphisms-section-phantom' on page 
57 undefined on input line 92.


LaTeX Warning: Hyper reference `spaces-flat-section-phantom' on page 57 undefin
ed on input line 93.


LaTeX Warning: Hyper reference `spaces-groupoids-section-phantom' on page 57 un
defined on input line 94.


LaTeX Warning: Hyper reference `spaces-more-groupoids-section-phantom' on page 
57 undefined on input line 95.


LaTeX Warning: Hyper reference `bootstrap-section-phantom' on page 57 undefined
 on input line 96.


LaTeX Warning: Hyper reference `spaces-pushouts-section-phantom' on page 57 und
efined on input line 97.


LaTeX Warning: Hyper reference `spaces-chow-section-phantom' on page 57 undefin
ed on input line 102.


LaTeX Warning: Hyper reference `groupoids-quotients-section-phantom' on page 57
 undefined on input line 103.


LaTeX Warning: Hyper reference `spaces-more-cohomology-section-phantom' on page
 57 undefined on input line 104.


LaTeX Warning: Hyper reference `spaces-simplicial-section-phantom' on page 57 u
ndefined on input line 105.


LaTeX Warning: Hyper reference `spaces-duality-section-phantom' on page 57 unde
fined on input line 106.


LaTeX Warning: Hyper reference `formal-spaces-section-phantom' on page 57 undef
ined on input line 107.


LaTeX Warning: Hyper reference `restricted-section-phantom' on page 57 undefine
d on input line 108.


LaTeX Warning: Hyper reference `spaces-resolve-section-phantom' on page 57 unde
fined on input line 109.


LaTeX Warning: Hyper reference `formal-defos-section-phantom' on page 57 undefi
ned on input line 114.


LaTeX Warning: Hyper reference `defos-section-phantom' on page 57 undefined on 
input line 115.


LaTeX Warning: Hyper reference `cotangent-section-phantom' on page 57 undefined
 on input line 116.


LaTeX Warning: Hyper reference `examples-defos-section-phantom' on page 57 unde
fined on input line 117.


LaTeX Warning: Hyper reference `algebraic-section-phantom' on page 57 undefined
 on input line 122.


LaTeX Warning: Hyper reference `examples-stacks-section-phantom' on page 57 und
efined on input line 123.


LaTeX Warning: Hyper reference `stacks-sheaves-section-phantom' on page 57 unde
fined on input line 124.


LaTeX Warning: Hyper reference `criteria-section-phantom' on page 57 undefined 
on input line 125.


LaTeX Warning: Hyper reference `artin-section-phantom' on page 57 undefined on 
input line 126.


LaTeX Warning: Hyper reference `quot-section-phantom' on page 57 undefined on i
nput line 127.


LaTeX Warning: Hyper reference `stacks-properties-section-phantom' on page 57 u
ndefined on input line 128.


LaTeX Warning: Hyper reference `stacks-morphisms-section-phantom' on page 57 un
defined on input line 129.


LaTeX Warning: Hyper reference `stacks-limits-section-phantom' on page 57 undef
ined on input line 130.


LaTeX Warning: Hyper reference `stacks-cohomology-section-phantom' on page 57 u
ndefined on input line 131.


LaTeX Warning: Hyper reference `stacks-perfect-section-phantom' on page 57 unde
fined on input line 132.


LaTeX Warning: Hyper reference `stacks-introduction-section-phantom' on page 57
 undefined on input line 133.


LaTeX Warning: Hyper reference `stacks-more-morphisms-section-phantom' on page 
57 undefined on input line 134.


LaTeX Warning: Hyper reference `stacks-geometry-section-phantom' on page 57 und
efined on input line 135.


LaTeX Warning: Hyper reference `moduli-section-phantom' on page 57 undefined on
 input line 140.


LaTeX Warning: Hyper reference `moduli-curves-section-phantom' on page 57 undef
ined on input line 141.


LaTeX Warning: Hyper reference `examples-section-phantom' on page 57 undefined 
on input line 146.


LaTeX Warning: Hyper reference `exercises-section-phantom' on page 57 undefined
 on input line 147.


LaTeX Warning: Hyper reference `guide-section-phantom' on page 57 undefined on 
input line 148.


LaTeX Warning: Hyper reference `desirables-section-phantom' on page 57 undefine
d on input line 149.


LaTeX Warning: Hyper reference `coding-section-phantom' on page 57 undefined on
 input line 150.


LaTeX Warning: Hyper reference `obsolete-section-phantom' on page 57 undefined 
on input line 151.


LaTeX Warning: Hyper reference `fdl-section-phantom' on page 57 undefined on in
put line 152.


LaTeX Warning: Hyper reference `index-section-phantom' on page 57 undefined on 
input line 153.

) (spaces-limits.bbl
Underfull \hbox (badness 10000) in paragraph at lines 16--18
[]\T1/lmr/m/n/8 David Rydh, \T1/lmr/m/it/8 Noe-ther-ian ap-prox-i-ma-tion of al
-ge-braic spaces and stacks\T1/lmr/m/n/8 ,
 []

) [57] (spaces-limits.aux)
 ***********
LaTeX2e <2025-11-01>
L3 programming layer <2026-03-20>
 ***********


LaTeX Warning: There were undefined references.

Package rerunfilecheck Info: File `spaces-limits.out' has not changed.
(rerunfilecheck)             Checksum: 229FA646BC4F65E05366221AB787F1B1;4961.
 ) 
Here is how much of TeX's memory you used:
 14418 strings out of 467691
 230347 string characters out of 5414503
 699530 words of memory out of 5000000
 42408 multiletter control sequences out of 15000+600000
 706643 words of font info for 94 fonts, out of 8000000 for 9000
 1302 hyphenation exceptions out of 8191
 80i,23n,82p,3243b,930s stack positions out of 10000i,1000n,20000p,200000b,200000s
<<USER_ROOT>/AppData/Local/Programs/MiKTeX/fonts/type1/public/amsfonts/eu
ler/eufm10.pfb><<USER_ROOT>/AppData/Local/Programs/MiKTeX/fonts/type1/publi
c/lm/lmbx10.pfb><<USER_ROOT>/AppData/Local/Programs/MiKTeX/fonts/type1/publ
ic/lm/lmbx7.pfb><<USER_ROOT>/AppData/Local/Programs/MiKTeX/fonts/type1/publ
ic/lm/lmbx8.pfb><<USER_ROOT>/AppData/Local/Programs/MiKTeX/fonts/type1/publ
ic/lm/lmex10.pfb><<USER_ROOT>/AppData/Local/Programs/MiKTeX/fonts/type1/pub
lic/lm/lmmi10.pfb><<USER_ROOT>/AppData/Local/Programs/MiKTeX/fonts/type1/pu
blic/lm/lmmi5.pfb><<USER_ROOT>/AppData/Local/Programs/MiKTeX/fonts/type1/pu
blic/lm/lmmi7.pfb><<USER_ROOT>/AppData/Local/Programs/MiKTeX/fonts/type1/pu
blic/lm/lmr10.pfb><<USER_ROOT>/AppData/Local/Programs/MiKTeX/fonts/type1/pu
blic/lm/lmr5.pfb><<USER_ROOT>/AppData/Local/Programs/MiKTeX/fonts/type1/pub
lic/lm/lmr7.pfb><<USER_ROOT>/AppData/Local/Programs/MiKTeX/fonts/type1/publ
ic/lm/lmr8.pfb><<USER_ROOT>/AppData/Local/Programs/MiKTeX/fonts/type1/publi
c/lm/lmri10.pfb><<USER_ROOT>/AppData/Local/Programs/MiKTeX/fonts/type1/publ
ic/lm/lmri7.pfb><<USER_ROOT>/AppData/Local/Programs/MiKTeX/fonts/type1/publ
ic/lm/lmri8.pfb><<USER_ROOT>/AppData/Local/Programs/MiKTeX/fonts/type1/publ
ic/lm/lmsy10.pfb><<USER_ROOT>/AppData/Local/Programs/MiKTeX/fonts/type1/pub
lic/lm/lmsy5.pfb><<USER_ROOT>/AppData/Local/Programs/MiKTeX/fonts/type1/pub
lic/lm/lmsy7.pfb><<USER_ROOT>/AppData/Local/Programs/MiKTeX/fonts/type1/pub
lic/amsfonts/symbols/msam10.pfb><<USER_ROOT>/AppData/Local/Programs/MiKTeX/
fonts/type1/public/xypic/xyatip10.pfb><<USER_ROOT>/AppData/Local/Programs/M
iKTeX/fonts/type1/public/xypic/xybtip10.pfb>
Output written on spaces-limits.pdf (57 pages, 729183 bytes).
PDF statistics:
 1246 PDF objects out of 1440 (max. 8388607)
 467 named destinations out of 1000 (max. 500000)
 201 words of extra memory for PDF output out of 10000 (max. 10000000)

