This is pdfTeX, Version 3.141592653-2.6-1.40.29 (MiKTeX 26.5) (preloaded format=pdflatex 2026.8.21)  10 SEP 2026 00:00
entering extended mode
 file:line:error style messages enabled.
 %&-line parsing enabled.
**./spaces-perfect.tex
(spaces-perfect.tex
LaTeX2e <2025-11-01>
L3 programming layer <2026-03-20>
(preamble.tex (stacks-project.cls
Document Class: stacks-project 
\linespacing=\dimen150
\normalparindent=\dimen151
\normaltopskip=\skip49
(<USER_ROOT>\AppData\Local\Programs\MiKTeX\tex/latex/amsmath\amsmath.sty
Package: amsmath 2025/07/09 v2.17z AMS math features
\@mathmargin=\skip50

For additional information on amsmath, use the `?' option.
(<USER_ROOT>\AppData\Local\Programs\MiKTeX\tex/latex/amsmath\amstext.sty
Package: amstext 2024/11/17 v2.01 AMS text

(<USER_ROOT>\AppData\Local\Programs\MiKTeX\tex/latex/amsmath\amsgen.sty
File: amsgen.sty 1999/11/30 v2.0 generic functions
\@emptytoks=\toks17
\ex@=\dimen152
))
(<USER_ROOT>\AppData\Local\Programs\MiKTeX\tex/latex/amsmath\amsbsy.sty
Package: amsbsy 1999/11/29 v1.2d Bold Symbols
\pmbraise@=\dimen153
)
(<USER_ROOT>\AppData\Local\Programs\MiKTeX\tex/latex/amsmath\amsopn.sty
Package: amsopn 2022/04/08 v2.04 operator names
)
\inf@bad=\count275
LaTeX Info: Redefining \frac on input line 233.
\uproot@=\count276
\leftroot@=\count277
LaTeX Info: Redefining \overline on input line 398.
LaTeX Info: Redefining \colon on input line 409.
\classnum@=\count278
\DOTSCASE@=\count279
LaTeX Info: Redefining \ldots on input line 495.
LaTeX Info: Redefining \dots on input line 498.
LaTeX Info: Redefining \cdots on input line 619.
\Mathstrutbox@=\box53
\strutbox@=\box54
LaTeX Info: Redefining \big on input line 721.
LaTeX Info: Redefining \Big on input line 722.
LaTeX Info: Redefining \bigg on input line 723.
LaTeX Info: Redefining \Bigg on input line 724.
\big@size=\dimen154
LaTeX Font Info:    Redeclaring font encoding OML on input line 742.
LaTeX Font Info:    Redeclaring font encoding OMS on input line 743.
\macc@depth=\count280
LaTeX Info: Redefining \bmod on input line 904.
LaTeX Info: Redefining \pmod on input line 909.
LaTeX Info: Redefining \smash on input line 939.
LaTeX Info: Redefining \relbar on input line 969.
LaTeX Info: Redefining \Relbar on input line 970.
\c@MaxMatrixCols=\count281
\dotsspace@=\muskip17
\c@parentequation=\count282
\dspbrk@lvl=\count283
\tag@help=\toks18
\row@=\count284
\column@=\count285
\maxfields@=\count286
\andhelp@=\toks19
\eqnshift@=\dimen155
\alignsep@=\dimen156
\tagshift@=\dimen157
\tagwidth@=\dimen158
\totwidth@=\dimen159
\lineht@=\dimen160
\@envbody=\toks20
\multlinegap=\skip51
\multlinetaggap=\skip52
\mathdisplay@stack=\toks21
LaTeX Info: Redefining \[ on input line 2950.
LaTeX Info: Redefining \] on input line 2951.
)
LaTeX Font Info:    Trying to load font information for U+msa on input line 361
.

(<USER_ROOT>\AppData\Local\Programs\MiKTeX\tex/latex/amsfonts\umsa.fd
File: umsa.fd 2013/01/14 v3.01 AMS symbols A
)
(<USER_ROOT>\AppData\Local\Programs\MiKTeX\tex/latex/amsfonts\amsfonts.sty
Package: amsfonts 2013/01/14 v3.01 Basic AMSFonts support
\symAMSa=\mathgroup4
\symAMSb=\mathgroup5
LaTeX Font Info:    Redeclaring math symbol \hbar on input line 98.
LaTeX Font Info:    Overwriting math alphabet `\mathfrak' in version `bold'
(Font)                  U/euf/m/n --> U/euf/b/n on input line 106.
)
\copyins=\insert252
\abstractbox=\box55
\listisep=\skip53
\c@part=\count287
\c@section=\count288
\c@subsection=\count289
\c@subsubsection=\count290
\c@paragraph=\count291
\c@subparagraph=\count292
\c@figure=\count293
\c@table=\count294
\abovecaptionskip=\skip54
\belowcaptionskip=\skip55
\captionindent=\dimen161
\thm@style=\toks22
\thm@bodyfont=\toks23
\thm@headfont=\toks24
\thm@notefont=\toks25
\thm@headpunct=\toks26
\thm@preskip=\skip56
\thm@postskip=\skip57
\thm@headsep=\skip58
\dth@everypar=\toks27
) (<USER_ROOT>\AppData\Local\Programs\MiKTeX\tex/latex/tools\verbatim.sty
Package: verbatim 2024-01-22 v1.5x LaTeX2e package for verbatim enhancements
\every@verbatim=\toks28
\verbatim@line=\toks29
\verbatim@in@stream=\read2
)
(<USER_ROOT>\AppData\Local\Programs\MiKTeX\tex/generic/xypic\xy.sty
(<USER_ROOT>\AppData\Local\Programs\MiKTeX\tex/generic/xypic\xy.tex
Bootstrap'ing: catcodes, docmode,
(<USER_ROOT>\AppData\Local\Programs\MiKTeX\tex/generic/xypic\xyrecat.tex)
(<USER_ROOT>\AppData\Local\Programs\MiKTeX\tex/generic/xypic\xyidioms.tex)

 Xy-pic version 3.8.9 <2013/10/06>
 Copyright (c) 1991-2013 by Kristoffer H. Rose <krisrose@tug.org> and others
 Xy-pic is free software: see the User's Guide for details.

Loading kernel: messages; fonts; allocations: state,
\X@c=\dimen162
\Y@c=\dimen163
\U@c=\dimen164
\D@c=\dimen165
\L@c=\dimen166
\R@c=\dimen167
\Edge@c=\toks30
\X@p=\dimen168
\Y@p=\dimen169
\U@p=\dimen170
\D@p=\dimen171
\L@p=\dimen172
\R@p=\dimen173
\Edge@p=\toks31
\X@origin=\dimen174
\Y@origin=\dimen175
\X@xbase=\dimen176
\Y@xbase=\dimen177
\X@ybase=\dimen178
\Y@ybase=\dimen179
\X@min=\dimen180
\Y@min=\dimen181
\X@max=\dimen182
\Y@max=\dimen183
\lastobjectbox@=\box56
\zerodotbox@=\box57
\almostz@=\dimen184
 direction,
\d@X=\dimen185
\d@Y=\dimen186
\K@=\count295
\KK@=\count296
\Direction=\count297
\K@dXdY=\dimen187
\K@dYdX=\dimen188
\xyread@=\read3
\xywrite@=\write3
\csp@=\count298
\quotPTK@=\dimen189

utility macros; pictures: \xy, positions,
\swaptoks@@=\toks32
\connectobjectbox@@=\box58
 objects,
\styletoks@=\toks33
 decorations;
kernel objects: directionals, circles, text; options; algorithms: directions,
edges, connections;  Xy-pic loaded)
(<USER_ROOT>\AppData\Local\Programs\MiKTeX\tex/generic/iftex\ifpdf.sty
Package: ifpdf 2019/10/25 v3.4 ifpdf legacy package. Use iftex instead.

(<USER_ROOT>\AppData\Local\Programs\MiKTeX\tex/generic/iftex\iftex.sty
Package: iftex 2024/12/12 v1.0g TeX engine tests
))
Package: xy 2013/10/06 Xy-pic version 3.8.9

(<USER_ROOT>\AppData\Local\Programs\MiKTeX\tex/generic/xypic\xyall.tex
 Xy-pic option: All features v.3.8
(<USER_ROOT>\AppData\Local\Programs\MiKTeX\tex/generic/xypic\xycurve.tex
 Xy-pic option: Curve and Spline extension v.3.12 curve,
\crv@cnt@=\count299
\crvpts@=\toks34
\splinebox@=\box59
\splineval@=\dimen190
\splinedepth@=\dimen191
\splinetol@=\dimen192
\splinelength@=\dimen193
 circles,
\L@=\dimen194
 loaded)
(<USER_ROOT>\AppData\Local\Programs\MiKTeX\tex/generic/xypic\xyframe.tex
 Xy-pic option: Frame and Bracket extension v.3.14 loaded)
(<USER_ROOT>\AppData\Local\Programs\MiKTeX\tex/generic/xypic\xycmtip.tex
 Xy-pic option: Computer Modern tip extension v.3.7
(<USER_ROOT>\AppData\Local\Programs\MiKTeX\tex/generic/xypic\xytips.tex
 Xy-pic option: More Tips extension v.3.11 loaded) loaded)
(<USER_ROOT>\AppData\Local\Programs\MiKTeX\tex/generic/xypic\xyline.tex
 Xy-pic option: Line styles extension v.3.10
\xylinethick@=\dimen195
 loaded)
(<USER_ROOT>\AppData\Local\Programs\MiKTeX\tex/generic/xypic\xyrotate.tex
 Xy-pic option: Rotate and Scale extension v.3.8 loaded)
(<USER_ROOT>\AppData\Local\Programs\MiKTeX\tex/generic/xypic\xycolor.tex
 Xy-pic option: Colour extension v.3.11 loaded)
(<USER_ROOT>\AppData\Local\Programs\MiKTeX\tex/generic/xypic\xymatrix.tex
 Xy-pic option: Matrix feature v.3.14
\Row=\count300
\Col=\count301
\queue@=\toks35
\queue@@=\toks36
\qcount@=\count302
\qcount@@=\count303
\matrixsize@=\count304
 loaded)
(<USER_ROOT>\AppData\Local\Programs\MiKTeX\tex/generic/xypic\xyarrow.tex
 Xy-pic option: Arrow and Path feature v.3.9 path, \ar, loaded)
(<USER_ROOT>\AppData\Local\Programs\MiKTeX\tex/generic/xypic\xygraph.tex
 Xy-pic option: Graph feature v.3.11 loaded) loaded)
(<USER_ROOT>\AppData\Local\Programs\MiKTeX\tex/generic/xypic\xypdf.tex
 Xy-pic option: PDF driver v.1.7 Xy-pic pdf driver: `color' extension support
(<USER_ROOT>\AppData\Local\Programs\MiKTeX\tex/generic/xypic\xypdf-co.tex
loaded) Xy-pic pdf driver: `curve' extension support
(<USER_ROOT>\AppData\Local\Programs\MiKTeX\tex/generic/xypic\xypdf-cu.tex
loaded) Xy-pic pdf driver: `frame' extension support
(<USER_ROOT>\AppData\Local\Programs\MiKTeX\tex/generic/xypic\xypdf-fr.tex
loaded) Xy-pic pdf driver: `line' extension support
(<USER_ROOT>\AppData\Local\Programs\MiKTeX\tex/generic/xypic\xypdf-li.tex
loaded) Xy-pic pdf driver: `rotate' extension support
(<USER_ROOT>\AppData\Local\Programs\MiKTeX\tex/generic/xypic\xypdf-ro.tex
loaded) loaded))
(<USER_ROOT>\AppData\Local\Programs\MiKTeX\tex/generic/xypic\xy2cell.tex
 Xy-pic option: Two-cell feature v.3.7 two-cells, loaded)
(<USER_ROOT>\AppData\Local\Programs\MiKTeX\tex/latex/tools\multicol.sty
Package: multicol 2025/10/21 v2.0b multicolumn formatting (FMi)
\c@tracingmulticols=\count305
\mult@box=\box60
\multicol@leftmargin=\dimen196
\c@unbalance=\count306
\c@collectmore=\count307
\doublecol@number=\count308
\multicoltolerance=\count309
\multicolpretolerance=\count310
\full@width=\dimen197
\page@free=\dimen198
\premulticols=\dimen199
\postmulticols=\dimen256
\multicolsep=\skip59
\multicolbaselineskip=\skip60
\partial@page=\box61
\last@line=\box62
\mc@boxedresult=\box63
\maxbalancingoverflow=\dimen257
\mult@rightbox=\box64
\mult@grightbox=\box65
\mult@firstbox=\box66
\mult@gfirstbox=\box67
\@tempa=\box68
\@tempa=\box69
\@tempa=\box70
\@tempa=\box71
\@tempa=\box72
\@tempa=\box73
\@tempa=\box74
\@tempa=\box75
\@tempa=\box76
\@tempa=\box77
\@tempa=\box78
\@tempa=\box79
\@tempa=\box80
\@tempa=\box81
\@tempa=\box82
\@tempa=\box83
\@tempa=\box84
\@tempa=\box85
\@tempa=\box86
\@tempa=\box87
\@tempa=\box88
\@tempa=\box89
\@tempa=\box90
\@tempa=\box91
\@tempa=\box92
\@tempa=\box93
\@tempa=\box94
\@tempa=\box95
\@tempa=\box96
\@tempa=\box97
\@tempa=\box98
\@tempa=\box99
\@tempa=\box100
\@tempa=\box101
\@tempa=\box102
\@tempa=\box103
\c@minrows=\count311
\c@columnbadness=\count312
\c@finalcolumnbadness=\count313
\last@try=\dimen258
\multicolovershoot=\dimen259
\multicolundershoot=\dimen260
\mult@nat@firstbox=\box104
\colbreak@box=\box105
\mc@col@check@num=\count314
\g__mc_curr_col_int=\count315
)
(<USER_ROOT>\AppData\Local\Programs\MiKTeX\tex/latex/lm\lmodern.sty
Package: lmodern 2015/05/01 v1.6.1 Latin Modern Fonts
LaTeX Font Info:    Overwriting symbol font `operators' in version `normal'
(Font)                  OT1/cmr/m/n --> OT1/lmr/m/n on input line 22.
LaTeX Font Info:    Overwriting symbol font `letters' in version `normal'
(Font)                  OML/cmm/m/it --> OML/lmm/m/it on input line 23.
LaTeX Font Info:    Overwriting symbol font `symbols' in version `normal'
(Font)                  OMS/cmsy/m/n --> OMS/lmsy/m/n on input line 24.
LaTeX Font Info:    Overwriting symbol font `largesymbols' in version `normal'
(Font)                  OMX/cmex/m/n --> OMX/lmex/m/n on input line 25.
LaTeX Font Info:    Overwriting symbol font `operators' in version `bold'
(Font)                  OT1/cmr/bx/n --> OT1/lmr/bx/n on input line 26.
LaTeX Font Info:    Overwriting symbol font `letters' in version `bold'
(Font)                  OML/cmm/b/it --> OML/lmm/b/it on input line 27.
LaTeX Font Info:    Overwriting symbol font `symbols' in version `bold'
(Font)                  OMS/cmsy/b/n --> OMS/lmsy/b/n on input line 28.
LaTeX Font Info:    Overwriting symbol font `largesymbols' in version `bold'
(Font)                  OMX/cmex/m/n --> OMX/lmex/m/n on input line 29.
LaTeX Font Info:    Overwriting math alphabet `\mathbf' in version `normal'
(Font)                  OT1/cmr/bx/n --> OT1/lmr/bx/n on input line 31.
LaTeX Font Info:    Overwriting math alphabet `\mathsf' in version `normal'
(Font)                  OT1/cmss/m/n --> OT1/lmss/m/n on input line 32.
LaTeX Font Info:    Overwriting math alphabet `\mathit' in version `normal'
(Font)                  OT1/cmr/m/it --> OT1/lmr/m/it on input line 33.
LaTeX Font Info:    Overwriting math alphabet `\mathtt' in version `normal'
(Font)                  OT1/cmtt/m/n --> OT1/lmtt/m/n on input line 34.
LaTeX Font Info:    Overwriting math alphabet `\mathbf' in version `bold'
(Font)                  OT1/cmr/bx/n --> OT1/lmr/bx/n on input line 35.
LaTeX Font Info:    Overwriting math alphabet `\mathsf' in version `bold'
(Font)                  OT1/cmss/bx/n --> OT1/lmss/bx/n on input line 36.
LaTeX Font Info:    Overwriting math alphabet `\mathit' in version `bold'
(Font)                  OT1/cmr/bx/it --> OT1/lmr/bx/it on input line 37.
LaTeX Font Info:    Overwriting math alphabet `\mathtt' in version `bold'
(Font)                  OT1/cmtt/m/n --> OT1/lmtt/m/n on input line 38.
)
(<USER_ROOT>\AppData\Local\Programs\MiKTeX\tex/latex/base\fontenc.sty
Package: fontenc 2025/07/18 v2.1d Standard LaTeX package
LaTeX Font Info:    Trying to load font information for T1+lmr on input line 11
6.

(<USER_ROOT>\AppData\Local\Programs\MiKTeX\tex/latex/lm\t1lmr.fd
File: t1lmr.fd 2015/05/01 v1.6.1 Font defs for Latin Modern
))
(<USER_ROOT>\AppData\Local\Programs\MiKTeX\tex/latex/hyperref\xr-hyper.sty
Package: xr-hyper 2026-04-24 v7.01q eXternal References (DPC)
) (<USER_ROOT>\AppData\Local\Programs\MiKTeX\tex/latex/hyperref\hyperref.st
y
Package: hyperref 2026-04-24 v7.01q Hypertext links for LaTeX
(<USER_ROOT>\AppData\Local\Programs\MiKTeX\tex/latex/graphics\keyval.sty
Package: keyval 2022/05/29 v1.15 key=value parser (DPC)
\KV@toks@=\toks37
)
(<USER_ROOT>\AppData\Local\Programs\MiKTeX\tex/latex/kvsetkeys\kvsetkeys.st
y
Package: kvsetkeys 2022-10-05 v1.19 Key value parser (HO)
)
(<USER_ROOT>\AppData\Local\Programs\MiKTeX\tex/generic/kvdefinekeys\kvdefin
ekeys.sty
Package: kvdefinekeys 2019-12-19 v1.6 Define keys (HO)
)
(<USER_ROOT>\AppData\Local\Programs\MiKTeX\tex/generic/pdfescape\pdfescape.
sty
Package: pdfescape 2019/12/09 v1.15 Implements pdfTeX's escape features (HO)

(<USER_ROOT>\AppData\Local\Programs\MiKTeX\tex/generic/ltxcmds\ltxcmds.sty
Package: ltxcmds 2023-12-04 v1.26 LaTeX kernel commands for general use (HO)
)
(<USER_ROOT>\AppData\Local\Programs\MiKTeX\tex/generic/pdftexcmds\pdftexcmd
s.sty
Package: pdftexcmds 2020-06-27 v0.33 Utility functions of pdfTeX for LuaTeX (HO
)

(<USER_ROOT>\AppData\Local\Programs\MiKTeX\tex/generic/infwarerr\infwarerr.
sty
Package: infwarerr 2019/12/03 v1.5 Providing info/warning/error messages (HO)
)
Package pdftexcmds Info: \pdf@primitive is available.
Package pdftexcmds Info: \pdf@ifprimitive is available.
Package pdftexcmds Info: \pdfdraftmode found.
))
(<USER_ROOT>\AppData\Local\Programs\MiKTeX\tex/latex/hycolor\hycolor.sty
Package: hycolor 2020-01-27 v1.10 Color options for hyperref/bookmark (HO)
)
(<USER_ROOT>\AppData\Local\Programs\MiKTeX\tex/latex/hyperref\nameref.sty
Package: nameref 2026-01-29 v2.58 Cross-referencing by name of section

(<USER_ROOT>\AppData\Local\Programs\MiKTeX\tex/latex/refcount\refcount.sty
Package: refcount 2019/12/15 v3.6 Data extraction from label references (HO)
)
(<USER_ROOT>\AppData\Local\Programs\MiKTeX\tex/generic/gettitlestring\getti
tlestring.sty
Package: gettitlestring 2019/12/15 v1.6 Cleanup title references (HO)

(<USER_ROOT>\AppData\Local\Programs\MiKTeX\tex/latex/kvoptions\kvoptions.st
y
Package: kvoptions 2022-06-15 v3.15 Key value format for package options (HO)
))
\c@section@level=\count316
)
(<USER_ROOT>\AppData\Local\Programs\MiKTeX\tex/latex/etoolbox\etoolbox.sty
Package: etoolbox 2025/10/02 v2.5m e-TeX tools for LaTeX (JAW)
\etb@tempcnta=\count317
)
(<USER_ROOT>\AppData\Local\Programs\MiKTeX\tex/generic/stringenc\stringenc.
sty
Package: stringenc 2019/11/29 v1.12 Convert strings between diff. encodings (HO
)
)
\@linkdim=\dimen261
\Hy@linkcounter=\count318
\Hy@pagecounter=\count319

(<USER_ROOT>\AppData\Local\Programs\MiKTeX\tex/latex/hyperref\pd1enc.def
File: pd1enc.def 2026-04-24 v7.01q Hyperref: PDFDocEncoding definition (HO)
Now handling font encoding PD1 ...
... no UTF-8 mapping file for font encoding PD1
)
(<USER_ROOT>\AppData\Local\Programs\MiKTeX\tex/generic/intcalc\intcalc.sty
Package: intcalc 2019/12/15 v1.3 Expandable calculations with integers (HO)
)
\Hy@SavedSpaceFactor=\count320
(<USER_ROOT>\AppData\Local\Programs\MiKTeX\tex/latex/hyperref\puenc.def
File: puenc.def 2026-04-24 v7.01q Hyperref: PDF Unicode definition (HO)
Now handling font encoding PU ...
... no UTF-8 mapping file for font encoding PU
)
(hyperref.cfg
File: hyperref.cfg 
)
Package hyperref Info: Hyper figures OFF on input line 4199.
Package hyperref Info: Link nesting OFF on input line 4204.
Package hyperref Info: Hyper index ON on input line 4207.
Package hyperref Info: Plain pages OFF on input line 4214.
Package hyperref Info: Backreferencing OFF on input line 4219.
Package hyperref Info: Implicit mode ON; LaTeX internals redefined.
Package hyperref Info: Bookmarks ON on input line 4466.
\c@Hy@tempcnt=\count321

(<USER_ROOT>\AppData\Local\Programs\MiKTeX\tex/latex/url\url.sty
\Urlmuskip=\muskip18
Package: url 2013/09/16  ver 3.4  Verb mode for urls, etc.
)
LaTeX Info: Redefining \url on input line 4805.
\XeTeXLinkMargin=\dimen262

(<USER_ROOT>\AppData\Local\Programs\MiKTeX\tex/generic/bitset\bitset.sty
Package: bitset 2019/12/09 v1.3 Handle bit-vector datatype (HO)

(<USER_ROOT>\AppData\Local\Programs\MiKTeX\tex/generic/bigintcalc\bigintcal
c.sty
Package: bigintcalc 2019/12/15 v1.5 Expandable calculations on big integers (HO
)
))
\Fld@menulength=\count322
\Field@Width=\dimen263
\Fld@charsize=\dimen264
Package hyperref Info: Hyper figures OFF on input line 6091.
Package hyperref Info: Link nesting OFF on input line 6096.
Package hyperref Info: Hyper index ON on input line 6099.
Package hyperref Info: backreferencing OFF on input line 6106.
Package hyperref Info: Link coloring OFF on input line 6111.
Package hyperref Info: Link coloring with OCG OFF on input line 6116.
Package hyperref Info: PDF/A mode OFF on input line 6121.
\Hy@abspage=\count323
\c@Item=\count324
\c@Hfootnote=\count325
)
Package hyperref Info: Driver (autodetected): hpdftex.

(<USER_ROOT>\AppData\Local\Programs\MiKTeX\tex/latex/hyperref\hpdftex.def
File: hpdftex.def 2026-04-24 v7.01q Hyperref driver for pdfTeX
\Fld@listcount=\count326
\c@bookmark@seq@number=\count327

(<USER_ROOT>\AppData\Local\Programs\MiKTeX\tex/latex/rerunfilecheck\rerunfi
lecheck.sty
Package: rerunfilecheck 2025-06-21 v1.11 Rerun checks for auxiliary files (HO)

(<USER_ROOT>\AppData\Local\Programs\MiKTeX\tex/generic/uniquecounter\unique
counter.sty
Package: uniquecounter 2019/12/15 v1.4 Provide unlimited unique counter (HO)
)
Package uniquecounter Info: New unique counter `rerunfilecheck' on input line 2
84.
)
\Hy@SectionHShift=\skip61
)

Package xr Warning: 
No file introduction.aux
LABELS NOT IMPORTED.
 on input line 37.


Package xr Warning: 
No file conventions.aux
LABELS NOT IMPORTED.
 on input line 38.


Package xr Warning: 
No file sets.aux
LABELS NOT IMPORTED.
 on input line 39.


Package xr Warning: 
No file categories.aux
LABELS NOT IMPORTED.
 on input line 40.


Package xr Warning: 
No file topology.aux
LABELS NOT IMPORTED.
 on input line 41.


Package xr Warning: 
No file sheaves.aux
LABELS NOT IMPORTED.
 on input line 42.


Package xr Warning: 
No file sites.aux
LABELS NOT IMPORTED.
 on input line 43.


Package xr Warning: 
No file stacks.aux
LABELS NOT IMPORTED.
 on input line 44.


Package xr Warning: 
No file fields.aux
LABELS NOT IMPORTED.
 on input line 45.


Package xr Warning: 
No file algebra.aux
LABELS NOT IMPORTED.
 on input line 46.


Package xr Warning: 
No file brauer.aux
LABELS NOT IMPORTED.
 on input line 47.


Package xr Warning: 
No file homology.aux
LABELS NOT IMPORTED.
 on input line 48.


Package xr Warning: 
No file derived.aux
LABELS NOT IMPORTED.
 on input line 49.


Package xr Warning: 
No file simplicial.aux
LABELS NOT IMPORTED.
 on input line 50.


Package xr Warning: 
No file more-algebra.aux
LABELS NOT IMPORTED.
 on input line 51.


Package xr Warning: 
No file smoothing.aux
LABELS NOT IMPORTED.
 on input line 52.


Package xr Warning: 
No file modules.aux
LABELS NOT IMPORTED.
 on input line 53.


Package xr Warning: 
No file sites-modules.aux
LABELS NOT IMPORTED.
 on input line 54.


Package xr Warning: 
No file injectives.aux
LABELS NOT IMPORTED.
 on input line 55.


Package xr Warning: 
No file cohomology.aux
LABELS NOT IMPORTED.
 on input line 56.


Package xr Warning: 
No file sites-cohomology.aux
LABELS NOT IMPORTED.
 on input line 57.


Package xr Warning: 
No file dga.aux
LABELS NOT IMPORTED.
 on input line 58.


Package xr Warning: 
No file dpa.aux
LABELS NOT IMPORTED.
 on input line 59.


Package xr Warning: 
No file sdga.aux
LABELS NOT IMPORTED.
 on input line 60.


Package xr Warning: 
No file hypercovering.aux
LABELS NOT IMPORTED.
 on input line 61.


Package xr Warning: 
No file schemes.aux
LABELS NOT IMPORTED.
 on input line 62.


Package xr Warning: 
No file constructions.aux
LABELS NOT IMPORTED.
 on input line 63.


Package xr Warning: 
No file properties.aux
LABELS NOT IMPORTED.
 on input line 64.


Package xr Warning: 
No file morphisms.aux
LABELS NOT IMPORTED.
 on input line 65.


Package xr Warning: 
No file coherent.aux
LABELS NOT IMPORTED.
 on input line 66.


Package xr Warning: 
No file divisors.aux
LABELS NOT IMPORTED.
 on input line 67.


Package xr Warning: 
No file limits.aux
LABELS NOT IMPORTED.
 on input line 68.


Package xr Warning: 
No file varieties.aux
LABELS NOT IMPORTED.
 on input line 69.


Package xr Warning: 
No file topologies.aux
LABELS NOT IMPORTED.
 on input line 70.


Package xr Warning: 
No file descent.aux
LABELS NOT IMPORTED.
 on input line 71.


Package xr Warning: 
No file perfect.aux
LABELS NOT IMPORTED.
 on input line 72.


Package xr Warning: 
No file more-morphisms.aux
LABELS NOT IMPORTED.
 on input line 73.


Package xr Warning: 
No file flat.aux
LABELS NOT IMPORTED.
 on input line 74.

Package xr Info: IMPORTING LABELS FROM groupoids.aux on input line 75.

Package xr Warning: 
No file more-groupoids.aux
LABELS NOT IMPORTED.
 on input line 76.


Package xr Warning: 
No file etale.aux
LABELS NOT IMPORTED.
 on input line 77.


Package xr Warning: 
No file chow.aux
LABELS NOT IMPORTED.
 on input line 78.


Package xr Warning: 
No file intersection.aux
LABELS NOT IMPORTED.
 on input line 79.


Package xr Warning: 
No file pic.aux
LABELS NOT IMPORTED.
 on input line 80.


Package xr Warning: 
No file weil.aux
LABELS NOT IMPORTED.
 on input line 81.


Package xr Warning: 
No file adequate.aux
LABELS NOT IMPORTED.
 on input line 82.


Package xr Warning: 
No file dualizing.aux
LABELS NOT IMPORTED.
 on input line 83.


Package xr Warning: 
No file duality.aux
LABELS NOT IMPORTED.
 on input line 84.


Package xr Warning: 
No file discriminant.aux
LABELS NOT IMPORTED.
 on input line 85.


Package xr Warning: 
No file derham.aux
LABELS NOT IMPORTED.
 on input line 86.


Package xr Warning: 
No file local-cohomology.aux
LABELS NOT IMPORTED.
 on input line 87.


Package xr Warning: 
No file algebraization.aux
LABELS NOT IMPORTED.
 on input line 88.


Package xr Warning: 
No file curves.aux
LABELS NOT IMPORTED.
 on input line 89.


Package xr Warning: 
No file resolve.aux
LABELS NOT IMPORTED.
 on input line 90.


Package xr Warning: 
No file models.aux
LABELS NOT IMPORTED.
 on input line 91.


Package xr Warning: 
No file functors.aux
LABELS NOT IMPORTED.
 on input line 92.


Package xr Warning: 
No file equiv.aux
LABELS NOT IMPORTED.
 on input line 93.


Package xr Warning: 
No file pione.aux
LABELS NOT IMPORTED.
 on input line 94.


Package xr Warning: 
No file etale-cohomology.aux
LABELS NOT IMPORTED.
 on input line 95.


Package xr Warning: 
No file proetale.aux
LABELS NOT IMPORTED.
 on input line 96.


Package xr Warning: 
No file relative-cycles.aux
LABELS NOT IMPORTED.
 on input line 97.


Package xr Warning: 
No file more-etale.aux
LABELS NOT IMPORTED.
 on input line 98.


Package xr Warning: 
No file trace.aux
LABELS NOT IMPORTED.
 on input line 99.


Package xr Warning: 
No file crystalline.aux
LABELS NOT IMPORTED.
 on input line 100.


Package xr Warning: 
No file spaces.aux
LABELS NOT IMPORTED.
 on input line 101.


Package xr Warning: 
No file spaces-properties.aux
LABELS NOT IMPORTED.
 on input line 102.


Package xr Warning: 
No file spaces-morphisms.aux
LABELS NOT IMPORTED.
 on input line 103.


Package xr Warning: 
No file decent-spaces.aux
LABELS NOT IMPORTED.
 on input line 104.


Package xr Warning: 
No file spaces-cohomology.aux
LABELS NOT IMPORTED.
 on input line 105.


Package xr Warning: 
No file spaces-limits.aux
LABELS NOT IMPORTED.
 on input line 106.


Package xr Warning: 
No file spaces-divisors.aux
LABELS NOT IMPORTED.
 on input line 107.


Package xr Warning: 
No file spaces-over-fields.aux
LABELS NOT IMPORTED.
 on input line 108.


Package xr Warning: 
No file spaces-topologies.aux
LABELS NOT IMPORTED.
 on input line 109.


Package xr Warning: 
No file spaces-descent.aux
LABELS NOT IMPORTED.
 on input line 110.

Package xr Info: IMPORTING LABELS FROM spaces-perfect.aux on input line 111.

Package xr Warning: 
No file spaces-more-morphisms.aux
LABELS NOT IMPORTED.
 on input line 112.


Package xr Warning: 
No file spaces-flat.aux
LABELS NOT IMPORTED.
 on input line 113.


Package xr Warning: 
No file spaces-groupoids.aux
LABELS NOT IMPORTED.
 on input line 114.


Package xr Warning: 
No file spaces-more-groupoids.aux
LABELS NOT IMPORTED.
 on input line 115.


Package xr Warning: 
No file bootstrap.aux
LABELS NOT IMPORTED.
 on input line 116.


Package xr Warning: 
No file spaces-pushouts.aux
LABELS NOT IMPORTED.
 on input line 117.


Package xr Warning: 
No file spaces-chow.aux
LABELS NOT IMPORTED.
 on input line 118.


Package xr Warning: 
No file groupoids-quotients.aux
LABELS NOT IMPORTED.
 on input line 119.


Package xr Warning: 
No file spaces-more-cohomology.aux
LABELS NOT IMPORTED.
 on input line 120.


Package xr Warning: 
No file spaces-simplicial.aux
LABELS NOT IMPORTED.
 on input line 121.


Package xr Warning: 
No file spaces-duality.aux
LABELS NOT IMPORTED.
 on input line 122.


Package xr Warning: 
No file formal-spaces.aux
LABELS NOT IMPORTED.
 on input line 123.


Package xr Warning: 
No file restricted.aux
LABELS NOT IMPORTED.
 on input line 124.


Package xr Warning: 
No file spaces-resolve.aux
LABELS NOT IMPORTED.
 on input line 125.


Package xr Warning: 
No file formal-defos.aux
LABELS NOT IMPORTED.
 on input line 126.


Package xr Warning: 
No file defos.aux
LABELS NOT IMPORTED.
 on input line 127.


Package xr Warning: 
No file cotangent.aux
LABELS NOT IMPORTED.
 on input line 128.


Package xr Warning: 
No file examples-defos.aux
LABELS NOT IMPORTED.
 on input line 129.


Package xr Warning: 
No file algebraic.aux
LABELS NOT IMPORTED.
 on input line 130.


Package xr Warning: 
No file examples-stacks.aux
LABELS NOT IMPORTED.
 on input line 131.


Package xr Warning: 
No file stacks-sheaves.aux
LABELS NOT IMPORTED.
 on input line 132.


Package xr Warning: 
No file criteria.aux
LABELS NOT IMPORTED.
 on input line 133.


Package xr Warning: 
No file artin.aux
LABELS NOT IMPORTED.
 on input line 134.


Package xr Warning: 
No file quot.aux
LABELS NOT IMPORTED.
 on input line 135.


Package xr Warning: 
No file stacks-properties.aux
LABELS NOT IMPORTED.
 on input line 136.


Package xr Warning: 
No file stacks-morphisms.aux
LABELS NOT IMPORTED.
 on input line 137.


Package xr Warning: 
No file stacks-limits.aux
LABELS NOT IMPORTED.
 on input line 138.


Package xr Warning: 
No file stacks-cohomology.aux
LABELS NOT IMPORTED.
 on input line 139.


Package xr Warning: 
No file stacks-perfect.aux
LABELS NOT IMPORTED.
 on input line 140.


Package xr Warning: 
No file stacks-introduction.aux
LABELS NOT IMPORTED.
 on input line 141.


Package xr Warning: 
No file stacks-more-morphisms.aux
LABELS NOT IMPORTED.
 on input line 142.


Package xr Warning: 
No file stacks-geometry.aux
LABELS NOT IMPORTED.
 on input line 143.


Package xr Warning: 
No file moduli.aux
LABELS NOT IMPORTED.
 on input line 144.


Package xr Warning: 
No file moduli-curves.aux
LABELS NOT IMPORTED.
 on input line 145.


Package xr Warning: 
No file examples.aux
LABELS NOT IMPORTED.
 on input line 146.


Package xr Warning: 
No file exercises.aux
LABELS NOT IMPORTED.
 on input line 147.


Package xr Warning: 
No file guide.aux
LABELS NOT IMPORTED.
 on input line 148.


Package xr Warning: 
No file desirables.aux
LABELS NOT IMPORTED.
 on input line 149.


Package xr Warning: 
No file coding.aux
LABELS NOT IMPORTED.
 on input line 150.


Package xr Warning: 
No file obsolete.aux
LABELS NOT IMPORTED.
 on input line 151.


Package xr Warning: 
No file fdl.aux
LABELS NOT IMPORTED.
 on input line 152.


Package xr Warning: 
No file index.aux
LABELS NOT IMPORTED.
 on input line 153.

)
(<USER_ROOT>\AppData\Local\Programs\MiKTeX\tex/latex/l3backend\l3backend-pd
ftex.def
File: l3backend-pdftex.def 2026-02-18 L3 backend support: PDF output (pdfTeX)
\l__color_backend_stack_int=\count328
) (spaces-perfect.aux)
\openout1 = `spaces-perfect.aux'.

LaTeX Font Info:    Checking defaults for OML/cmm/m/it on input line 5.
LaTeX Font Info:    ... okay on input line 5.
LaTeX Font Info:    Checking defaults for OMS/cmsy/m/n on input line 5.
LaTeX Font Info:    ... okay on input line 5.
LaTeX Font Info:    Checking defaults for OT1/cmr/m/n on input line 5.
LaTeX Font Info:    ... okay on input line 5.
LaTeX Font Info:    Checking defaults for T1/cmr/m/n on input line 5.
LaTeX Font Info:    ... okay on input line 5.
LaTeX Font Info:    Checking defaults for TS1/cmr/m/n on input line 5.
LaTeX Font Info:    ... okay on input line 5.
LaTeX Font Info:    Checking defaults for OMX/cmex/m/n on input line 5.
LaTeX Font Info:    ... okay on input line 5.
LaTeX Font Info:    Checking defaults for U/cmr/m/n on input line 5.
LaTeX Font Info:    ... okay on input line 5.
LaTeX Font Info:    Checking defaults for PD1/pdf/m/n on input line 5.
LaTeX Font Info:    ... okay on input line 5.
LaTeX Font Info:    Checking defaults for PU/pdf/m/n on input line 5.
LaTeX Font Info:    ... okay on input line 5.
LaTeX Font Info:    Trying to load font information for OT1+lmr on input line 5
.

(<USER_ROOT>\AppData\Local\Programs\MiKTeX\tex/latex/lm\ot1lmr.fd
File: ot1lmr.fd 2015/05/01 v1.6.1 Font defs for Latin Modern
)
LaTeX Font Info:    Trying to load font information for OML+lmm on input line 5
.

(<USER_ROOT>\AppData\Local\Programs\MiKTeX\tex/latex/lm\omllmm.fd
File: omllmm.fd 2015/05/01 v1.6.1 Font defs for Latin Modern
)
LaTeX Font Info:    Trying to load font information for OMS+lmsy on input line 
5.

(<USER_ROOT>\AppData\Local\Programs\MiKTeX\tex/latex/lm\omslmsy.fd
File: omslmsy.fd 2015/05/01 v1.6.1 Font defs for Latin Modern
)
LaTeX Font Info:    Trying to load font information for OMX+lmex on input line 
5.

(<USER_ROOT>\AppData\Local\Programs\MiKTeX\tex/latex/lm\omxlmex.fd
File: omxlmex.fd 2015/05/01 v1.6.1 Font defs for Latin Modern
)
LaTeX Font Info:    External font `lmex10' loaded for size
(Font)              <8> on input line 5.
LaTeX Font Info:    External font `lmex10' loaded for size
(Font)              <6> on input line 5.
LaTeX Font Info:    External font `lmex10' loaded for size
(Font)              <5> on input line 5.
LaTeX Font Info:    Trying to load font information for U+msa on input line 5.

(<USER_ROOT>\AppData\Local\Programs\MiKTeX\tex/latex/amsfonts\umsa.fd
File: umsa.fd 2013/01/14 v3.01 AMS symbols A
)
LaTeX Font Info:    Trying to load font information for U+msb on input line 5.

(<USER_ROOT>\AppData\Local\Programs\MiKTeX\tex/latex/amsfonts\umsb.fd
File: umsb.fd 2013/01/14 v3.01 AMS symbols B
)
LaTeX Font Info:    External font `lmex10' loaded for size
(Font)              <10> on input line 5.
LaTeX Font Info:    External font `lmex10' loaded for size
(Font)              <7> on input line 5.
Package xypdf Info: Line width: 0.39998pt on input line 5.
Package hyperref Info: Link coloring OFF on input line 5.

(spaces-perfect.out) (spaces-perfect.out)
\@outlinefile=\write4
\openout4 = `spaces-perfect.out'.

 (spaces-perfect.toc)
\tf@toc=\write5
\openout5 = `spaces-perfect.toc'.

 [1{<USER_ROOT>/AppData/Local/MiKTeX/fonts/map/pdftex/pdftex.map}{<USER_ROOT>/AppData/Local/Programs/MiKTeX/fonts/enc/dvips/lm/lm-ec.enc}]

LaTeX Warning: Reference `sites-cohomology-lemma-restrict-K-injective-to-open' 
on page 2 undefined on input line 70.


LaTeX Warning: Reference `spaces-properties-lemma-pushforward-etale-base-change
-modules' on page 2 undefined on input line 73.


LaTeX Warning: Reference `descent-lemma-compare-sites' on page 2 undefined on i
nput line 110.


LaTeX Warning: Reference `descent-lemma-compare-etale-zariski-flat' on page 2 u
ndefined on input line 123.


LaTeX Warning: Reference `sites-modules-lemma-check-flat-stalks' on page 2 unde
fined on input line 130.


LaTeX Warning: Reference `sites-lemma-point-morphism-sites' on page 2 undefined
 on input line 132.


LaTeX Warning: Reference `etale-cohomology-remarks-enough-points' on page 2 und
efined on input line 135.


LaTeX Warning: Reference `etale-cohomology-lemma-describe-etale-local-ring' on 
page 2 undefined on input line 137.


LaTeX Warning: Reference `more-algebra-lemma-dumb-properties-henselization' on 
page 2 undefined on input line 142.


LaTeX Warning: Reference `sites-modules-lemma-flat-pullback-exact' on page 2 un
defined on input line 147.


LaTeX Warning: Reference `sites-modules-lemma-pullback-stalk' on page 2 undefin
ed on input line 156.


LaTeX Warning: Reference `descent-proposition-equivalence-quasi-coherent' on pa
ge 2 undefined on input line 167.


LaTeX Warning: Reference `descent-remark-change-topologies-ringed-sites' on pag
e 2 undefined on input line 168.


LaTeX Warning: Reference `descent-lemma-equivalence-quasi-coherent-limits' on p
age 2 undefined on input line 172.


LaTeX Warning: Reference `derived-section-triangulated-sub' on page 2 undefined
 on input line 176.

[2{<USER_ROOT>/AppData/Local/Programs/MiKTeX/fonts/enc/dvips/lm/lm-mathsy.e
nc}{<USER_ROOT>/AppData/Local/Programs/MiKTeX/fonts/enc/dvips/lm/lm-mathit.
enc}{<USER_ROOT>/AppData/Local/Programs/MiKTeX/fonts/enc/dvips/lm/lm-rm.enc
}]

LaTeX Warning: Reference `descent-lemma-compare-sites' on page 3 undefined on i
nput line 198.


LaTeX Warning: Reference `descent-definition-structure-sheaf' on page 3 undefin
ed on input line 204.


LaTeX Warning: Reference `descent-lemma-sheaf-condition-holds' on page 3 undefi
ned on input line 206.


LaTeX Warning: Reference `descent-proposition-equivalence-quasi-coherent' on pa
ge 3 undefined on input line 210.


LaTeX Warning: Reference `descent-proposition-same-cohomology-quasi-coherent' o
n page 3 undefined on input line 222.


LaTeX Warning: Reference `coherent-lemma-quasi-coherent-affine-cohomology-zero'
 on page 3 undefined on input line 225.


LaTeX Warning: Reference `sites-cohomology-lemma-cohomology-over-U-trivial' on 
page 3 undefined on input line 227.


LaTeX Warning: Reference `spaces-properties-lemma-properties-quasi-coherent' on
 page 3 undefined on input line 287.


LaTeX Warning: Reference `derived-section-triangulated-sub' on page 3 undefined
 on input line 289.

[3]

LaTeX Warning: Reference `derived-equation-compare' on page 4 undefined on inpu
t line 297.


LaTeX Warning: Reference `spaces-morphisms-lemma-flat-morphism-sites' on page 4
 undefined on input line 304.


LaTeX Warning: Reference `sites-modules-lemma-flat-pullback-exact' on page 4 un
defined on input line 306.


LaTeX Warning: Reference `derived-lemma-right-derived-exact-functor' on page 4 
undefined on input line 309.


LaTeX Warning: Reference `spaces-properties-equation-restrict-modules' on page 
4 undefined on input line 315.


LaTeX Warning: Reference `spaces-properties-lemma-characterize-quasi-coherent' 
on page 4 undefined on input line 341.


LaTeX Warning: Reference `injectives-lemma-derived-products' on page 4 undefine
d on input line 351.


LaTeX Warning: Reference `spaces-properties-lemma-properties-quasi-coherent' on
 page 4 undefined on input line 359.


LaTeX Warning: Reference `spaces-cohomology-section-higher-direct-image' on pag
e 4 undefined on input line 388.


LaTeX Warning: Reference `coherent-lemma-quasi-coherent-affine-cohomology-zero'
 on page 4 undefined on input line 391.


LaTeX Warning: Reference `sites-cohomology-lemma-derived-limit-suitable-system'
 on page 4 undefined on input line 395.


LaTeX Warning: Reference `sites-cohomology-lemma-inverse-limit-is-derived-limit
' on page 4 undefined on input line 399.

[4] <xymatrix 2x2 182>

LaTeX Warning: Reference `perfect-lemma-quasi-coherence-pullback' on page 5 und
efined on input line 424.


LaTeX Warning: Reference `perfect-lemma-quasi-coherence-tensor-product' on page
 5 undefined on input line 444.


LaTeX Warning: Reference `derived-remark-map-into-derived-limit-truncations' on
 page 5 undefined on input line 457.


LaTeX Warning: Reference `derived-lemma-difficulty-K-injectives' on page 5 unde
fined on input line 460.


LaTeX Warning: Reference `spaces-cohomology-section-higher-direct-image' on pag
e 5 undefined on input line 470.


LaTeX Warning: Reference `coherent-lemma-quasi-coherent-affine-cohomology-zero'
 on page 5 undefined on input line 473.


LaTeX Warning: Reference `sites-cohomology-lemma-is-limit-dimension' on page 5 
undefined on input line 475.


LaTeX Warning: Reference `derived-lemma-negative-vanishing' on page 5 undefined
 on input line 504.


LaTeX Warning: Reference `injectives-lemma-RF-commutes-with-Rlim' on page 5 und
efined on input line 510.


LaTeX Warning: Reference `more-algebra-remark-compare-derived-limit' on page 5 
undefined on input line 516.

[5]

LaTeX Warning: Reference `derived-remark-truncation-distinguished-triangle' on 
page 6 undefined on input line 527.


LaTeX Warning: Reference `more-algebra-section-Rlim' on page 6 undefined on inp
ut line 543.


LaTeX Warning: Reference `spaces-cohomology-lemma-vanishing-higher-direct-image
s' on page 6 undefined on input line 570.


LaTeX Warning: Reference `spaces-cohomology-lemma-vanishing-higher-direct-image
s' on page 6 undefined on input line 596.


LaTeX Warning: Reference `spaces-cohomology-lemma-higher-direct-image' on page 
6 undefined on input line 600.


LaTeX Warning: Reference `derived-lemma-two-ss-complex-functor' on page 6 undef
ined on input line 610.


LaTeX Warning: Reference `spaces-cohomology-lemma-quasi-coherence-higher-direct
-images-application' on page 6 undefined on input line 619.

[6]

LaTeX Warning: Reference `derived-remark-truncation-distinguished-triangle' on 
page 7 undefined on input line 637.


LaTeX Warning: Reference `derived-lemma-two-ss-complex-functor' on page 7 undef
ined on input line 672.


LaTeX Warning: Reference `spaces-cohomology-lemma-colimit-cohomology' on page 7
 undefined on input line 675.

<xymatrix 7x2 222>

LaTeX Warning: Reference `perfect-lemma-quasi-coherence-pullback' on page 7 und
efined on input line 701.


Overfull \hbox (22.57962pt too wide) in paragraph at lines 698--712
\T1/lmr/m/n/10 fol-lows as the equiv-a-lences $\OML/lmm/m/it/10 D[]\OT1/lmr/m/n
/10 (\OMS/lmsy/m/n/10 O[]\OT1/lmr/m/n/10 ) \OMS/lmsy/m/n/10 ! \OML/lmm/m/it/10 
D[]\OT1/lmr/m/n/10 (\OMS/lmsy/m/n/10 O[]\OT1/lmr/m/n/10 )$ \T1/lmr/m/n/10 and $
\OML/lmm/m/it/10 D[]\OT1/lmr/m/n/10 (\OMS/lmsy/m/n/10 O[]\OT1/lmr/m/n/10 ) \OMS
/lmsy/m/n/10 ! \OML/lmm/m/it/10 D[]\OT1/lmr/m/n/10 (\OMS/lmsy/m/n/10 O[]\OT1/lm
r/m/n/10 )$
 []

<xymatrix 2x2 182> <xymatrix 7x2 222> [7{<USER_ROOT>/AppData/Local/Programs
/MiKTeX/fonts/enc/dvips/lm/lm-mathex.enc}]

LaTeX Warning: Reference `perfect-lemma-quasi-coherence-direct-image' on page 8
 undefined on input line 737.


LaTeX Warning: Reference `perfect-lemma-affine-morphism' on page 8 undefined on
 input line 762.


LaTeX Warning: Reference `spaces-cohomology-lemma-affine-vanishing-higher-direc
t-images' on page 8 undefined on input line 777.


LaTeX Warning: Reference `perfect-lemma-affine-morphism-pull-push' on page 8 un
defined on input line 793.


LaTeX Warning: Reference `coherent-section-proper-over-base' on page 8 undefine
d on input line 810.


LaTeX Warning: Reference `spaces-properties-definition-reduced-induced-space' o
n page 8 undefined on input line 823.


LaTeX Warning: Reference `spaces-morphisms-definition-scheme-theoretic-intersec
tion-union' on page 8 undefined on input line 840.


LaTeX Warning: Reference `spaces-morphisms-lemma-scheme-theoretic-union' on pag
e 8 undefined on input line 843.


LaTeX Warning: Reference `spaces-morphisms-lemma-closed-immersion-proper' on pa
ge 8 undefined on input line 847.


LaTeX Warning: Reference `spaces-morphisms-lemma-composition-proper' on page 8 
undefined on input line 848.


LaTeX Warning: Reference `spaces-morphisms-lemma-image-universally-closed-separ
ated' on page 8 undefined on input line 854.


LaTeX Warning: Reference `spaces-morphisms-lemma-immersion-locally-finite-type'
 on page 8 undefined on input line 858.


LaTeX Warning: Reference `spaces-morphisms-lemma-composition-finite-type' on pa
ge 8 undefined on input line 859.


LaTeX Warning: Reference `spaces-morphisms-lemma-image-proper-is-proper' on pag
e 8 undefined on input line 864.

[8] <xymatrix 2x2 182>

LaTeX Warning: Reference `spaces-morphisms-lemma-base-change-finite-type' on pa
ge 9 undefined on input line 916.


LaTeX Warning: Reference `spaces-morphisms-lemma-base-change-proper' on page 9 
undefined on input line 921.

[9]

LaTeX Warning: Reference `spaces-morphisms-lemma-scheme-theoretic-image-is-prop
er' on page 10 undefined on input line 947.


LaTeX Warning: Reference `spaces-morphisms-lemma-base-change-proper' on page 10
 undefined on input line 958.


LaTeX Warning: Reference `spaces-morphisms-lemma-closed-immersion-proper' on pa
ge 10 undefined on input line 962.


LaTeX Warning: Reference `spaces-morphisms-lemma-composition-proper' on page 10
 undefined on input line 963.


LaTeX Warning: Reference `spaces-morphisms-lemma-image-universally-closed-separ
ated' on page 10 undefined on input line 966.


LaTeX Warning: Reference `spaces-morphisms-lemma-immersion-locally-finite-type'
 on page 10 undefined on input line 972.


LaTeX Warning: Reference `spaces-morphisms-lemma-composition-finite-type' on pa
ge 10 undefined on input line 973.


LaTeX Warning: Reference `spaces-morphisms-lemma-image-proper-is-proper' on pag
e 10 undefined on input line 977.


LaTeX Warning: Reference `spaces-morphisms-lemma-base-change-proper' on page 10
 undefined on input line 985.


LaTeX Warning: Reference `spaces-morphisms-lemma-composition-proper' on page 10
 undefined on input line 988.


LaTeX Warning: Reference `spaces-morphisms-lemma-closed-immersion-finite' on pa
ge 10 undefined on input line 1009.


LaTeX Warning: Reference `spaces-morphisms-lemma-finite-union-finite' on page 1
0 undefined on input line 1010.


LaTeX Warning: Reference `spaces-morphisms-lemma-finite-proper' on page 10 unde
fined on input line 1012.


LaTeX Warning: Reference `spaces-morphisms-lemma-support-finite-type' on page 1
0 undefined on input line 1026.


LaTeX Warning: Reference `spaces-morphisms-definition-scheme-theoretic-support'
 on page 10 undefined on input line 1040.

[10]

LaTeX Warning: Reference `spaces-morphisms-lemma-support-finite-type' on page 1
1 undefined on input line 1052.

<xymatrix 2x2 182>

LaTeX Warning: Reference `sites-modules-lemma-local-pullback' on page 11 undefi
ned on input line 1085.


LaTeX Warning: Reference `spaces-morphisms-lemma-support-finite-type' on page 1
1 undefined on input line 1087.


LaTeX Warning: Reference `homology-definition-serre-subcategory' on page 11 und
efined on input line 1108.


LaTeX Warning: Reference `spaces-properties-section-quasi-coherent' on page 11 
undefined on input line 1123.


LaTeX Warning: Reference `spaces-properties-section-properties-modules' on page
 11 undefined on input line 1126.


LaTeX Warning: Reference `spaces-morphisms-lemma-locally-finite-type-locally-no
etherian' on page 11 undefined on input line 1132.


LaTeX Warning: Reference `spaces-cohomology-section-coherent' on page 11 undefi
ned on input line 1134.


LaTeX Warning: Reference `spaces-cohomology-lemma-proper-pushforward-coherent' 
on page 11 undefined on input line 1153.


LaTeX Warning: Reference `spaces-cohomology-lemma-finite-pushforward-coherent' 
on page 11 undefined on input line 1156.


LaTeX Warning: Reference `sites-cohomology-lemma-relative-Leray' on page 11 und
efined on input line 1157.

[11]

LaTeX Warning: Reference `homology-section-serre-subcategories' on page 12 unde
fined on input line 1174.


LaTeX Warning: Reference `spaces-cohomology-lemma-coherent-abelian-Noetherian' 
on page 12 undefined on input line 1177.


LaTeX Warning: Reference `derived-section-triangulated-sub' on page 12 undefine
d on input line 1183.


LaTeX Warning: Reference `derived-equation-compare' on page 12 undefined on inp
ut line 1191.


LaTeX Warning: Reference `derived-lemma-two-ss-complex-functor' on page 12 unde
fined on input line 1207.


LaTeX Warning: Reference `spaces-cohomology-lemma-vanishing-higher-direct-image
s' on page 12 undefined on input line 1214.


LaTeX Warning: Reference `spaces-cohomology-lemma-coherent-Noetherian' on page 
12 undefined on input line 1250.


LaTeX Warning: Reference `perfect-lemma-coherent-internal-hom' on page 12 undef
ined on input line 1252.


LaTeX Warning: Reference `sites-cohomology-lemma-section-RHom-over-U' on page 1
2 undefined on input line 1270.


LaTeX Warning: Reference `sites-cohomology-section-leray' on page 12 undefined 
on input line 1271.

[12]

LaTeX Warning: Reference `coherent-lemma-induction-principle' on page 13 undefi
ned on input line 1286.

<xymatrix 2x2 168> [13]

LaTeX Warning: Reference `coherent-lemma-induction-principle' on page 14 undefi
ned on input line 1378.


LaTeX Warning: Reference `decent-spaces-lemma-filter-quasi-compact-quasi-separa
ted' on page 14 undefined on input line 1391.

[14]

LaTeX Warning: Reference `spaces-properties-definition-separated' on page 15 un
defined on input line 1473.


LaTeX Warning: Reference `decent-spaces-lemma-filter-quasi-compact-quasi-separa
ted' on page 15 undefined on input line 1521.

[15]

LaTeX Warning: Reference `spaces-properties-section-localize' on page 16 undefi
ned on input line 1569.


LaTeX Warning: Reference `sites-modules-definition-localize-ringed-site' on pag
e 16 undefined on input line 1575.


LaTeX Warning: Reference `spaces-properties-equation-restrict-modules' on page 
16 undefined on input line 1579.


LaTeX Warning: Reference `sites-modules-lemma-extension-by-zero' on page 16 und
efined on input line 1588.


LaTeX Warning: Reference `sites-modules-lemma-extension-by-zero-exact' on page 
16 undefined on input line 1589.


LaTeX Warning: Reference `sites-modules-lemma-stalk-j-shriek' on page 16 undefi
ned on input line 1600.


LaTeX Warning: Reference `spaces-properties-lemma-points-small-etale-site' on p
age 16 undefined on input line 1603.


LaTeX Warning: Reference `spaces-properties-theorem-exactness-stalks' on page 1
6 undefined on input line 1631.


LaTeX Warning: Reference `sites-cohomology-section-properties-K-injective' on p
age 16 undefined on input line 1652.


LaTeX Warning: Reference `derived-section-canonical-delta-functor' on page 16 u
ndefined on input line 1660.


LaTeX Warning: Reference `derived-lemma-derived-canonical-delta-functor' on pag
e 16 undefined on input line 1661.

[16]

LaTeX Warning: Reference `sites-cohomology-lemma-kill-cohomology-class-on-cover
ing' on page 17 undefined on input line 1731.


LaTeX Warning: Reference `injectives-theorem-K-injective-embedding-grothendieck
' on page 17 undefined on input line 1740.


LaTeX Warning: Reference `sites-cohomology-lemma-restrict-K-injective-to-open' 
on page 17 undefined on input line 1743.


LaTeX Warning: Reference `derived-section-canonical-delta-functor' on page 17 u
ndefined on input line 1748.


LaTeX Warning: Reference `derived-lemma-derived-canonical-delta-functor' on pag
e 17 undefined on input line 1749.

[17]

LaTeX Warning: Reference `injectives-theorem-K-injective-embedding-grothendieck
' on page 18 undefined on input line 1783.


LaTeX Warning: Reference `sites-cohomology-lemma-restrict-K-injective-to-open' 
on page 18 undefined on input line 1787.


LaTeX Warning: Reference `derived-section-canonical-delta-functor' on page 18 u
ndefined on input line 1791.


LaTeX Warning: Reference `derived-lemma-derived-canonical-delta-functor' on pag
e 18 undefined on input line 1792.

<xymatrix 3x2 162>

LaTeX Warning: Reference `derived-lemma-representable-homological' on page 18 u
ndefined on input line 1844.


LaTeX Warning: Reference `sites-cohomology-lemma-adjoint-lower-shriek-restrict'
 on page 18 undefined on input line 1847.


Overfull \hbox (13.98227pt too wide) in paragraph at lines 1841--1848
\T1/lmr/m/n/10 quence of $[]$'s (from De-rived Cat-e-gories, Lemma []) and use 
that $[]\OT1/lmr/m/n/10 (\OML/lmm/m/it/10 j[]E\OMS/lmsy/m/n/10 j[]\OML/lmm/m/it
/10 ; F\OT1/lmr/m/n/10 ) =
 []


LaTeX Warning: Reference `injectives-theorem-K-injective-embedding-grothendieck
' on page 18 undefined on input line 1875.

[18]

LaTeX Warning: Reference `derived-section-canonical-delta-functor' on page 19 u
ndefined on input line 1897.


LaTeX Warning: Reference `derived-lemma-derived-canonical-delta-functor' on pag
e 19 undefined on input line 1898.


LaTeX Warning: Reference `sites-modules-lemma-extension-by-zero' on page 19 und
efined on input line 1914.


LaTeX Warning: Reference `spaces-properties-theorem-exactness-stalks' on page 1
9 undefined on input line 1953.

[19]
Overfull \hbox (3.7136pt too wide) in paragraph at lines 2021--2028
\T1/lmr/m/n/10 Here the map $\OML/lmm/m/it/10 Rj[]B \OMS/lmsy/m/n/10 ! \OML/lmm
/m/it/10 Rj[]\OT1/lmr/m/n/10 (\OML/lmm/m/it/10 B\OMS/lmsy/m/n/10 j[]\OT1/lmr/m/
n/10 )$ \T1/lmr/m/n/10 is the ob-vi-ous one. The map $\OML/lmm/m/it/10 Rj[]A \O
MS/lmsy/m/n/10 !
 []

<xymatrix 4x2 374>

LaTeX Warning: Reference `derived-lemma-third-isomorphism-triangle' on page 20 
undefined on input line 2066.

[20]

LaTeX Warning: Reference `spaces-properties-proposition-coherator' on page 21 u
ndefined on input line 2100.


LaTeX Warning: Reference `derived-lemma-derived-adjoint-functors' on page 21 un
defined on input line 2113.

<xymatrix 2x2 168>

LaTeX Warning: Reference `spaces-cohomology-lemma-affine-vanishing-higher-direc
t-images' on page 21 undefined on input line 2143.


LaTeX Warning: Reference `derived-lemma-right-derived-exact-functor' on page 21
 undefined on input line 2147.


LaTeX Warning: Reference `perfect-lemma-affine-pushforward' on page 21 undefine
d on input line 2157.


LaTeX Warning: Reference `spaces-morphisms-lemma-pushforward' on page 21 undefi
ned on input line 2181.


LaTeX Warning: Reference `spaces-properties-proposition-coherator' on page 21 u
ndefined on input line 2184.


LaTeX Warning: Reference `injectives-theorem-K-injective-embedding-grothendieck
' on page 21 undefined on input line 2189.

[21]

LaTeX Warning: Reference `sites-cohomology-lemma-adjoint' on page 22 undefined 
on input line 2199.


LaTeX Warning: Reference `derived-lemma-derived-adjoint-functors' on page 22 un
defined on input line 2204.


Overfull \hbox (1.93983pt too wide) in paragraph at lines 2235--2237
[]\T1/lmr/m/it/10 restricted to $\OML/lmm/m/it/10 D[]\OT1/lmr/m/n/10 (\OMS/lmsy
/m/n/10 O[]\OT1/lmr/m/n/10 )$ \T1/lmr/m/it/10 the func-tor $\OML/lmm/m/it/10 RQ
[]$ \T1/lmr/m/it/10 de-fines a quasi-inverse to ([]5.1.1[]). 
 []

<xymatrix 2x1 94>

LaTeX Warning: Reference `perfect-lemma-affine-coherator' on page 22 undefined 
on input line 2256.


LaTeX Warning: Reference `perfect-lemma-affine-coherator' on page 22 undefined 
on input line 2262.

<xymatrix 2x2 182> [22]

LaTeX Warning: Reference `derived-lemma-derived-adjoint-functors' on page 23 un
defined on input line 2332.


LaTeX Warning: Reference `spaces-morphisms-lemma-pushforward' on page 23 undefi
ned on input line 2360.

<xymatrix 2x4 374> [23]

LaTeX Warning: Reference `categories-lemma-adjoint-fully-faithful' on page 24 u
ndefined on input line 2430.

[24]

LaTeX Warning: Reference `spaces-properties-definition-separated' on page 25 un
defined on input line 2475.


LaTeX Warning: Reference `spaces-morphisms-lemma-affine-permanence' on page 25 
undefined on input line 2490.


LaTeX Warning: Reference `spaces-properties-definition-separated' on page 25 un
defined on input line 2501.

<xymatrix 2x2 168> [25]

LaTeX Warning: Reference `spaces-morphisms-lemma-affine-permanence' on page 26 
undefined on input line 2554.


LaTeX Warning: Reference `derived-lemma-adjoint-preserve-K-injectives' on page 
26 undefined on input line 2591.


LaTeX Warning: Reference `dualizing-proposition-structure-injectives-noetherian
' on page 26 undefined on input line 2631.

LaTeX Font Info:    Trying to load font information for U+euf on input line 263
6.
(<USER_ROOT>\AppData\Local\Programs\MiKTeX\tex/latex/amsfonts\ueuf.fd
File: ueuf.fd 2013/01/14 v3.01 Euler Fraktur
)

LaTeX Warning: Reference `dualizing-lemma-union-artinian' on page 26 undefined 
on input line 2640.


LaTeX Warning: Reference `dualizing-lemma-finite' on page 26 undefined on input
 line 2647.

[26]

LaTeX Warning: Reference `spaces-properties-lemma-quasi-compact-affine-cover' o
n page 27 undefined on input line 2666.


LaTeX Warning: Reference `spaces-morphisms-lemma-pushforward' on page 27 undefi
ned on input line 2692.


LaTeX Warning: Reference `homology-lemma-adjoint-preserve-injectives' on page 2
7 undefined on input line 2696.


LaTeX Warning: Reference `spaces-cohomology-lemma-colimits' on page 27 undefine
d on input line 2720.


LaTeX Warning: Reference `spaces-morphisms-lemma-Artinian-affine' on page 27 un
defined on input line 2722.


LaTeX Warning: Reference `spaces-cohomology-lemma-affine-base-change' on page 2
7 undefined on input line 2730.


LaTeX Warning: Reference `sites-cohomology-lemma-apply-Leray' on page 27 undefi
ned on input line 2735.

<xymatrix 2x2 168> [27]

LaTeX Warning: Reference `spaces-morphisms-lemma-quasi-compact-quasi-separated-
permanence' on page 28 undefined on input line 2771.


LaTeX Warning: Reference `spaces-morphisms-lemma-pushforward' on page 28 undefi
ned on input line 2773.


LaTeX Warning: Reference `spaces-properties-proposition-coherator' on page 28 u
ndefined on input line 2777.


LaTeX Warning: Reference `injectives-theorem-K-injective-embedding-grothendieck
' on page 28 undefined on input line 2782.


LaTeX Warning: Reference `derived-lemma-leray-acyclicity' on page 28 undefined 
on input line 2813.


LaTeX Warning: Reference `sites-cohomology-section-strictly-perfect' on page 28
 undefined on input line 2852.


LaTeX Warning: Reference `sites-cohomology-section-pseudo-coherent' on page 28 
undefined on input line 2853.


LaTeX Warning: Reference `sites-cohomology-section-tor' on page 28 undefined on
 input line 2854.


LaTeX Warning: Reference `sites-cohomology-section-perfect' on page 28 undefine
d on input line 2855.

[28]

LaTeX Warning: Reference `sites-modules-lemma-local-pullback' on page 29 undefi
ned on input line 2877.


LaTeX Warning: Reference `morphisms-lemma-etale-open' on page 29 undefined on i
nput line 2896.


LaTeX Warning: Reference `sites-cohomology-lemma-pseudo-coherent-pullback' on p
age 29 undefined on input line 2929.


LaTeX Warning: Reference `sites-cohomology-definition-pseudo-coherent' on page 
29 undefined on input line 2943.


LaTeX Warning: Reference `sites-cohomology-lemma-finite-cohomology' on page 29 
undefined on input line 2955.

[29]

LaTeX Warning: Reference `sites-cohomology-lemma-cone-pseudo-coherent' on page 
30 undefined on input line 2968.


LaTeX Warning: Reference `sites-cohomology-lemma-cone-pseudo-coherent' on page 
30 undefined on input line 2970.


LaTeX Warning: Reference `sites-cohomology-lemma-tor-amplitude-pullback' on pag
e 30 undefined on input line 2989.


LaTeX Warning: Reference `sites-cohomology-lemma-tor-amplitude-pullback' on pag
e 30 undefined on input line 3025.


LaTeX Warning: Reference `sheaves-lemma-stalk-pullback' on page 30 undefined on
 input line 3030.


LaTeX Warning: Reference `etale-cohomology-lemma-stalk-pullback' on page 30 und
efined on input line 3038.


LaTeX Warning: Reference `etale-cohomology-lemma-describe-etale-local-ring' on 
page 30 undefined on input line 3039.


LaTeX Warning: Reference `flat-lemma-tor-amplitude-up-down-henselization' on pa
ge 30 undefined on input line 3051.


LaTeX Warning: Reference `more-algebra-lemma-dumb-properties-henselization' on 
page 30 undefined on input line 3057.


LaTeX Warning: Reference `more-algebra-lemma-no-change-tor-amplitude' on page 3
0 undefined on input line 3061.


LaTeX Warning: Reference `cohomology-lemma-tor-amplitude-stalk' on page 30 unde
fined on input line 3064.

[30]

LaTeX Warning: Reference `sites-cohomology-lemma-perfect-pullback' on page 31 u
ndefined on input line 3080.


LaTeX Warning: Reference `sites-cohomology-lemma-perfect' on page 31 undefined 
on input line 3082.


LaTeX Warning: Reference `spaces-properties-lemma-quasi-compact-affine-cover' o
n page 31 undefined on input line 3122.


LaTeX Warning: Reference `sites-cohomology-lemma-pseudo-coherent-independent-re
presentative' on page 31 undefined on input line 3127.


LaTeX Warning: Reference `spaces-cohomology-lemma-coherent-Noetherian' on page 
31 undefined on input line 3130.


LaTeX Warning: Reference `perfect-lemma-identify-pseudo-coherent-noetherian' on
 page 31 undefined on input line 3148.


LaTeX Warning: Reference `spaces-morphisms-lemma-pushforward' on page 31 undefi
ned on input line 3170.


LaTeX Warning: Reference `spaces-cohomology-lemma-etale-pull-push-split' on pag
e 31 undefined on input line 3177.

[31]

LaTeX Warning: Reference `perfect-lemma-tor-qc-qs' on page 32 undefined on inpu
t line 3205.


LaTeX Warning: Reference `sites-cohomology-remark-prepare-fancy-base-change' on
 page 32 undefined on input line 3228.


LaTeX Warning: Reference `perfect-lemma-lift-pseudo-coherent' on page 32 undefi
ned on input line 3235.


LaTeX Warning: Reference `cohomology-lemma-Rhom-complex-of-direct-summands-fini
te-free' on page 32 undefined on input line 3239.


LaTeX Warning: Reference `sites-cohomology-lemma-Rhom-complex-of-direct-summand
s-finite-free' on page 32 undefined on input line 3246.


LaTeX Warning: Reference `perfect-lemma-affine-compare-bounded' on page 32 unde
fined on input line 3269.


LaTeX Warning: Reference `perfect-lemma-perfect-affine' on page 32 undefined on
 input line 3270.


LaTeX Warning: Reference `cohomology-lemma-Rhom-complex-of-direct-summands-fini
te-free' on page 32 undefined on input line 3275.


LaTeX Warning: Reference `cohomology-lemma-Rhom-strictly-perfect' on page 32 un
defined on input line 3278.


LaTeX Warning: Reference `perfect-lemma-quasi-coherence-internal-hom' on page 3
2 undefined on input line 3296.

[32]

LaTeX Warning: Reference `sites-cohomology-lemma-internal-hom-diagonal-better' 
on page 33 undefined on input line 3315.


LaTeX Warning: Reference `perfect-lemma-internal-hom-evaluate-tensor-isomorphis
m' on page 33 undefined on input line 3334.


LaTeX Warning: Reference `perfect-section-approximation' on page 33 undefined o
n input line 3355.


LaTeX Warning: Reference `perfect-definition-approximation-holds' on page 33 un
defined on input line 3375.

[33]

LaTeX Warning: Reference `perfect-lemma-approximation-affine' on page 34 undefi
ned on input line 3459.

[34]

LaTeX Warning: Reference `perfect-section-lift' on page 35 undefined on input l
ine 3521.


LaTeX Warning: Reference `perfect-lemma-lift-perfect-complex-plus-shift-support
' on page 35 undefined on input line 3524.


LaTeX Warning: Reference `perfect-lemma-lift-map' on page 35 undefined on input
 line 3528.


LaTeX Warning: Reference `sites-cohomology-lemma-cone-pseudo-coherent' on page 
35 undefined on input line 3547.

<xymatrix 4x2 374>

LaTeX Warning: Reference `sites-cohomology-lemma-two-out-of-three-perfect' on p
age 35 undefined on input line 3563.


LaTeX Warning: Reference `perfect-section-generating' on page 35 undefined on i
nput line 3591.


LaTeX Warning: Reference `perfect-lemma-lift-map-from-perfect-complex-with-supp
ort' on page 35 undefined on input line 3594.

[35]

LaTeX Warning: Reference `perfect-lemma-lift-perfect-complex-plus-shift-support
' on page 36 undefined on input line 3625.


LaTeX Warning: Reference `perfect-lemma-lift-map' on page 36 undefined on input
 line 3629.


LaTeX Warning: Reference `perfect-lemma-affine-compare-bounded' on page 36 unde
fined on input line 3696.

[36]

LaTeX Warning: Reference `perfect-lemma-orthogonal-koszul-complex' on page 37 u
ndefined on input line 3732.


LaTeX Warning: Reference `perfect-lemma-generator-with-support' on page 37 unde
fined on input line 3795.

[37]

LaTeX Warning: Reference `perfect-lemma-orthogonal-koszul-complex' on page 38 u
ndefined on input line 3832.

<xymatrix 3x2 251>

LaTeX Warning: Reference `cohomology-lemma-pushforward-restriction' on page 38 
undefined on input line 3847.


LaTeX Warning: Reference `perfect-section-compact' on page 38 undefined on inpu
t line 3876.


LaTeX Warning: Reference `sites-cohomology-lemma-dual-perfect-complex' on page 
38 undefined on input line 3889.

[38]

LaTeX Warning: Reference `sites-cohomology-lemma-perfect-independent-representa
tive' on page 39 undefined on input line 3906.


LaTeX Warning: Reference `perfect-proposition-compact-is-perfect' on page 39 un
defined on input line 3920.


LaTeX Warning: Reference `derived-proposition-generator-versus-classical-genera
tor' on page 39 undefined on input line 3934.


LaTeX Warning: Reference `derived-proposition-generator-versus-classical-genera
tor' on page 39 undefined on input line 3970.


LaTeX Warning: Reference `derived-proposition-generator-versus-classical-genera
tor' on page 39 undefined on input line 3992.

[39]

LaTeX Warning: Reference `derived-lemma-write-as-colimit' on page 40 undefined 
on input line 4035.


LaTeX Warning: Reference `derived-lemma-commutes-with-countable-sums' on page 4
0 undefined on input line 4041.


LaTeX Warning: Reference `derived-lemma-factor-through' on page 40 undefined on
 input line 4042.


LaTeX Warning: Reference `perfect-section-derived-is-dga' on page 40 undefined 
on input line 4074.


LaTeX Warning: Reference `dga-lemma-tensor-with-complex-derived' on page 40 und
efined on input line 4089.


LaTeX Warning: Reference `dga-section-P-resolutions' on page 40 undefined on in
put line 4096.

[40]
Overfull \hbox (6.49377pt too wide) in paragraph at lines 4116--4119
[]\T1/lmr/m/it/10 there ex-ist in-te-gers $\OML/lmm/m/it/10 a \OMS/lmsy/m/n/10 
^^T \OML/lmm/m/it/10 b$ \T1/lmr/m/it/10 such that $[][]\OT1/lmr/m/n/10 (\OML/lm
m/m/it/10 K; L\OT1/lmr/m/n/10 ) = 0$ \T1/lmr/m/it/10 for $\OML/lmm/m/it/10 L \O
MS/lmsy/m/n/10 2 \OML/lmm/m/it/10 D[]\OT1/lmr/m/n/10 (\OMS/lmsy/m/n/10 O[]\OT1/
lmr/m/n/10 )$
 []


LaTeX Warning: Reference `sites-cohomology-lemma-dual-perfect-complex' on page 
41 undefined on input line 4133.


LaTeX Warning: Reference `spaces-cohomology-lemma-vanishing-quasi-separated' on
 page 41 undefined on input line 4149.


LaTeX Warning: Reference `derived-lemma-negative-vanishing' on page 41 undefine
d on input line 4167.


LaTeX Warning: Reference `perfect-theorem-DQCoh-is-Ddga' on page 41 undefined o
n input line 4174.


LaTeX Warning: Reference `dga-section-variant-base-change' on page 41 undefined
 on input line 4197.


LaTeX Warning: Reference `dga-lemma-tensor-with-complex-derived' on page 41 und
efined on input line 4213.


LaTeX Warning: Reference `dga-lemma-fully-faithful-in-compact-case' on page 41 
undefined on input line 4219.

[41]

LaTeX Warning: Reference `dga-lemma-tensor-with-complex-hom-adjoint' on page 42
 undefined on input line 4224.


LaTeX Warning: Reference `derived-lemma-fully-faithful-adjoint-kernel-zero' on 
page 42 undefined on input line 4237.


LaTeX Warning: Reference `dga-remark-hochschild-cohomology' on page 42 undefine
d on input line 4295.


LaTeX Warning: Reference `spaces-more-morphisms-section-characterize-pseudo-coh
erent' on page 42 undefined on input line 4315.


LaTeX Warning: Reference `sites-cohomology-lemma-perfect' on page 42 undefined 
on input line 4336.


LaTeX Warning: Reference `sites-cohomology-definition-pseudo-coherent' on page 
42 undefined on input line 4343.

[42]

LaTeX Warning: Reference `derived-lemma-representable-homological' on page 43 u
ndefined on input line 4369.


LaTeX Warning: Reference `derived-lemma-cohomology-of-hocolim' on page 43 undef
ined on input line 4376.


Overfull \vbox (1.70636pt too high) has occurred while \output is active []


[43]

LaTeX Warning: Reference `derived-lemma-right-adjoint' on page 44 undefined on 
input line 4467.


LaTeX Warning: Reference `derived-lemma-prepare-adjoint' on page 44 undefined o
n input line 4474.


LaTeX Warning: Reference `derived-lemma-right-adjoint' on page 44 undefined on 
input line 4498.


LaTeX Warning: Reference `derived-proposition-brown' on page 44 undefined on in
put line 4517.

[44]
Overfull \hbox (2.11375pt too wide) in paragraph at lines 4541--4549
[]\T1/lmr/m/n/10 The state-ment makes sense be-cause $\OML/lmm/m/it/10 Rf[]$ \T
1/lmr/m/n/10 sends $\OML/lmm/m/it/10 D[]\OT1/lmr/m/n/10 (\OMS/lmsy/m/n/10 O[]\O
T1/lmr/m/n/10 )$ \T1/lmr/m/n/10 into $\OML/lmm/m/it/10 D[]\OT1/lmr/m/n/10 (\OMS
/lmsy/m/n/10 O[]\OT1/lmr/m/n/10 )$
 []


Overfull \hbox (11.18413pt too wide) detected at line 4562
\OML/lmm/m/it/10 DQ[]\OT1/lmr/m/n/10 (\OML/lmm/m/it/10 K\OT1/lmr/m/n/10 ) \OMS/
lmsy/m/n/10 ! \OML/lmm/m/it/10 Rj[]DQ[]\OT1/lmr/m/n/10 (\OML/lmm/m/it/10 K\OMS/
lmsy/m/n/10 j[]\OT1/lmr/m/n/10 ) \OMS/lmsy/m/n/10 ^^H \OML/lmm/m/it/10 Rj[]DQ[]
\OT1/lmr/m/n/10 (\OML/lmm/m/it/10 K\OMS/lmsy/m/n/10 j[]\OT1/lmr/m/n/10 ) \OMS/l
msy/m/n/10 ! \OML/lmm/m/it/10 Rj[]DQ[]\OT1/lmr/m/n/10 (\OML/lmm/m/it/10 K\OMS/l
msy/m/n/10 j[]\OT1/lmr/m/n/10 ) \OMS/lmsy/m/n/10 !
 []


Overfull \hbox (16.56937pt too wide) in paragraph at lines 4592--4613
\OML/lmm/m/it/10 Rj[]DQ[]\OT1/lmr/m/n/10 (\OML/lmm/m/it/10 K\OMS/lmsy/m/n/10 j[
]\OT1/lmr/m/n/10 )$\T1/lmr/m/n/10 , and $\OML/lmm/m/it/10 Rj[]DQ[]\OT1/lmr/m/n/
10 (\OML/lmm/m/it/10 K\OMS/lmsy/m/n/10 j[]\OT1/lmr/m/n/10 )$ \T1/lmr/m/n/10 hav
e van-ish-ing co-ho-mol-ogy sheaves
 []

[45]

LaTeX Warning: Reference `perfect-section-cohomology-and-base-change-perfect' o
n page 46 undefined on input line 4663.


LaTeX Warning: Reference `sites-cohomology-lemma-pullback-tensor-product' on pa
ge 46 undefined on input line 4690.


LaTeX Warning: Reference `sites-cohomology-lemma-adjoint' on page 46 undefined 
on input line 4691.


LaTeX Warning: Reference `perfect-lemma-affine-compare-bounded' on page 46 unde
fined on input line 4714.


LaTeX Warning: Reference `more-algebra-remark-P-resolution' on page 46 undefine
d on input line 4718.

<xymatrix 2x2 212>

LaTeX Warning: Reference `more-algebra-definition-tor-independent' on page 46 u
ndefined on input line 4740.

[46] <xymatrix 3x2 264>

LaTeX Warning: Reference `perfect-definition-tor-independent' on page 47 undefi
ned on input line 4768.


LaTeX Warning: Reference `spaces-properties-lemma-geometric-lift-to-usual' on p
age 47 undefined on input line 4786.


LaTeX Warning: Reference `perfect-definition-tor-independent' on page 47 undefi
ned on input line 4797.


LaTeX Warning: Reference `spaces-properties-lemma-describe-etale-local-ring' on
 page 47 undefined on input line 4806.


LaTeX Warning: Reference `algebra-lemma-strictly-henselian-functorial-improve' 
on page 47 undefined on input line 4808.


LaTeX Warning: Reference `more-algebra-lemma-dumb-properties-henselization' on 
page 47 undefined on input line 4818.


LaTeX Warning: Reference `more-algebra-lemma-tor-independent-flat' on page 47 u
ndefined on input line 4819.

[47]

LaTeX Warning: Reference `more-algebra-lemma-tor-independent' on page 48 undefi
ned on input line 4854.

<xymatrix 2x2 182>

LaTeX Warning: Reference `sites-cohomology-remark-base-change' on page 48 undef
ined on input line 4882.


LaTeX Warning: Reference `spaces-morphisms-lemma-base-change-affine' on page 48
 undefined on input line 4897.


LaTeX Warning: Reference `more-algebra-lemma-tor-independent' on page 48 undefi
ned on input line 4914.

<xymatrix 2x2 182> [48]

LaTeX Warning: Reference `sites-cohomology-section-global-RHom' on page 49 unde
fined on input line 4953.


LaTeX Warning: Reference `perfect-lemma-tor-dimension-affine' on page 49 undefi
ned on input line 4981.


LaTeX Warning: Reference `sites-cohomology-lemma-tor-amplitude-pullback' on pag
e 49 undefined on input line 4983.

<xymatrix 2x2 168> <xymatrix 2x2 182>

LaTeX Warning: Reference `sites-cohomology-lemma-tor-amplitude-stalk' on page 4
9 undefined on input line 5038.


LaTeX Warning: Reference `spaces-properties-theorem-exactness-stalks' on page 4
9 undefined on input line 5040.

[49]

LaTeX Warning: Reference `more-algebra-lemma-base-change-comparison' on page 50
 undefined on input line 5052.


LaTeX Warning: Reference `more-algebra-lemma-pull-tor-amplitude' on page 50 und
efined on input line 5059.


LaTeX Warning: Reference `perfect-section-cohomology-base-change' on page 50 un
defined on input line 5079.


LaTeX Warning: Reference `more-algebra-section-tor-independence' on page 50 und
efined on input line 5084.

<xymatrix 2x2 182>

LaTeX Warning: Reference `more-algebra-equation-comparison-map' on page 50 unde
fined on input line 5120.

<xymatrix 2x2 182> <xymatrix 3x3 307> [50]

LaTeX Warning: Reference `perfect-lemma-single-complex-base-change-condition' o
n page 51 undefined on input line 5175.


LaTeX Warning: Reference `perfect-lemma-single-complex-base-change-condition' o
n page 51 undefined on input line 5186.


LaTeX Warning: Reference `spaces-properties-lemma-describe-etale-local-ring' on
 page 51 undefined on input line 5200.


LaTeX Warning: Reference `spaces-properties-lemma-stalk-quasi-coherent' on page
 51 undefined on input line 5211.

<xymatrix 2x2 154>

LaTeX Warning: Reference `more-algebra-lemma-dumb-properties-henselization' on 
page 51 undefined on input line 5235.


LaTeX Warning: Reference `more-algebra-lemma-lemma-tor-independent-flat-compare
' on page 51 undefined on input line 5256.


LaTeX Warning: Reference `algebra-lemma-strictly-henselian-functorial-improve' 
on page 51 undefined on input line 5259.

<xymatrix 2x2 182> [51]

LaTeX Warning: Reference `perfect-lemma-single-complex-base-change-condition' o
n page 52 undefined on input line 5311.


LaTeX Warning: Reference `perfect-lemma-single-complex-base-change' on page 52 
undefined on input line 5319.

<xymatrix 2x4 374>

LaTeX Warning: Reference `derived-lemma-third-isomorphism-triangle' on page 52 
undefined on input line 5345.

<xymatrix 2x2 182> [52]
Overfull \hbox (2.66139pt too wide) in paragraph at lines 5371--5375
\T1/lmr/m/it/10 di-tions of Lemma []21.1[] hold for $\OML/lmm/m/it/10 L\OT1/lmr
/m/n/10 (\OML/lmm/m/it/10 g[]\OT1/lmr/m/n/10 )[]\OML/lmm/m/it/10 R []\OT1/lmr/m
/n/10 (\OML/lmm/m/it/10 E; K\OT1/lmr/m/n/10 ) \OMS/lmsy/m/n/10 ! \OML/lmm/m/it/
10 R []\OT1/lmr/m/n/10 (\OML/lmm/m/it/10 L\OT1/lmr/m/n/10 (\OML/lmm/m/it/10 g[]
\OT1/lmr/m/n/10 )[]\OML/lmm/m/it/10 E; K[]\OT1/lmr/m/n/10 )$\T1/lmr/m/it/10 . 
 []


LaTeX Warning: Reference `sites-cohomology-lemma-pseudo-coherent-pullback' on p
age 53 undefined on input line 5385.


LaTeX Warning: Reference `sites-cohomology-lemma-perfect-pullback' on page 53 u
ndefined on input line 5386.


LaTeX Warning: Reference `more-algebra-lemma-triple-tensor-product' on page 53 
undefined on input line 5390.


LaTeX Warning: Reference `sites-cohomology-remark-prepare-fancy-base-change' on
 page 53 undefined on input line 5398.

<xymatrix 2x2 182> [53] <xymatrix 2x2 182>

LaTeX Warning: Reference `sites-cohomology-lemma-perfect' on page 54 undefined 
on input line 5546.

[54]

LaTeX Warning: Reference `sites-cohomology-lemma-variant-derived-pullback' on p
age 55 undefined on input line 5568.


LaTeX Warning: Reference `sites-cohomology-lemma-dual-perfect-complex' on page 
55 undefined on input line 5615.

[55]

LaTeX Warning: Reference `sites-cohomology-lemma-variant-derived-pullback' on p
age 56 undefined on input line 5670.


LaTeX Warning: Reference `sites-cohomology-remark-before-Leray' on page 56 unde
fined on input line 5691.

<xymatrix 2x2 168> <xymatrix 2x2 168> [56]

LaTeX Warning: Reference `derived-lemma-negative-exts' on page 57 undefined on 
input line 5857.


LaTeX Warning: Reference `sites-cohomology-lemma-dual-perfect-complex' on page 
57 undefined on input line 5871.

[57] <xymatrix 3x2 124> <xymatrix 2x2 182> [58]

LaTeX Warning: Reference `perfect-lemma-descend-homomorphisms' on page 59 undef
ined on input line 6002.

[59]

LaTeX Warning: Reference `perfect-lemma-descend-perfect' on page 60 undefined o
n input line 6067.


LaTeX Warning: Reference `spaces-limits-lemma-descend-finite-presentation' on p
age 60 undefined on input line 6115.


LaTeX Warning: Reference `spaces-limits-lemma-descend-modules-finite-presentati
on' on page 60 undefined on input line 6119.


LaTeX Warning: Reference `spaces-limits-lemma-descend-flat' on page 60 undefine
d on input line 6126.


LaTeX Warning: Reference `spaces-limits-lemma-eventually-proper-support' on pag
e 60 undefined on input line 6129.

[60]

LaTeX Warning: Reference `spaces-more-morphisms-definition-relative-pseudo-cohe
rence' on page 61 undefined on input line 6258.

[61]

LaTeX Warning: Reference `sites-cohomology-section-global-RHom' on page 62 unde
fined on input line 6299.


LaTeX Warning: Reference `sites-cohomology-lemma-dual-perfect-complex' on page 
62 undefined on input line 6306.


LaTeX Warning: Reference `more-algebra-lemma-pseudo-coherent-tensor-limit' on p
age 62 undefined on input line 6317.

[62]

LaTeX Warning: Reference `spaces-limits-lemma-descend-finite-presentation' on p
age 63 undefined on input line 6392.


LaTeX Warning: Reference `spaces-limits-lemma-descend-modules-finite-presentati
on' on page 63 undefined on input line 6396.


LaTeX Warning: Reference `spaces-limits-lemma-descend-flat' on page 63 undefine
d on input line 6403.


LaTeX Warning: Reference `spaces-limits-lemma-eventually-proper-support' on pag
e 63 undefined on input line 6406.


LaTeX Warning: Reference `etale-cohomology-lemma-all-modules-quasi-coherent' on
 page 63 undefined on input line 6438.


LaTeX Warning: Reference `etale-cohomology-theorem-quasi-coherent' on page 63 u
ndefined on input line 6439.


LaTeX Warning: Reference `perfect-section-perfect-complexes' on page 63 undefin
ed on input line 6447.


LaTeX Warning: Reference `perfect-lemma-jump-loci' on page 63 undefined on inpu
t line 6470.


LaTeX Warning: Reference `spaces-properties-definition-locally-constructible' o
n page 63 undefined on input line 6474.

[63]

LaTeX Warning: Reference `perfect-lemma-chi-locally-constant' on page 64 undefi
ned on input line 6522.


LaTeX Warning: Reference `perfect-lemma-open-where-cohomology-in-degree-i-rank-
r' on page 64 undefined on input line 6544.

[64]

LaTeX Warning: Reference `perfect-lemma-locally-closed-where-H0-locally-free' o
n page 65 undefined on input line 6606.


LaTeX Warning: Reference `more-algebra-lemma-better-cut-complex-in-two' on page
 65 undefined on input line 6674.

[65]

LaTeX Warning: Reference `spaces-over-fields-lemma-proper-geometrically-reduced
-global-sections' on page 66 undefined on input line 6696.


LaTeX Warning: Reference `sites-cohomology-lemma-dual-perfect-complex' on page 
66 undefined on input line 6731.


LaTeX Warning: Reference `perfect-lemma-countable-cohomology' on page 66 undefi
ned on input line 6740.


LaTeX Warning: Reference `derived-lemma-cohomology-of-hocolim' on page 66 undef
ined on input line 6769.

[66]

LaTeX Warning: Reference `dga-lemma-countable' on page 67 undefined on input li
ne 6799.


LaTeX Warning: Reference `sites-cohomology-lemma-dual-perfect-complex' on page 
67 undefined on input line 6841.


LaTeX Warning: Reference `spaces-limits-lemma-descend-finite-presentation' on p
age 67 undefined on input line 6845.


LaTeX Warning: Reference `spaces-limits-lemma-descend-flat' on page 67 undefine
d on input line 6851.


LaTeX Warning: Reference `perfect-section-resolution-property' on page 67 undef
ined on input line 6883.


Overfull \hbox (5.57411pt too wide) in paragraph at lines 6881--6888
\T1/lmr/m/n/10 false. If you know the an-swer to this ques-tion, please email [
]stacks.project@gmail.com[]. 
 []

[67]

LaTeX Warning: Reference `spaces-limits-lemma-finite-directed-colimit-surjectiv
e-maps' on page 68 undefined on input line 6907.


LaTeX Warning: Reference `spaces-cohomology-lemma-coherent-Noetherian' on page 
68 undefined on input line 6910.


LaTeX Warning: Reference `spaces-divisors-definition-relatively-ample' on page 
68 undefined on input line 6920.


LaTeX Warning: Reference `properties-proposition-characterize-ample' on page 68
 undefined on input line 6931.


LaTeX Warning: Reference `spaces-limits-lemma-directed-colimit-finite-type' on 
page 68 undefined on input line 6951.


LaTeX Warning: Reference `spaces-divisors-lemma-quasi-affine-O-ample' on page 6
8 undefined on input line 6969.


LaTeX Warning: Reference `spaces-cohomology-section-finite-morphisms' on page 6
8 undefined on input line 6992.

[68]

LaTeX Warning: Reference `spaces-more-morphisms-section-resolution-property' on
 page 69 undefined on input line 7013.

[69]

LaTeX Warning: Reference `sites-cohomology-section-global-RHom' on page 70 unde
fined on input line 7116.


LaTeX Warning: Reference `sites-cohomology-lemma-dual-perfect-complex' on page 
70 undefined on input line 7120.


LaTeX Warning: Reference `derived-remark-check-on-generator' on page 70 undefin
ed on input line 7133.


LaTeX Warning: Reference `perfect-proposition-detecting-bounded-above' on page 
70 undefined on input line 7148.


LaTeX Warning: Reference `perfect-lemma-orthogonal-koszul-first-variant' on pag
e 70 undefined on input line 7184.

[70]

LaTeX Warning: Reference `sites-cohomology-section-global-RHom' on page 71 unde
fined on input line 7239.


LaTeX Warning: Reference `sites-cohomology-lemma-dual-perfect-complex' on page 
71 undefined on input line 7243.


LaTeX Warning: Reference `derived-remark-check-on-generator' on page 71 undefin
ed on input line 7256.


LaTeX Warning: Reference `perfect-proposition-detecting-bounded-below' on page 
71 undefined on input line 7271.

[71]

LaTeX Warning: Reference `perfect-lemma-orthogonal-koszul-second-variant' on pa
ge 72 undefined on input line 7307.


LaTeX Warning: Reference `spaces-properties-definition-affine-etale-site' on pa
ge 72 undefined on input line 7344.


LaTeX Warning: Reference `spaces-properties-lemma-alternative' on page 72 undef
ined on input line 7347.


LaTeX Warning: Reference `spaces-descent-equation-alternative-small-ringed' on 
page 72 undefined on input line 7357.


LaTeX Warning: Reference `spaces-descent-section-alternative-quasi-coherent' on
 page 72 undefined on input line 7360.


LaTeX Warning: Reference `sites-cohomology-section-compare' on page 72 undefine
d on input line 7374.


LaTeX Warning: Reference `sites-cohomology-section-modules-cohomology' on page 
72 undefined on input line 7377.


LaTeX Warning: Reference `sites-cohomology-lemma-cartesian-flat-quasi-coherent'
 on page 72 undefined on input line 7396.


LaTeX Warning: Reference `sites-modules-lemma-special-locally-free' on page 72 
undefined on input line 7405.

[72]

LaTeX Warning: Reference `sites-cohomology-lemma-compare-topologies-derived-ade
quate-modules' on page 73 undefined on input line 7413.


LaTeX Warning: Reference `spaces-descent-lemma-quasi-coherent-alternative-small
' on page 73 undefined on input line 7422.


LaTeX Warning: Reference `sites-modules-lemma-chaotic-quasi-coherent' on page 7
3 undefined on input line 7427.


LaTeX Warning: Reference `sites-cohomology-lemma-compare-topologies-derived-ade
quate-modules' on page 73 undefined on input line 7431.


Overfull \hbox (6.59654pt too wide) in paragraph at lines 7410--7434
\T1/lmr/m/n/10 will ap-ply Co-ho-mol-ogy on Sites, Lemma [] to the mor-phism $\
OML/lmm/m/it/10 ^^O \OT1/lmr/m/n/10 : (\OML/lmm/m/it/10 X[]; \OMS/lmsy/m/n/10 O
[]\OT1/lmr/m/n/10 ) \OMS/lmsy/m/n/10 !
 []


Overfull \hbox (3.97899pt too wide) in paragraph at lines 7410--7434
\OT1/lmr/m/n/10 (\OML/lmm/m/it/10 X[]; \OMS/lmsy/m/n/10 O[]\OT1/lmr/m/n/10 )$ \
T1/lmr/m/n/10 above. We take $\OMS/lmsy/m/n/10 B \OT1/lmr/m/n/10 = [](\OML/lmm/
m/it/10 X[]\OT1/lmr/m/n/10 )$ \T1/lmr/m/n/10 and we take $\OMS/lmsy/m/n/10 A ^^
Z []\OT1/lmr/m/n/10 (\OML/lmm/m/it/10 X[]; \OMS/lmsy/m/n/10 O\OT1/lmr/m/n/10 )$

 []


LaTeX Warning: Reference `spaces-properties-lemma-properties-quasi-coherent' on
 page 73 undefined on input line 7447.


LaTeX Warning: Reference `homology-lemma-characterize-weak-serre-subcategory' o
n page 73 undefined on input line 7448.


LaTeX Warning: Reference `spaces-cohomology-section-higher-direct-image' on pag
e 73 undefined on input line 7456.


LaTeX Warning: Reference `coherent-lemma-quasi-coherent-affine-cohomology-zero'
 on page 73 undefined on input line 7458.


LaTeX Warning: Reference `stacks-sheaves-proposition-QC-compare' on page 73 und
efined on input line 7469.

(chapters.tex

LaTeX Warning: Hyper reference `introduction-section-phantom' on page 73 undefi
ned on input line 5.


LaTeX Warning: Hyper reference `conventions-section-phantom' on page 73 undefin
ed on input line 6.


LaTeX Warning: Hyper reference `sets-section-phantom' on page 73 undefined on i
nput line 7.


LaTeX Warning: Hyper reference `categories-section-phantom' on page 73 undefine
d on input line 8.


LaTeX Warning: Hyper reference `topology-section-phantom' on page 73 undefined 
on input line 9.


LaTeX Warning: Hyper reference `sheaves-section-phantom' on page 73 undefined o
n input line 10.


LaTeX Warning: Hyper reference `sites-section-phantom' on page 73 undefined on 
input line 11.


LaTeX Warning: Hyper reference `stacks-section-phantom' on page 73 undefined on
 input line 12.


LaTeX Warning: Hyper reference `fields-section-phantom' on page 73 undefined on
 input line 13.


LaTeX Warning: Hyper reference `algebra-section-phantom' on page 73 undefined o
n input line 14.


LaTeX Warning: Hyper reference `brauer-section-phantom' on page 73 undefined on
 input line 15.


LaTeX Warning: Hyper reference `homology-section-phantom' on page 73 undefined 
on input line 16.


LaTeX Warning: Hyper reference `derived-section-phantom' on page 73 undefined o
n input line 17.


LaTeX Warning: Hyper reference `simplicial-section-phantom' on page 73 undefine
d on input line 18.


LaTeX Warning: Hyper reference `more-algebra-section-phantom' on page 73 undefi
ned on input line 19.


LaTeX Warning: Hyper reference `smoothing-section-phantom' on page 73 undefined
 on input line 20.


LaTeX Warning: Hyper reference `modules-section-phantom' on page 73 undefined o
n input line 21.


LaTeX Warning: Hyper reference `sites-modules-section-phantom' on page 73 undef
ined on input line 22.


LaTeX Warning: Hyper reference `injectives-section-phantom' on page 73 undefine
d on input line 23.


LaTeX Warning: Hyper reference `cohomology-section-phantom' on page 73 undefine
d on input line 24.


LaTeX Warning: Hyper reference `sites-cohomology-section-phantom' on page 73 un
defined on input line 25.


LaTeX Warning: Hyper reference `dga-section-phantom' on page 73 undefined on in
put line 26.

[73]

LaTeX Warning: Hyper reference `dpa-section-phantom' on page 74 undefined on in
put line 27.


LaTeX Warning: Hyper reference `sdga-section-phantom' on page 74 undefined on i
nput line 28.


LaTeX Warning: Hyper reference `hypercovering-section-phantom' on page 74 undef
ined on input line 29.


LaTeX Warning: Hyper reference `schemes-section-phantom' on page 74 undefined o
n input line 34.


LaTeX Warning: Hyper reference `constructions-section-phantom' on page 74 undef
ined on input line 35.


LaTeX Warning: Hyper reference `properties-section-phantom' on page 74 undefine
d on input line 36.


LaTeX Warning: Hyper reference `morphisms-section-phantom' on page 74 undefined
 on input line 37.


LaTeX Warning: Hyper reference `coherent-section-phantom' on page 74 undefined 
on input line 38.


LaTeX Warning: Hyper reference `divisors-section-phantom' on page 74 undefined 
on input line 39.


LaTeX Warning: Hyper reference `limits-section-phantom' on page 74 undefined on
 input line 40.


LaTeX Warning: Hyper reference `varieties-section-phantom' on page 74 undefined
 on input line 41.


LaTeX Warning: Hyper reference `topologies-section-phantom' on page 74 undefine
d on input line 42.


LaTeX Warning: Hyper reference `descent-section-phantom' on page 74 undefined o
n input line 43.


LaTeX Warning: Hyper reference `perfect-section-phantom' on page 74 undefined o
n input line 44.


LaTeX Warning: Hyper reference `more-morphisms-section-phantom' on page 74 unde
fined on input line 45.


LaTeX Warning: Hyper reference `flat-section-phantom' on page 74 undefined on i
nput line 46.


LaTeX Warning: Hyper reference `more-groupoids-section-phantom' on page 74 unde
fined on input line 48.


LaTeX Warning: Hyper reference `etale-section-phantom' on page 74 undefined on 
input line 49.


LaTeX Warning: Hyper reference `chow-section-phantom' on page 74 undefined on i
nput line 54.


LaTeX Warning: Hyper reference `intersection-section-phantom' on page 74 undefi
ned on input line 55.


LaTeX Warning: Hyper reference `pic-section-phantom' on page 74 undefined on in
put line 56.


LaTeX Warning: Hyper reference `weil-section-phantom' on page 74 undefined on i
nput line 57.


LaTeX Warning: Hyper reference `adequate-section-phantom' on page 74 undefined 
on input line 58.


LaTeX Warning: Hyper reference `dualizing-section-phantom' on page 74 undefined
 on input line 59.


LaTeX Warning: Hyper reference `duality-section-phantom' on page 74 undefined o
n input line 60.


LaTeX Warning: Hyper reference `discriminant-section-phantom' on page 74 undefi
ned on input line 61.


LaTeX Warning: Hyper reference `derham-section-phantom' on page 74 undefined on
 input line 62.


LaTeX Warning: Hyper reference `local-cohomology-section-phantom' on page 74 un
defined on input line 63.


LaTeX Warning: Hyper reference `algebraization-section-phantom' on page 74 unde
fined on input line 64.


LaTeX Warning: Hyper reference `curves-section-phantom' on page 74 undefined on
 input line 65.


LaTeX Warning: Hyper reference `resolve-section-phantom' on page 74 undefined o
n input line 66.


LaTeX Warning: Hyper reference `models-section-phantom' on page 74 undefined on
 input line 67.


LaTeX Warning: Hyper reference `functors-section-phantom' on page 74 undefined 
on input line 68.


LaTeX Warning: Hyper reference `equiv-section-phantom' on page 74 undefined on 
input line 69.


LaTeX Warning: Hyper reference `pione-section-phantom' on page 74 undefined on 
input line 70.


LaTeX Warning: Hyper reference `etale-cohomology-section-phantom' on page 74 un
defined on input line 71.


LaTeX Warning: Hyper reference `crystalline-section-phantom' on page 74 undefin
ed on input line 72.


LaTeX Warning: Hyper reference `proetale-section-phantom' on page 74 undefined 
on input line 73.


LaTeX Warning: Hyper reference `relative-cycles-section-phantom' on page 74 und
efined on input line 74.


LaTeX Warning: Hyper reference `more-etale-section-phantom' on page 74 undefine
d on input line 75.


LaTeX Warning: Hyper reference `trace-section-phantom' on page 74 undefined on 
input line 76.


LaTeX Warning: Hyper reference `spaces-section-phantom' on page 74 undefined on
 input line 81.


LaTeX Warning: Hyper reference `spaces-properties-section-phantom' on page 74 u
ndefined on input line 82.


LaTeX Warning: Hyper reference `spaces-morphisms-section-phantom' on page 74 un
defined on input line 83.


LaTeX Warning: Hyper reference `decent-spaces-section-phantom' on page 74 undef
ined on input line 84.


LaTeX Warning: Hyper reference `spaces-cohomology-section-phantom' on page 74 u
ndefined on input line 85.


LaTeX Warning: Hyper reference `spaces-limits-section-phantom' on page 74 undef
ined on input line 86.


LaTeX Warning: Hyper reference `spaces-divisors-section-phantom' on page 74 und
efined on input line 87.


LaTeX Warning: Hyper reference `spaces-over-fields-section-phantom' on page 74 
undefined on input line 88.


LaTeX Warning: Hyper reference `spaces-topologies-section-phantom' on page 74 u
ndefined on input line 89.


LaTeX Warning: Hyper reference `spaces-descent-section-phantom' on page 74 unde
fined on input line 90.


LaTeX Warning: Hyper reference `spaces-more-morphisms-section-phantom' on page 
74 undefined on input line 92.


LaTeX Warning: Hyper reference `spaces-flat-section-phantom' on page 74 undefin
ed on input line 93.


LaTeX Warning: Hyper reference `spaces-groupoids-section-phantom' on page 74 un
defined on input line 94.


LaTeX Warning: Hyper reference `spaces-more-groupoids-section-phantom' on page 
74 undefined on input line 95.


LaTeX Warning: Hyper reference `bootstrap-section-phantom' on page 74 undefined
 on input line 96.


LaTeX Warning: Hyper reference `spaces-pushouts-section-phantom' on page 74 und
efined on input line 97.


LaTeX Warning: Hyper reference `spaces-chow-section-phantom' on page 74 undefin
ed on input line 102.


LaTeX Warning: Hyper reference `groupoids-quotients-section-phantom' on page 74
 undefined on input line 103.


LaTeX Warning: Hyper reference `spaces-more-cohomology-section-phantom' on page
 74 undefined on input line 104.


LaTeX Warning: Hyper reference `spaces-simplicial-section-phantom' on page 74 u
ndefined on input line 105.


LaTeX Warning: Hyper reference `spaces-duality-section-phantom' on page 74 unde
fined on input line 106.


LaTeX Warning: Hyper reference `formal-spaces-section-phantom' on page 74 undef
ined on input line 107.


LaTeX Warning: Hyper reference `restricted-section-phantom' on page 74 undefine
d on input line 108.


LaTeX Warning: Hyper reference `spaces-resolve-section-phantom' on page 74 unde
fined on input line 109.


LaTeX Warning: Hyper reference `formal-defos-section-phantom' on page 74 undefi
ned on input line 114.


LaTeX Warning: Hyper reference `defos-section-phantom' on page 74 undefined on 
input line 115.


LaTeX Warning: Hyper reference `cotangent-section-phantom' on page 74 undefined
 on input line 116.


LaTeX Warning: Hyper reference `examples-defos-section-phantom' on page 74 unde
fined on input line 117.


LaTeX Warning: Hyper reference `algebraic-section-phantom' on page 74 undefined
 on input line 122.


LaTeX Warning: Hyper reference `examples-stacks-section-phantom' on page 74 und
efined on input line 123.


LaTeX Warning: Hyper reference `stacks-sheaves-section-phantom' on page 74 unde
fined on input line 124.


LaTeX Warning: Hyper reference `criteria-section-phantom' on page 74 undefined 
on input line 125.


LaTeX Warning: Hyper reference `artin-section-phantom' on page 74 undefined on 
input line 126.


LaTeX Warning: Hyper reference `quot-section-phantom' on page 74 undefined on i
nput line 127.


LaTeX Warning: Hyper reference `stacks-properties-section-phantom' on page 74 u
ndefined on input line 128.


LaTeX Warning: Hyper reference `stacks-morphisms-section-phantom' on page 74 un
defined on input line 129.


LaTeX Warning: Hyper reference `stacks-limits-section-phantom' on page 74 undef
ined on input line 130.


LaTeX Warning: Hyper reference `stacks-cohomology-section-phantom' on page 74 u
ndefined on input line 131.


LaTeX Warning: Hyper reference `stacks-perfect-section-phantom' on page 74 unde
fined on input line 132.


LaTeX Warning: Hyper reference `stacks-introduction-section-phantom' on page 74
 undefined on input line 133.


LaTeX Warning: Hyper reference `stacks-more-morphisms-section-phantom' on page 
74 undefined on input line 134.


LaTeX Warning: Hyper reference `stacks-geometry-section-phantom' on page 74 und
efined on input line 135.


LaTeX Warning: Hyper reference `moduli-section-phantom' on page 74 undefined on
 input line 140.


LaTeX Warning: Hyper reference `moduli-curves-section-phantom' on page 74 undef
ined on input line 141.

[74]

LaTeX Warning: Hyper reference `examples-section-phantom' on page 75 undefined 
on input line 146.


LaTeX Warning: Hyper reference `exercises-section-phantom' on page 75 undefined
 on input line 147.


LaTeX Warning: Hyper reference `guide-section-phantom' on page 75 undefined on 
input line 148.


LaTeX Warning: Hyper reference `desirables-section-phantom' on page 75 undefine
d on input line 149.


LaTeX Warning: Hyper reference `coding-section-phantom' on page 75 undefined on
 input line 150.


LaTeX Warning: Hyper reference `obsolete-section-phantom' on page 75 undefined 
on input line 151.


LaTeX Warning: Hyper reference `fdl-section-phantom' on page 75 undefined on in
put line 152.


LaTeX Warning: Hyper reference `index-section-phantom' on page 75 undefined on 
input line 153.

) (spaces-perfect.bbl) [75] (spaces-perfect.aux)
 ***********
LaTeX2e <2025-11-01>
L3 programming layer <2026-03-20>
 ***********


LaTeX Warning: There were undefined references.

Package rerunfilecheck Info: File `spaces-perfect.out' has not changed.
(rerunfilecheck)             Checksum: B550402AF5B076CDAB74AD7EE114BD27;6616.
 ) 
Here is how much of TeX's memory you used:
 14885 strings out of 467691
 243786 string characters out of 5414503
 697843 words of memory out of 5000000
 42750 multiletter control sequences out of 15000+600000
 721439 words of font info for 100 fonts, out of 8000000 for 9000
 1302 hyphenation exceptions out of 8191
 80i,16n,82p,3244b,800s stack positions out of 10000i,1000n,20000p,200000b,200000s
<<USER_ROOT>/AppData/Local/Programs/MiKTeX/fonts/type1/public/amsfonts/eu
ler/eufm10.pfb><<USER_ROOT>/AppData/Local/Programs/MiKTeX/fonts/type1/publi
c/amsfonts/euler/eufm7.pfb><<USER_ROOT>/AppData/Local/Programs/MiKTeX/fonts
/type1/public/lm/lmbx10.pfb><<USER_ROOT>/AppData/Local/Programs/MiKTeX/font
s/type1/public/lm/lmbx7.pfb><<USER_ROOT>/AppData/Local/Programs/MiKTeX/font
s/type1/public/lm/lmbx8.pfb><<USER_ROOT>/AppData/Local/Programs/MiKTeX/font
s/type1/public/lm/lmex10.pfb><<USER_ROOT>/AppData/Local/Programs/MiKTeX/fon
ts/type1/public/lm/lmmi10.pfb><<USER_ROOT>/AppData/Local/Programs/MiKTeX/fo
nts/type1/public/lm/lmmi5.pfb><<USER_ROOT>/AppData/Local/Programs/MiKTeX/fo
nts/type1/public/lm/lmmi6.pfb><<USER_ROOT>/AppData/Local/Programs/MiKTeX/fo
nts/type1/public/lm/lmmi7.pfb><<USER_ROOT>/AppData/Local/Programs/MiKTeX/fo
nts/type1/public/lm/lmmi8.pfb><<USER_ROOT>/AppData/Local/Programs/MiKTeX/fo
nts/type1/public/lm/lmr10.pfb><<USER_ROOT>/AppData/Local/Programs/MiKTeX/fo
nts/type1/public/lm/lmr5.pfb><<USER_ROOT>/AppData/Local/Programs/MiKTeX/fon
ts/type1/public/lm/lmr6.pfb><<USER_ROOT>/AppData/Local/Programs/MiKTeX/font
s/type1/public/lm/lmr7.pfb><<USER_ROOT>/AppData/Local/Programs/MiKTeX/fonts
/type1/public/lm/lmr8.pfb><<USER_ROOT>/AppData/Local/Programs/MiKTeX/fonts/
type1/public/lm/lmri10.pfb><<USER_ROOT>/AppData/Local/Programs/MiKTeX/fonts
/type1/public/lm/lmri7.pfb><<USER_ROOT>/AppData/Local/Programs/MiKTeX/fonts
/type1/public/lm/lmri8.pfb><<USER_ROOT>/AppData/Local/Programs/MiKTeX/fonts
/type1/public/lm/lmsy10.pfb><<USER_ROOT>/AppData/Local/Programs/MiKTeX/font
s/type1/public/lm/lmsy5.pfb><<USER_ROOT>/AppData/Local/Programs/MiKTeX/font
s/type1/public/lm/lmsy7.pfb><<USER_ROOT>/AppData/Local/Programs/MiKTeX/font
s/type1/public/amsfonts/symbols/msam10.pfb><<USER_ROOT>/AppData/Local/Progr
ams/MiKTeX/fonts/type1/public/xypic/xyatip10.pfb><<USER_ROOT>/AppData/Local
/Programs/MiKTeX/fonts/type1/public/xypic/xybtip10.pfb>
Output written on spaces-perfect.pdf (75 pages, 884477 bytes).
PDF statistics:
 1625 PDF objects out of 1728 (max. 8388607)
 589 named destinations out of 1000 (max. 500000)
 257 words of extra memory for PDF output out of 10000 (max. 10000000)

