This is pdfTeX, Version 3.141592653-2.6-1.40.29 (MiKTeX 26.5) (preloaded format=pdflatex 2026.8.21)  28 SEP 2026 06:56
entering extended mode
 restricted \write18 enabled.
 file:line:error style messages enabled.
 %&-line parsing enabled.
**./derived.tex
(derived.tex
LaTeX2e <2025-11-01>
L3 programming layer <2026-03-20>
(preamble.tex (stacks-project.cls
Document Class: stacks-project 
\linespacing=\dimen150
\normalparindent=\dimen151
\normaltopskip=\skip49
(<USERPROFILE> amsmath 2025/07/09 v2.17z AMS math features
\@mathmargin=\skip50

For additional information on amsmath, use the `?' option.
(<USERPROFILE> amstext 2024/11/17 v2.01 AMS text

(<USERPROFILE> amsgen.sty 1999/11/30 v2.0 generic functions
\@emptytoks=\toks17
\ex@=\dimen152
))
(<USERPROFILE> amsbsy 1999/11/29 v1.2d Bold Symbols
\pmbraise@=\dimen153
)
(<USERPROFILE> amsopn 2022/04/08 v2.04 operator names
)
\inf@bad=\count275
LaTeX Info: Redefining \frac on input line 233.
\uproot@=\count276
\leftroot@=\count277
LaTeX Info: Redefining \overline on input line 398.
LaTeX Info: Redefining \colon on input line 409.
\classnum@=\count278
\DOTSCASE@=\count279
LaTeX Info: Redefining \ldots on input line 495.
LaTeX Info: Redefining \dots on input line 498.
LaTeX Info: Redefining \cdots on input line 619.
\Mathstrutbox@=\box53
\strutbox@=\box54
LaTeX Info: Redefining \big on input line 721.
LaTeX Info: Redefining \Big on input line 722.
LaTeX Info: Redefining \bigg on input line 723.
LaTeX Info: Redefining \Bigg on input line 724.
\big@size=\dimen154
LaTeX Font Info:    Redeclaring font encoding OML on input line 742.
LaTeX Font Info:    Redeclaring font encoding OMS on input line 743.
\macc@depth=\count280
LaTeX Info: Redefining \bmod on input line 904.
LaTeX Info: Redefining \pmod on input line 909.
LaTeX Info: Redefining \smash on input line 939.
LaTeX Info: Redefining \relbar on input line 969.
LaTeX Info: Redefining \Relbar on input line 970.
\c@MaxMatrixCols=\count281
\dotsspace@=\muskip17
\c@parentequation=\count282
\dspbrk@lvl=\count283
\tag@help=\toks18
\row@=\count284
\column@=\count285
\maxfields@=\count286
\andhelp@=\toks19
\eqnshift@=\dimen155
\alignsep@=\dimen156
\tagshift@=\dimen157
\tagwidth@=\dimen158
\totwidth@=\dimen159
\lineht@=\dimen160
\@envbody=\toks20
\multlinegap=\skip51
\multlinetaggap=\skip52
\mathdisplay@stack=\toks21
LaTeX Info: Redefining \[ on input line 2950.
LaTeX Info: Redefining \] on input line 2951.
)
LaTeX Font Info:    Trying to load font information for U+msa on input line 361
.

(<USERPROFILE> umsa.fd 2013/01/14 v3.01 AMS symbols A
)
(<USERPROFILE> amsfonts 2013/01/14 v3.01 Basic AMSFonts support
\symAMSa=\mathgroup4
\symAMSb=\mathgroup5
LaTeX Font Info:    Redeclaring math symbol \hbar on input line 98.
LaTeX Font Info:    Overwriting math alphabet `\mathfrak' in version `bold'
(Font)                  U/euf/m/n --> U/euf/b/n on input line 106.
)
\copyins=\insert252
\abstractbox=\box55
\listisep=\skip53
\c@part=\count287
\c@section=\count288
\c@subsection=\count289
\c@subsubsection=\count290
\c@paragraph=\count291
\c@subparagraph=\count292
\c@figure=\count293
\c@table=\count294
\abovecaptionskip=\skip54
\belowcaptionskip=\skip55
\captionindent=\dimen161
\thm@style=\toks22
\thm@bodyfont=\toks23
\thm@headfont=\toks24
\thm@notefont=\toks25
\thm@headpunct=\toks26
\thm@preskip=\skip56
\thm@postskip=\skip57
\thm@headsep=\skip58
\dth@everypar=\toks27
) (<USERPROFILE> verbatim 2024-01-22 v1.5x LaTeX2e package for verbatim enhancements
\every@verbatim=\toks28
\verbatim@line=\toks29
\verbatim@in@stream=\read2
)
(<USERPROFILE> catcodes, docmode,
(<USERPROFILE>

 Xy-pic version 3.8.9 <2013/10/06>
 Copyright (c) 1991-2013 by Kristoffer H. Rose <krisrose@tug.org> and others
 Xy-pic is free software: see the User's Guide for details.

Loading kernel: messages; fonts; allocations: state,
\X@c=\dimen162
\Y@c=\dimen163
\U@c=\dimen164
\D@c=\dimen165
\L@c=\dimen166
\R@c=\dimen167
\Edge@c=\toks30
\X@p=\dimen168
\Y@p=\dimen169
\U@p=\dimen170
\D@p=\dimen171
\L@p=\dimen172
\R@p=\dimen173
\Edge@p=\toks31
\X@origin=\dimen174
\Y@origin=\dimen175
\X@xbase=\dimen176
\Y@xbase=\dimen177
\X@ybase=\dimen178
\Y@ybase=\dimen179
\X@min=\dimen180
\Y@min=\dimen181
\X@max=\dimen182
\Y@max=\dimen183
\lastobjectbox@=\box56
\zerodotbox@=\box57
\almostz@=\dimen184
 direction,
\d@X=\dimen185
\d@Y=\dimen186
\K@=\count295
\KK@=\count296
\Direction=\count297
\K@dXdY=\dimen187
\K@dYdX=\dimen188
\xyread@=\read3
\xywrite@=\write3
\csp@=\count298
\quotPTK@=\dimen189

utility macros; pictures: \xy, positions,
\swaptoks@@=\toks32
\connectobjectbox@@=\box58
 objects,
\styletoks@=\toks33
 decorations;
kernel objects: directionals, circles, text; options; algorithms: directions,
edges, connections;  Xy-pic loaded)
(<USERPROFILE> ifpdf 2019/10/25 v3.4 ifpdf legacy package. Use iftex instead.

(<USERPROFILE> iftex 2024/12/12 v1.0g TeX engine tests
))
Package: xy 2013/10/06 Xy-pic version 3.8.9

(<USERPROFILE>
 Xy-pic option: All features v.3.8
(<USERPROFILE>
 Xy-pic option: Curve and Spline extension v.3.12 curve,
\crv@cnt@=\count299
\crvpts@=\toks34
\splinebox@=\box59
\splineval@=\dimen190
\splinedepth@=\dimen191
\splinetol@=\dimen192
\splinelength@=\dimen193
 circles,
\L@=\dimen194
 loaded)
(<USERPROFILE>
 Xy-pic option: Frame and Bracket extension v.3.14 loaded)
(<USERPROFILE>
 Xy-pic option: Computer Modern tip extension v.3.7
(<USERPROFILE>
 Xy-pic option: More Tips extension v.3.11 loaded) loaded)
(<USERPROFILE>
 Xy-pic option: Line styles extension v.3.10
\xylinethick@=\dimen195
 loaded)
(<USERPROFILE>
 Xy-pic option: Rotate and Scale extension v.3.8 loaded)
(<USERPROFILE>
 Xy-pic option: Colour extension v.3.11 loaded)
(<USERPROFILE>
 Xy-pic option: Matrix feature v.3.14
\Row=\count300
\Col=\count301
\queue@=\toks35
\queue@@=\toks36
\qcount@=\count302
\qcount@@=\count303
\matrixsize@=\count304
 loaded)
(<USERPROFILE>
 Xy-pic option: Arrow and Path feature v.3.9 path, \ar, loaded)
(<USERPROFILE>
 Xy-pic option: Graph feature v.3.11 loaded) loaded)
(<USERPROFILE>
 Xy-pic option: PDF driver v.1.7 Xy-pic pdf driver: `color' extension support
(<USERPROFILE> Xy-pic pdf driver: `curve' extension support
(<USERPROFILE> Xy-pic pdf driver: `frame' extension support
(<USERPROFILE> Xy-pic pdf driver: `line' extension support
(<USERPROFILE> Xy-pic pdf driver: `rotate' extension support
(<USERPROFILE> loaded))
(<USERPROFILE>
 Xy-pic option: Two-cell feature v.3.7 two-cells, loaded)
(<USERPROFILE> multicol 2025/10/21 v2.0b multicolumn formatting (FMi)
\c@tracingmulticols=\count305
\mult@box=\box60
\multicol@leftmargin=\dimen196
\c@unbalance=\count306
\c@collectmore=\count307
\doublecol@number=\count308
\multicoltolerance=\count309
\multicolpretolerance=\count310
\full@width=\dimen197
\page@free=\dimen198
\premulticols=\dimen199
\postmulticols=\dimen256
\multicolsep=\skip59
\multicolbaselineskip=\skip60
\partial@page=\box61
\last@line=\box62
\mc@boxedresult=\box63
\maxbalancingoverflow=\dimen257
\mult@rightbox=\box64
\mult@grightbox=\box65
\mult@firstbox=\box66
\mult@gfirstbox=\box67
\@tempa=\box68
\@tempa=\box69
\@tempa=\box70
\@tempa=\box71
\@tempa=\box72
\@tempa=\box73
\@tempa=\box74
\@tempa=\box75
\@tempa=\box76
\@tempa=\box77
\@tempa=\box78
\@tempa=\box79
\@tempa=\box80
\@tempa=\box81
\@tempa=\box82
\@tempa=\box83
\@tempa=\box84
\@tempa=\box85
\@tempa=\box86
\@tempa=\box87
\@tempa=\box88
\@tempa=\box89
\@tempa=\box90
\@tempa=\box91
\@tempa=\box92
\@tempa=\box93
\@tempa=\box94
\@tempa=\box95
\@tempa=\box96
\@tempa=\box97
\@tempa=\box98
\@tempa=\box99
\@tempa=\box100
\@tempa=\box101
\@tempa=\box102
\@tempa=\box103
\c@minrows=\count311
\c@columnbadness=\count312
\c@finalcolumnbadness=\count313
\last@try=\dimen258
\multicolovershoot=\dimen259
\multicolundershoot=\dimen260
\mult@nat@firstbox=\box104
\colbreak@box=\box105
\mc@col@check@num=\count314
\g__mc_curr_col_int=\count315
)
(<USERPROFILE> lmodern 2015/05/01 v1.6.1 Latin Modern Fonts
LaTeX Font Info:    Overwriting symbol font `operators' in version `normal'
(Font)                  OT1/cmr/m/n --> OT1/lmr/m/n on input line 22.
LaTeX Font Info:    Overwriting symbol font `letters' in version `normal'
(Font)                  OML/cmm/m/it --> OML/lmm/m/it on input line 23.
LaTeX Font Info:    Overwriting symbol font `symbols' in version `normal'
(Font)                  OMS/cmsy/m/n --> OMS/lmsy/m/n on input line 24.
LaTeX Font Info:    Overwriting symbol font `largesymbols' in version `normal'
(Font)                  OMX/cmex/m/n --> OMX/lmex/m/n on input line 25.
LaTeX Font Info:    Overwriting symbol font `operators' in version `bold'
(Font)                  OT1/cmr/bx/n --> OT1/lmr/bx/n on input line 26.
LaTeX Font Info:    Overwriting symbol font `letters' in version `bold'
(Font)                  OML/cmm/b/it --> OML/lmm/b/it on input line 27.
LaTeX Font Info:    Overwriting symbol font `symbols' in version `bold'
(Font)                  OMS/cmsy/b/n --> OMS/lmsy/b/n on input line 28.
LaTeX Font Info:    Overwriting symbol font `largesymbols' in version `bold'
(Font)                  OMX/cmex/m/n --> OMX/lmex/m/n on input line 29.
LaTeX Font Info:    Overwriting math alphabet `\mathbf' in version `normal'
(Font)                  OT1/cmr/bx/n --> OT1/lmr/bx/n on input line 31.
LaTeX Font Info:    Overwriting math alphabet `\mathsf' in version `normal'
(Font)                  OT1/cmss/m/n --> OT1/lmss/m/n on input line 32.
LaTeX Font Info:    Overwriting math alphabet `\mathit' in version `normal'
(Font)                  OT1/cmr/m/it --> OT1/lmr/m/it on input line 33.
LaTeX Font Info:    Overwriting math alphabet `\mathtt' in version `normal'
(Font)                  OT1/cmtt/m/n --> OT1/lmtt/m/n on input line 34.
LaTeX Font Info:    Overwriting math alphabet `\mathbf' in version `bold'
(Font)                  OT1/cmr/bx/n --> OT1/lmr/bx/n on input line 35.
LaTeX Font Info:    Overwriting math alphabet `\mathsf' in version `bold'
(Font)                  OT1/cmss/bx/n --> OT1/lmss/bx/n on input line 36.
LaTeX Font Info:    Overwriting math alphabet `\mathit' in version `bold'
(Font)                  OT1/cmr/bx/it --> OT1/lmr/bx/it on input line 37.
LaTeX Font Info:    Overwriting math alphabet `\mathtt' in version `bold'
(Font)                  OT1/cmtt/m/n --> OT1/lmtt/m/n on input line 38.
)
(<USERPROFILE> fontenc 2025/07/18 v2.1d Standard LaTeX package
LaTeX Font Info:    Trying to load font information for T1+lmr on input line 11
6.

(<USERPROFILE> t1lmr.fd 2015/05/01 v1.6.1 Font defs for Latin Modern
))
(<USERPROFILE> xr-hyper 2026-04-24 v7.01q eXternal References (DPC)
) (<USERPROFILE> hyperref 2026-04-24 v7.01q Hypertext links for LaTeX
(<USERPROFILE> keyval 2022/05/29 v1.15 key=value parser (DPC)
\KV@toks@=\toks37
)
(<USERPROFILE> kvsetkeys 2022-10-05 v1.19 Key value parser (HO)
)
(<USERPROFILE> kvdefinekeys 2019-12-19 v1.6 Define keys (HO)
)
(<USERPROFILE> pdfescape 2019/12/09 v1.15 Implements pdfTeX's escape features (HO)

(<USERPROFILE> ltxcmds 2023-12-04 v1.26 LaTeX kernel commands for general use (HO)
)
(<USERPROFILE> pdftexcmds 2020-06-27 v0.33 Utility functions of pdfTeX for LuaTeX (HO
)

(<USERPROFILE> infwarerr 2019/12/03 v1.5 Providing info/warning/error messages (HO)
)
Package pdftexcmds Info: \pdf@primitive is available.
Package pdftexcmds Info: \pdf@ifprimitive is available.
Package pdftexcmds Info: \pdfdraftmode found.
))
(<USERPROFILE> hycolor 2020-01-27 v1.10 Color options for hyperref/bookmark (HO)
)
(<USERPROFILE> nameref 2026-01-29 v2.58 Cross-referencing by name of section

(<USERPROFILE> refcount 2019/12/15 v3.6 Data extraction from label references (HO)
)
(<USERPROFILE> gettitlestring 2019/12/15 v1.6 Cleanup title references (HO)

(<USERPROFILE> kvoptions 2022-06-15 v3.15 Key value format for package options (HO)
))
\c@section@level=\count316
)
(<USERPROFILE> etoolbox 2025/10/02 v2.5m e-TeX tools for LaTeX (JAW)
\etb@tempcnta=\count317
)
(<USERPROFILE> stringenc 2019/11/29 v1.12 Convert strings between diff. encodings (HO
)
)
\@linkdim=\dimen261
\Hy@linkcounter=\count318
\Hy@pagecounter=\count319

(<USERPROFILE> pd1enc.def 2026-04-24 v7.01q Hyperref: PDFDocEncoding definition (HO)
Now handling font encoding PD1 ...
... no UTF-8 mapping file for font encoding PD1
)
(<USERPROFILE> intcalc 2019/12/15 v1.3 Expandable calculations with integers (HO)
)
\Hy@SavedSpaceFactor=\count320
(<USERPROFILE> puenc.def 2026-04-24 v7.01q Hyperref: PDF Unicode definition (HO)
Now handling font encoding PU ...
... no UTF-8 mapping file for font encoding PU
)
(hyperref.cfg
File: hyperref.cfg 
)
Package hyperref Info: Hyper figures OFF on input line 4199.
Package hyperref Info: Link nesting OFF on input line 4204.
Package hyperref Info: Hyper index ON on input line 4207.
Package hyperref Info: Plain pages OFF on input line 4214.
Package hyperref Info: Backreferencing OFF on input line 4219.
Package hyperref Info: Implicit mode ON; LaTeX internals redefined.
Package hyperref Info: Bookmarks ON on input line 4466.
\c@Hy@tempcnt=\count321

(<USERPROFILE> url 2013/09/16  ver 3.4  Verb mode for urls, etc.
)
LaTeX Info: Redefining \url on input line 4805.
\XeTeXLinkMargin=\dimen262

(<USERPROFILE> bitset 2019/12/09 v1.3 Handle bit-vector datatype (HO)

(<USERPROFILE> bigintcalc 2019/12/15 v1.5 Expandable calculations on big integers (HO
)
))
\Fld@menulength=\count322
\Field@Width=\dimen263
\Fld@charsize=\dimen264
Package hyperref Info: Hyper figures OFF on input line 6091.
Package hyperref Info: Link nesting OFF on input line 6096.
Package hyperref Info: Hyper index ON on input line 6099.
Package hyperref Info: backreferencing OFF on input line 6106.
Package hyperref Info: Link coloring OFF on input line 6111.
Package hyperref Info: Link coloring with OCG OFF on input line 6116.
Package hyperref Info: PDF/A mode OFF on input line 6121.
\Hy@abspage=\count323
\c@Item=\count324
\c@Hfootnote=\count325
)
Package hyperref Info: Driver (autodetected): hpdftex.

(<USERPROFILE> hpdftex.def 2026-04-24 v7.01q Hyperref driver for pdfTeX
\Fld@listcount=\count326
\c@bookmark@seq@number=\count327

(<USERPROFILE> rerunfilecheck 2025-06-21 v1.11 Rerun checks for auxiliary files (HO)

(<USERPROFILE> uniquecounter 2019/12/15 v1.4 Provide unlimited unique counter (HO)
)
Package uniquecounter Info: New unique counter `rerunfilecheck' on input line 2
84.
)
\Hy@SectionHShift=\skip61
)

Package xr Warning: 
No file introduction.aux
LABELS NOT IMPORTED.
 on input line 53.


Package xr Warning: 
No file conventions.aux
LABELS NOT IMPORTED.
 on input line 54.

Package xr Info: IMPORTING LABELS FROM sets.aux on input line 55.
Package xr Info: IMPORTING LABELS FROM categories.aux on input line 56.
Package xr Info: IMPORTING LABELS FROM topology.aux on input line 57.
Package xr Info: IMPORTING LABELS FROM sheaves.aux on input line 58.
Package xr Info: IMPORTING LABELS FROM sites.aux on input line 59.

Package xr Warning: 
No file stacks.aux
LABELS NOT IMPORTED.
 on input line 60.

Package xr Info: IMPORTING LABELS FROM fields.aux on input line 61.
Package xr Info: IMPORTING LABELS FROM algebra.aux on input line 62.
Package xr Info: IMPORTING LABELS FROM brauer.aux on input line 63.
Package xr Info: IMPORTING LABELS FROM homology.aux on input line 64.
Package xr Info: IMPORTING LABELS FROM derived.aux on input line 65.
Package xr Info: IMPORTING LABELS FROM simplicial.aux on input line 66.
Package xr Info: IMPORTING LABELS FROM more-algebra.aux on input line 67.
Package xr Info: IMPORTING LABELS FROM smoothing.aux on input line 68.
Package xr Info: IMPORTING LABELS FROM modules.aux on input line 69.
Package xr Info: IMPORTING LABELS FROM sites-modules.aux on input line 70.
Package xr Info: IMPORTING LABELS FROM injectives.aux on input line 71.
Package xr Info: IMPORTING LABELS FROM cohomology.aux on input line 72.
Package xr Info: IMPORTING LABELS FROM sites-cohomology.aux on input line 73.

Package xr Warning: 
No file dga.aux
LABELS NOT IMPORTED.
 on input line 74.


Package xr Warning: 
No file dpa.aux
LABELS NOT IMPORTED.
 on input line 75.


Package xr Warning: 
No file sdga.aux
LABELS NOT IMPORTED.
 on input line 76.


Package xr Warning: 
No file hypercovering.aux
LABELS NOT IMPORTED.
 on input line 77.

Package xr Info: IMPORTING LABELS FROM schemes.aux on input line 78.

Package xr Warning: 
No file constructions.aux
LABELS NOT IMPORTED.
 on input line 79.

Package xr Info: IMPORTING LABELS FROM properties.aux on input line 80.
Package xr Info: IMPORTING LABELS FROM morphisms.aux on input line 81.

Package xr Warning: 
No file coherent.aux
LABELS NOT IMPORTED.
 on input line 82.


Package xr Warning: 
No file divisors.aux
LABELS NOT IMPORTED.
 on input line 83.


Package xr Warning: 
No file limits.aux
LABELS NOT IMPORTED.
 on input line 84.


Package xr Warning: 
No file varieties.aux
LABELS NOT IMPORTED.
 on input line 85.

Package xr Info: IMPORTING LABELS FROM topologies.aux on input line 86.
Package xr Info: IMPORTING LABELS FROM descent.aux on input line 87.
Package xr Info: IMPORTING LABELS FROM perfect.aux on input line 88.
Package xr Info: IMPORTING LABELS FROM more-morphisms.aux on input line 89.

Package xr Warning: 
No file flat.aux
LABELS NOT IMPORTED.
 on input line 90.

Package xr Info: IMPORTING LABELS FROM groupoids.aux on input line 91.
Package xr Info: IMPORTING LABELS FROM more-groupoids.aux on input line 92.

Package xr Warning: 
No file etale.aux
LABELS NOT IMPORTED.
 on input line 93.


Package xr Warning: 
No file chow.aux
LABELS NOT IMPORTED.
 on input line 94.


Package xr Warning: 
No file intersection.aux
LABELS NOT IMPORTED.
 on input line 95.


Package xr Warning: 
No file pic.aux
LABELS NOT IMPORTED.
 on input line 96.


Package xr Warning: 
No file weil.aux
LABELS NOT IMPORTED.
 on input line 97.


Package xr Warning: 
No file adequate.aux
LABELS NOT IMPORTED.
 on input line 98.


Package xr Warning: 
No file dualizing.aux
LABELS NOT IMPORTED.
 on input line 99.


Package xr Warning: 
No file duality.aux
LABELS NOT IMPORTED.
 on input line 100.


Package xr Warning: 
No file discriminant.aux
LABELS NOT IMPORTED.
 on input line 101.


Package xr Warning: 
No file derham.aux
LABELS NOT IMPORTED.
 on input line 102.


Package xr Warning: 
No file local-cohomology.aux
LABELS NOT IMPORTED.
 on input line 103.


Package xr Warning: 
No file algebraization.aux
LABELS NOT IMPORTED.
 on input line 104.


Package xr Warning: 
No file curves.aux
LABELS NOT IMPORTED.
 on input line 105.


Package xr Warning: 
No file resolve.aux
LABELS NOT IMPORTED.
 on input line 106.


Package xr Warning: 
No file models.aux
LABELS NOT IMPORTED.
 on input line 107.


Package xr Warning: 
No file functors.aux
LABELS NOT IMPORTED.
 on input line 108.


Package xr Warning: 
No file equiv.aux
LABELS NOT IMPORTED.
 on input line 109.

Package xr Info: IMPORTING LABELS FROM gaga.aux on input line 110.

Package xr Warning: 
No file pione.aux
LABELS NOT IMPORTED.
 on input line 111.


Package xr Warning: 
No file etale-cohomology.aux
LABELS NOT IMPORTED.
 on input line 112.


Package xr Warning: 
No file proetale.aux
LABELS NOT IMPORTED.
 on input line 113.


Package xr Warning: 
No file relative-cycles.aux
LABELS NOT IMPORTED.
 on input line 114.


Package xr Warning: 
No file more-etale.aux
LABELS NOT IMPORTED.
 on input line 115.


Package xr Warning: 
No file trace.aux
LABELS NOT IMPORTED.
 on input line 116.

Package xr Info: IMPORTING LABELS FROM crystalline.aux on input line 117.

Package xr Warning: 
No file spaces.aux
LABELS NOT IMPORTED.
 on input line 118.


Package xr Warning: 
No file spaces-properties.aux
LABELS NOT IMPORTED.
 on input line 119.

Package xr Info: IMPORTING LABELS FROM spaces-morphisms.aux on input line 120.

Package xr Warning: 
No file decent-spaces.aux
LABELS NOT IMPORTED.
 on input line 121.

Package xr Info: IMPORTING LABELS FROM spaces-cohomology.aux on input line 122.


Package xr Warning: 
No file spaces-limits.aux
LABELS NOT IMPORTED.
 on input line 123.


Package xr Warning: 
No file spaces-divisors.aux
LABELS NOT IMPORTED.
 on input line 124.


Package xr Warning: 
No file spaces-over-fields.aux
LABELS NOT IMPORTED.
 on input line 125.


Package xr Warning: 
No file spaces-topologies.aux
LABELS NOT IMPORTED.
 on input line 126.


Package xr Warning: 
No file spaces-descent.aux
LABELS NOT IMPORTED.
 on input line 127.

Package xr Info: IMPORTING LABELS FROM spaces-perfect.aux on input line 128.

Package xr Warning: 
No file spaces-more-morphisms.aux
LABELS NOT IMPORTED.
 on input line 129.


Package xr Warning: 
No file spaces-flat.aux
LABELS NOT IMPORTED.
 on input line 130.


Package xr Warning: 
No file spaces-groupoids.aux
LABELS NOT IMPORTED.
 on input line 131.


Package xr Warning: 
No file spaces-more-groupoids.aux
LABELS NOT IMPORTED.
 on input line 132.


Package xr Warning: 
No file bootstrap.aux
LABELS NOT IMPORTED.
 on input line 133.


Package xr Warning: 
No file spaces-pushouts.aux
LABELS NOT IMPORTED.
 on input line 134.


Package xr Warning: 
No file spaces-chow.aux
LABELS NOT IMPORTED.
 on input line 135.


Package xr Warning: 
No file groupoids-quotients.aux
LABELS NOT IMPORTED.
 on input line 136.


Package xr Warning: 
No file spaces-more-cohomology.aux
LABELS NOT IMPORTED.
 on input line 137.


Package xr Warning: 
No file spaces-simplicial.aux
LABELS NOT IMPORTED.
 on input line 138.

Package xr Info: IMPORTING LABELS FROM spaces-duality.aux on input line 139.

Package xr Warning: 
No file formal-spaces.aux
LABELS NOT IMPORTED.
 on input line 140.


Package xr Warning: 
No file restricted.aux
LABELS NOT IMPORTED.
 on input line 141.


Package xr Warning: 
No file spaces-resolve.aux
LABELS NOT IMPORTED.
 on input line 142.


Package xr Warning: 
No file formal-defos.aux
LABELS NOT IMPORTED.
 on input line 143.


Package xr Warning: 
No file defos.aux
LABELS NOT IMPORTED.
 on input line 144.


Package xr Warning: 
No file cotangent.aux
LABELS NOT IMPORTED.
 on input line 145.


Package xr Warning: 
No file examples-defos.aux
LABELS NOT IMPORTED.
 on input line 146.


Package xr Warning: 
No file algebraic.aux
LABELS NOT IMPORTED.
 on input line 147.


Package xr Warning: 
No file examples-stacks.aux
LABELS NOT IMPORTED.
 on input line 148.


Package xr Warning: 
No file stacks-sheaves.aux
LABELS NOT IMPORTED.
 on input line 149.


Package xr Warning: 
No file criteria.aux
LABELS NOT IMPORTED.
 on input line 150.

Package xr Info: IMPORTING LABELS FROM artin.aux on input line 151.

Package xr Warning: 
No file quot.aux
LABELS NOT IMPORTED.
 on input line 152.


Package xr Warning: 
No file stacks-properties.aux
LABELS NOT IMPORTED.
 on input line 153.


Package xr Warning: 
No file stacks-morphisms.aux
LABELS NOT IMPORTED.
 on input line 154.

Package xr Info: IMPORTING LABELS FROM stacks-limits.aux on input line 155.

Package xr Warning: 
No file stacks-cohomology.aux
LABELS NOT IMPORTED.
 on input line 156.


Package xr Warning: 
No file stacks-perfect.aux
LABELS NOT IMPORTED.
 on input line 157.


Package xr Warning: 
No file stacks-introduction.aux
LABELS NOT IMPORTED.
 on input line 158.


Package xr Warning: 
No file stacks-more-morphisms.aux
LABELS NOT IMPORTED.
 on input line 159.


Package xr Warning: 
No file stacks-geometry.aux
LABELS NOT IMPORTED.
 on input line 160.

Package xr Info: IMPORTING LABELS FROM moduli.aux on input line 161.

Package xr Warning: 
No file moduli-curves.aux
LABELS NOT IMPORTED.
 on input line 162.

Package xr Info: IMPORTING LABELS FROM examples.aux on input line 163.

Package xr Warning: 
No file exercises.aux
LABELS NOT IMPORTED.
 on input line 164.


Package xr Warning: 
No file guide.aux
LABELS NOT IMPORTED.
 on input line 165.


Package xr Warning: 
No file desirables.aux
LABELS NOT IMPORTED.
 on input line 166.


Package xr Warning: 
No file coding.aux
LABELS NOT IMPORTED.
 on input line 167.


Package xr Warning: 
No file obsolete.aux
LABELS NOT IMPORTED.
 on input line 168.


Package xr Warning: 
No file fdl.aux
LABELS NOT IMPORTED.
 on input line 169.


Package xr Warning: 
No file index.aux
LABELS NOT IMPORTED.
 on input line 170.

)
(<USERPROFILE> l3backend-pdftex.def 2026-02-18 L3 backend support: PDF output (pdfTeX)
\l__color_backend_stack_int=\count328
) (derived.aux)
\openout1 = `derived.aux'.

LaTeX Font Info:    Checking defaults for OML/cmm/m/it on input line 5.
LaTeX Font Info:    ... okay on input line 5.
LaTeX Font Info:    Checking defaults for OMS/cmsy/m/n on input line 5.
LaTeX Font Info:    ... okay on input line 5.
LaTeX Font Info:    Checking defaults for OT1/cmr/m/n on input line 5.
LaTeX Font Info:    ... okay on input line 5.
LaTeX Font Info:    Checking defaults for T1/cmr/m/n on input line 5.
LaTeX Font Info:    ... okay on input line 5.
LaTeX Font Info:    Checking defaults for TS1/cmr/m/n on input line 5.
LaTeX Font Info:    ... okay on input line 5.
LaTeX Font Info:    Checking defaults for OMX/cmex/m/n on input line 5.
LaTeX Font Info:    ... okay on input line 5.
LaTeX Font Info:    Checking defaults for U/cmr/m/n on input line 5.
LaTeX Font Info:    ... okay on input line 5.
LaTeX Font Info:    Checking defaults for PD1/pdf/m/n on input line 5.
LaTeX Font Info:    ... okay on input line 5.
LaTeX Font Info:    Checking defaults for PU/pdf/m/n on input line 5.
LaTeX Font Info:    ... okay on input line 5.
LaTeX Font Info:    Trying to load font information for OT1+lmr on input line 5
.

(<USERPROFILE> ot1lmr.fd 2015/05/01 v1.6.1 Font defs for Latin Modern
)
LaTeX Font Info:    Trying to load font information for OML+lmm on input line 5
.

(<USERPROFILE> omllmm.fd 2015/05/01 v1.6.1 Font defs for Latin Modern
)
LaTeX Font Info:    Trying to load font information for OMS+lmsy on input line 
5.

(<USERPROFILE> omslmsy.fd 2015/05/01 v1.6.1 Font defs for Latin Modern
)
LaTeX Font Info:    Trying to load font information for OMX+lmex on input line 
5.

(<USERPROFILE> omxlmex.fd 2015/05/01 v1.6.1 Font defs for Latin Modern
)
LaTeX Font Info:    External font `lmex10' loaded for size
(Font)              <8> on input line 5.
LaTeX Font Info:    External font `lmex10' loaded for size
(Font)              <6> on input line 5.
LaTeX Font Info:    External font `lmex10' loaded for size
(Font)              <5> on input line 5.
LaTeX Font Info:    Trying to load font information for U+msa on input line 5.

(<USERPROFILE> umsa.fd 2013/01/14 v3.01 AMS symbols A
)
LaTeX Font Info:    Trying to load font information for U+msb on input line 5.

(<USERPROFILE> umsb.fd 2013/01/14 v3.01 AMS symbols B
)
LaTeX Font Info:    External font `lmex10' loaded for size
(Font)              <10> on input line 5.
LaTeX Font Info:    External font `lmex10' loaded for size
(Font)              <7> on input line 5.
Package xypdf Info: Line width: 0.39998pt on input line 5.
Package hyperref Info: Link coloring OFF on input line 5.

(derived.out) (derived.out)
\@outlinefile=\write4
\openout4 = `derived.out'.

 (derived.toc [1{<USERPROFILE>}{<USERPROFILE>}
])
\tf@toc=\write5
\openout5 = `derived.toc'.

 <xymatrix 4x2 402> [2{<USERPROFILE>}{<USERPROFILE>}{<USERPROFILE>}] <xymatrix 4x2 437> [3]
<xymatrix 2x2 182> <xymatrix 5x1 186> [4] <xymatrix 3x2 176> <xymatrix 4x2
416> [5] <xymatrix 4x2 409> <xymatrix 5x2 484> <xymatrix 4x2 484> [6]
<xymatrix 2x2 182> [7] <xymatrix 4x2 485> <xymatrix 1x2 51> [8] [9{<USERPROFILE>}] [10]
[11] <xymatrix 2x2 154> <xymatrix 4x4 882> [12]
Overfull \hbox (2.52861pt too wide) in paragraph at lines 1130--1135
[]$\OT1/lmr/m/n/10 (\OML/lmm/m/it/10 X; Y; Z\OT1/lmr/m/n/10 ) \OMS/lmsy/m/n/10 
! \OT1/lmr/m/n/10 (\OML/lmm/m/it/10 X; Y[]; A\OT1/lmr/m/n/10 )$\T1/lmr/m/n/10 ,
 $\OT1/lmr/m/n/10 (\OML/lmm/m/it/10 X; Y[]; A\OT1/lmr/m/n/10 ) \OMS/lmsy/m/n/10
 ! \OT1/lmr/m/n/10 (\OML/lmm/m/it/10 Y; Y[]; Y[]\OT1/lmr/m/n/10 )$\T1/lmr/m/n/1
0 , $\OT1/lmr/m/n/10 (\OML/lmm/m/it/10 X; X[]; X[]\OT1/lmr/m/n/10 ) \OMS/lmsy/m
/n/10 ! \OT1/lmr/m/n/10 (\OML/lmm/m/it/10 X; Y[]; A\OT1/lmr/m/n/10 )$\T1/lmr/m/
n/10 ,
 []

<xymatrix 2x3 271> <xymatrix 3x2 271> [13]
Overfull \hbox (3.84103pt too wide) in paragraph at lines 1177--1197
\T1/lmr/m/n/10 sides $\OT1/lmr/m/n/10 (\OML/lmm/m/it/10 Y[]; Z[]; Y\OT1/lmr/m/n
/10 [1]\OML/lmm/m/it/10 ; Z\OT1/lmr/m/n/10 [1])$ \T1/lmr/m/n/10 com-mutes be-ca
use $\OT1/lmr/m/n/10 (\OML/lmm/m/it/10 X[]; Y[]; Z[]\OT1/lmr/m/n/10 ) \OMS/lmsy
/m/n/10 ! \OT1/lmr/m/n/10 (\OML/lmm/m/it/10 A; Y[]; Z\OT1/lmr/m/n/10 [1]\OML/lm
m/m/it/10 ; b; c; \OMS/lmsy/m/n/10 ^^@\OML/lmm/m/it/10 a\OT1/lmr/m/n/10 [1])$
 []

<xymatrix 4x2 395> <xymatrix 4x2 409> [14] <xymatrix 4x2 402> <xymatrix 4x3
322> [15] <xymatrix 4x3 329> [16] <xymatrix 2x2 182> <xymatrix 3x2 313>
<xymatrix 4x3 684> <xymatrix 1x2 51> [17] [18] [19]
Overfull \hbox (10.51732pt too wide) in paragraph at lines 1765--1792
\OML/lmm/m/it/10 X \OMS/lmsy/m/n/10 ! \OML/lmm/m/it/10 X[]$ \T1/lmr/m/n/10 in $
\OML/lmm/m/it/10 X=S$ \T1/lmr/m/n/10 and two ob-jects $\OT1/lmr/m/n/10 (\OML/lm
m/m/it/10 s[]; s[]; s[]\OT1/lmr/m/n/10 ) : (\OML/lmm/m/it/10 X; Y; Z; f; g; h\O
T1/lmr/m/n/10 ) \OMS/lmsy/m/n/10 ! \OT1/lmr/m/n/10 (\OML/lmm/m/it/10 X[]; Y[]; 
Z[]; f[]; g[]; h[]\OT1/lmr/m/n/10 )$
 []

[20]
Overfull \hbox (3.41821pt too wide) in paragraph at lines 1816--1821
[]\T1/lmr/bx/n/10 Definition 6.1. \T1/lmr/m/n/10 Let $\OMS/lmsy/m/n/10 D$ \T1/l
mr/m/n/10 be a pre-triangulated cat-e-gory. We say a full pre-triangulated
 []

<xymatrix 5x2 200> [21] [22] <xymatrix 4x3 322> <xymatrix 2x2 168> [23]
<xymatrix 7x3 619> [24] [25]
Overfull \hbox (9.93057pt too wide) in paragraph at lines 2294--2298
[]\T1/lmr/m/it/10 The mul-ti-plica-tive sys-tem used to form $\OMS/lmsy/m/n/10 
A\OML/lmm/m/it/10 =\OMS/lmsy/m/n/10 B$ \T1/lmr/m/it/10 is the in-ter-sec-tion w
ith $[]\OT1/lmr/m/n/10 (\OMS/lmsy/m/n/10 A\OT1/lmr/m/n/10 )$
 []

[26] [27] [28] <xymatrix 4x2 395>
Overfull \hbox (4.1592pt too wide) in paragraph at lines 2606--2612
\T1/lmr/m/n/10 Recall that the ar-row $\OML/lmm/m/it/10 F\OT1/lmr/m/n/10 (\OML/
lmm/m/it/10 X\OT1/lmr/m/n/10 ) \OMS/lmsy/m/n/10 ! \OML/lmm/m/it/10 F\OT1/lmr/m/
n/10 (\OML/lmm/m/it/10 G\OT1/lmr/m/n/10 (\OML/lmm/m/it/10 A\OT1/lmr/m/n/10 ))[1
]$ \T1/lmr/m/n/10 is the com-po-si-tion of $\OML/lmm/m/it/10 F\OT1/lmr/m/n/10 (
\OML/lmm/m/it/10 X\OT1/lmr/m/n/10 ) \OMS/lmsy/m/n/10 ! \OML/lmm/m/it/10 F\OT1/l
mr/m/n/10 (\OML/lmm/m/it/10 G\OT1/lmr/m/n/10 (\OML/lmm/m/it/10 A\OT1/lmr/m/n/10
 )[1])$
 []

<xymatrix 4x2 374> [29] [30] <xymatrix 2x2 182> <xymatrix 2x2 168> <xymatrix
2x2 182> [31] <xymatrix 3x1 144> [32] <xymatrix 3x1 144> [33] <xymatrix 3x2
285> <xymatrix 3x2 285> <xymatrix 3x2 285> [34] <xymatrix 3x2 285> <xymatrix
4x2 388> <xymatrix 4x2 388> [35] <xymatrix 4x2 340> [36] [37]
Overfull \hbox (6.6726pt too wide) in paragraph at lines 3595--3622
\OT1/lmr/m/n/10 (\OML/lmm/m/it/10 C[]\OT1/lmr/m/n/10 [\OMS/lmsy/m/n/10 ^^@\OT1/
lmr/m/n/10 1]\OML/lmm/m/it/10 ; A[]; B[]; ^^N\OT1/lmr/m/n/10 [\OMS/lmsy/m/n/10 
^^@\OT1/lmr/m/n/10 1]\OML/lmm/m/it/10 ; ; ^^L\OT1/lmr/m/n/10 )$ \T1/lmr/m/n/10
 is iso-mor-phic to $\OT1/lmr/m/n/10 (\OML/lmm/m/it/10 C[]\OT1/lmr/m/n/10 [\OMS
/lmsy/m/n/10 ^^@\OT1/lmr/m/n/10 1]\OML/lmm/m/it/10 ; A[]; C\OT1/lmr/m/n/10 (\OM
L/lmm/m/it/10 ^^N\OT1/lmr/m/n/10 [\OMS/lmsy/m/n/10 ^^@\OT1/lmr/m/n/10 1])[]\OML
/lmm/m/it/10 ; ^^N\OT1/lmr/m/n/10 [\OMS/lmsy/m/n/10 ^^@\OT1/lmr/m/n/10 1]\OML/l
mm/m/it/10 ; i; p\OT1/lmr/m/n/10 )$\T1/lmr/m/n/10 . Pre-
 []

[38] [39] [40] [41] <xymatrix 6x1 217> [42] <xymatrix 2x2 154>
Overfull \hbox (1.871pt too wide) in paragraph at lines 4130--4134
\T1/lmr/m/it/10 where all the ar-rows are quasi-isomorphisms, $\OML/lmm/m/it/10
 L[]$ \T1/lmr/m/it/10 bounded be-low, $\OML/lmm/m/it/10 M[]$ \T1/lmr/m/it/10 bo
unded
 []

[43] [44]
Overfull \hbox (18.61253pt too wide) in paragraph at lines 4325--4332
\T1/lmr/m/it/10 with $\OML/lmm/m/it/10 p$ \T1/lmr/m/it/10 and $\OML/lmm/m/it/10
 q$ \T1/lmr/m/it/10 as ex-plained above. The same con-struc-tion turns the func
-tors $[][]\OT1/lmr/m/n/10 (\OMS/lmsy/m/n/10 A\OT1/lmr/m/n/10 ) \OMS/lmsy/m/n/1
0 !
 []

<xymatrix 5x2 465> <xymatrix 5x2 416> [45] <xymatrix 5x1 158> [46] [47]
Overfull \hbox (10.7464pt too wide) in paragraph at lines 4646--4656
\T1/lmr/m/it/10 tem (see Lemma []6.10[]) of $\OML/lmm/m/it/10 K\OT1/lmr/m/n/10 
([][](\OMS/lmsy/m/n/10 A\OT1/lmr/m/n/10 ))$ \T1/lmr/m/it/10 is the set $[]\OT1/
lmr/m/n/10 (\OMS/lmsy/m/n/10 A\OT1/lmr/m/n/10 )$ \T1/lmr/m/it/10 of fil-tered q
uasi-isomorphisms.
 []

[48]
Overfull \hbox (8.66606pt too wide) in paragraph at lines 4743--4746
[]\T1/lmr/m/it/10 If $\OML/lmm/m/it/10 H[]\OT1/lmr/m/n/10 ([](\OML/lmm/m/it/10 
K[]\OT1/lmr/m/n/10 )) = 0$ \T1/lmr/m/it/10 for all $\OML/lmm/m/it/10 n < a$\T1/
lmr/m/it/10 , then there ex-ists a fil-tered quasi-isomorphism
 []


Overfull \hbox (7.67183pt too wide) in paragraph at lines 4746--4749
[]\T1/lmr/m/it/10 If $\OML/lmm/m/it/10 H[]\OT1/lmr/m/n/10 ([](\OML/lmm/m/it/10 
K[]\OT1/lmr/m/n/10 )) = 0$ \T1/lmr/m/it/10 for all $\OML/lmm/m/it/10 n > b$\T1/
lmr/m/it/10 , then there ex-ists a fil-tered quasi-isomorphism
 []

<xymatrix 2x2 154>
Overfull \hbox (2.69423pt too wide) in paragraph at lines 4787--4797
\T1/lmr/m/n/10 sec-tion of $\OML/lmm/m/it/10 K[]\OT1/lmr/m/n/10 ([][]\OMS/lmsy/
m/n/10 A\OT1/lmr/m/n/10 )$\T1/lmr/m/n/10 , $\OML/lmm/m/it/10 K[]\OT1/lmr/m/n/10
 ([][]\OMS/lmsy/m/n/10 A\OT1/lmr/m/n/10 )$\T1/lmr/m/n/10 , resp. $\OML/lmm/m/it
/10 K[]\OT1/lmr/m/n/10 ([][]\OMS/lmsy/m/n/10 A\OT1/lmr/m/n/10 )$ \T1/lmr/m/n/10
 with $[]\OT1/lmr/m/n/10 (\OMS/lmsy/m/n/10 A\OT1/lmr/m/n/10 )$\T1/lmr/m/n/10 . 
De-note $[][]\OT1/lmr/m/n/10 (\OMS/lmsy/m/n/10 A\OT1/lmr/m/n/10 )$\T1/lmr/m/n/1
0 ,
 []


Overfull \hbox (10.49817pt too wide) in paragraph at lines 4787--4797
[][]\OT1/lmr/m/n/10 (\OMS/lmsy/m/n/10 A\OT1/lmr/m/n/10 )$\T1/lmr/m/n/10 , resp.
 $[][]\OT1/lmr/m/n/10 (\OMS/lmsy/m/n/10 A\OT1/lmr/m/n/10 )$ \T1/lmr/m/n/10 the 
in-ter-sec-tion of $\OML/lmm/m/it/10 K[]\OT1/lmr/m/n/10 ([][]\OMS/lmsy/m/n/10 A
\OT1/lmr/m/n/10 )$\T1/lmr/m/n/10 , $\OML/lmm/m/it/10 K[]\OT1/lmr/m/n/10 ([][]\O
MS/lmsy/m/n/10 A\OT1/lmr/m/n/10 )$\T1/lmr/m/n/10 , resp. $\OML/lmm/m/it/10 K[]\
OT1/lmr/m/n/10 ([][]\OMS/lmsy/m/n/10 A\OT1/lmr/m/n/10 )$
 []

[49] <xymatrix 2x2 182> [50] <xymatrix 3x2 264> <xymatrix 2x2 182> <xymatrix
3x2 264> <xymatrix 2x2 182> [51] <xymatrix 2x2 182> <xymatrix 3x2 305> [52]
<xymatrix 2x5 484> [53] <xymatrix 3x2 278> [54] <xymatrix 4x2 201>
Overfull \hbox (3.16957pt too wide) in paragraph at lines 5371--5375
[]\T1/lmr/bx/n/10 Lemma 14.12. \T1/lmr/m/it/10 As-sump-tions and no-ta-tion as 
in Sit-u-a-tion []14.1[]. Let $\OT1/lmr/m/n/10 (\OML/lmm/m/it/10 X; Y; Z; f; g;
 h\OT1/lmr/m/n/10 )$
 []

<xymatrix 1x2 44> [55] [56] [57] <xymatrix 6x2 445> [58] <xymatrix 6x2 520>
[59] [60] [61]
Overfull \hbox (3.09105pt too wide) in paragraph at lines 6050--6067
[]\T1/lmr/m/n/10 The func-tor $\OMS/lmsy/m/n/10 A ! [][]\OT1/lmr/m/n/10 (\OMS/l
msy/m/n/10 A\OT1/lmr/m/n/10 )$\T1/lmr/m/n/10 , $\OML/lmm/m/it/10 A \OMS/lmsy/m/
n/10 7! \OML/lmm/m/it/10 A\OT1/lmr/m/n/10 [0]$ \T1/lmr/m/n/10 is ex-act. The fu
nc-tor $[][]\OT1/lmr/m/n/10 (\OMS/lmsy/m/n/10 A\OT1/lmr/m/n/10 ) \OMS/lmsy/m/n/
10 !
 []

[62] <xymatrix 4x2 388>
Overfull \hbox (44.76874pt too wide) detected at line 6152
[]
 []

[63] [64] <xymatrix 4x3 466> <xymatrix 4x3 387> [65] [66] [67] <xymatrix 5x2
416> [68] <xymatrix 3x2 120> <xymatrix 2x2 137> <xymatrix 2x3 381> [69]
<xymatrix 2x2 137> [70] <xymatrix 5x2 416> <xymatrix 5x2 416> [71] [72]
<xymatrix 2x2 130> <xymatrix 2x2 130> <xymatrix 5x2 416> [73]
Overfull \hbox (3.26604pt too wide) in paragraph at lines 7245--7253
\T1/lmr/m/n/10 by Re-mark []12.4[]. Hence, by Lemma []4.2[] it suf-fices to pro
ve $[][]\OT1/lmr/m/n/10 (\OML/lmm/m/it/10 P[]; ^^\[]K[]\OT1/lmr/m/n/10 ) =
 []

[74] [75] [76]
Overfull \hbox (24.32404pt too wide) in paragraph at lines 7566--7577
\OML/lmm/m/it/10 F\OT1/lmr/m/n/10 (\OML/lmm/m/it/10 I[]\OT1/lmr/m/n/10 )$\T1/lm
r/m/n/10 , see Ho-mol-ogy, Lemma []25.1[]. These are both bounded, con-verge to
 $\OML/lmm/m/it/10 H[]\OT1/lmr/m/n/10 ([](\OML/lmm/m/it/10 L[]\OT1/lmr/m/n/10 )
)$\T1/lmr/m/n/10 ,
 []

[77] [78] <xymatrix 3x2 131> <xymatrix 2x2 182> <xymatrix 3x2 183> <xymatrix
5x2 424> [79] [80] <xymatrix 3x2 196> [81] <xymatrix 3x2 138> <xymatrix 3x2
145> [82] [83] <xymatrix 2x2 154> <xymatrix 5x2 492> <xymatrix 5x2 416>
[84] <xymatrix 5x2 540> <xymatrix 5x2 430> [85] <xymatrix 4x2 340> [86]
<xymatrix 3x2 120>
Overfull \hbox (27.48045pt too wide) detected at line 8634
[]
 []

<xymatrix 2x2 168> <xymatrix 2x2 168> [87] [88] <xymatrix 2x2 154> [89]
[90] [91] <xymatrix 7x3 998> <xymatrix 6x2 238> [92] <xymatrix 5x5 716>
[93] [94] [95] <xymatrix 3x2 230> [96] <xymatrix 4x2 374> <xymatrix 2x2 154>
[97] <xymatrix 3x2 230> <xymatrix 3x3 245> [98] <xymatrix 2x2 154> <xymatrix
3x2 230> <xymatrix 2x2 182> <xymatrix 2x2 182> [99] [100] [101]
Overfull \hbox (8.17108pt too wide) in paragraph at lines 10080--10090
\T1/lmr/m/n/10 tor on the cat-e-gory of abelian groups. Hence if $\OML/lmm/m/it
/10 K[]$ \T1/lmr/m/n/10 is acyclic, then $[][]\OT1/lmr/m/n/10 (\OML/lmm/m/it/10
 K[]; I[]\OT1/lmr/m/n/10 ) =
 []


Overfull \hbox (19.44997pt too wide) detected at line 10177
[] [] \OML/lmm/m/it/10 H[]\OT1/lmr/m/n/10 (\OML/lmm/m/it/10 m; m \OMS/lmsy/m/n/
10 ^^@ \OT1/lmr/m/n/10 2) \OMS/lmsy/m/n/10 ! [] [] \OML/lmm/m/it/10 H[]\OT1/lmr
/m/n/10 (\OML/lmm/m/it/10 m; m \OMS/lmsy/m/n/10 ^^@ \OT1/lmr/m/n/10 1) \OMS/lms
y/m/n/10 ! [] [] \OML/lmm/m/it/10 H[]\OT1/lmr/m/n/10 (\OML/lmm/m/it/10 m; m\OT1
/lmr/m/n/10 ) \OMS/lmsy/m/n/10 ! [] [] \OML/lmm/m/it/10 H[]\OT1/lmr/m/n/10 (\OM
L/lmm/m/it/10 m; m \OT1/lmr/m/n/10 + 1)
 []

[102] <xymatrix 5x2 416> [103] [104] [105] <xymatrix 2x2 161> [106] <xymatrix
2x2 182> <xymatrix 2x2 182> [107] [108] [109] <xymatrix 3x2 278> [110]
<xymatrix 2x2 161> <xymatrix 2x2 188> [111] [112] [113] [114] [115] [116]
<xymatrix 4x2 374> [117] [118] [119] [120] [121] <xymatrix 2x2 154> <xymatrix
4x4 882> [122] <xymatrix 2x2 168> [123] [124] <xymatrix 4x2 340> [125]
<xymatrix 7x2 463>
Overfull \hbox (2.0201pt too wide) in paragraph at lines 12501--12507
\T1/lmr/m/n/10 Since the com-po-si-tion $\OML/lmm/m/it/10 X[] \OMS/lmsy/m/n/10 
! \OML/lmm/m/it/10 X[] \OMS/lmsy/m/n/10 ! \OML/lmm/m/it/10 X[]$ \T1/lmr/m/n/10 
is zero, we can fac-tor $\OML/lmm/m/it/10 X[] \OMS/lmsy/m/n/10 ! \OML/lmm/m/it/
10 X[]$ \T1/lmr/m/n/10 (nonuniquely)
 []

[126] <xymatrix 2x2 154> <xymatrix 4x2 374> [127] <xymatrix 5x2 298> <xymatrix
4x2 374> [128]
Overfull \hbox (4.08037pt too wide) in paragraph at lines 12699--12707
\T1/lmr/m/n/10 and the as-so-ci-ated long ex-act se-quence com-ing from this an
d the func-tor $[]\OT1/lmr/m/n/10 (\OML/lmm/m/it/10 X[]; \OMS/lmsy/m/n/10 ^^@\O
T1/lmr/m/n/10 )$
 []

<xymatrix 4x2 374> [129] <xymatrix 5x2 416>
Overfull \hbox (49.00233pt too wide) detected at line 12828
[]
 []


Overfull \hbox (38.07356pt too wide) detected at line 12891
[] []\OT1/lmr/m/n/10 (\OML/lmm/m/it/10 C[]; X\OT1/lmr/m/n/10 ) \OMS/lmsy/m/n/10
 ! [] []\OT1/lmr/m/n/10 (\OML/lmm/m/it/10 B[]; X\OT1/lmr/m/n/10 ) \OMS/lmsy/m/n
/10 ! [] []\OT1/lmr/m/n/10 (\OML/lmm/m/it/10 A[]; X\OT1/lmr/m/n/10 ) \OMS/lmsy/
m/n/10 ! [] []\OT1/lmr/m/n/10 (\OML/lmm/m/it/10 C[]\OT1/lmr/m/n/10 [\OMS/lmsy/m
/n/10 ^^@\OT1/lmr/m/n/10 1]\OML/lmm/m/it/10 ; X\OT1/lmr/m/n/10 ) \OMS/lmsy/m/n/
10 !
 []

[130] (chapters.tex

LaTeX Warning: Hyper reference `introduction-section-phantom' on page 131 undef
ined on input line 5.


LaTeX Warning: Hyper reference `conventions-section-phantom' on page 131 undefi
ned on input line 6.


LaTeX Warning: Hyper reference `stacks-section-phantom' on page 131 undefined o
n input line 12.


LaTeX Warning: Hyper reference `dga-section-phantom' on page 131 undefined on i
nput line 26.


LaTeX Warning: Hyper reference `dpa-section-phantom' on page 131 undefined on i
nput line 27.


LaTeX Warning: Hyper reference `sdga-section-phantom' on page 131 undefined on 
input line 28.


LaTeX Warning: Hyper reference `hypercovering-section-phantom' on page 131 unde
fined on input line 29.


LaTeX Warning: Hyper reference `constructions-section-phantom' on page 131 unde
fined on input line 35.


LaTeX Warning: Hyper reference `coherent-section-phantom' on page 131 undefined
 on input line 38.


LaTeX Warning: Hyper reference `divisors-section-phantom' on page 131 undefined
 on input line 39.

[131]

LaTeX Warning: Hyper reference `limits-section-phantom' on page 132 undefined o
n input line 40.


LaTeX Warning: Hyper reference `varieties-section-phantom' on page 132 undefine
d on input line 41.


LaTeX Warning: Hyper reference `flat-section-phantom' on page 132 undefined on 
input line 46.


LaTeX Warning: Hyper reference `etale-section-phantom' on page 132 undefined on
 input line 49.


LaTeX Warning: Hyper reference `chow-section-phantom' on page 132 undefined on 
input line 54.


LaTeX Warning: Hyper reference `intersection-section-phantom' on page 132 undef
ined on input line 55.


LaTeX Warning: Hyper reference `pic-section-phantom' on page 132 undefined on i
nput line 56.


LaTeX Warning: Hyper reference `weil-section-phantom' on page 132 undefined on 
input line 57.


LaTeX Warning: Hyper reference `adequate-section-phantom' on page 132 undefined
 on input line 58.


LaTeX Warning: Hyper reference `dualizing-section-phantom' on page 132 undefine
d on input line 59.


LaTeX Warning: Hyper reference `duality-section-phantom' on page 132 undefined 
on input line 60.


LaTeX Warning: Hyper reference `discriminant-section-phantom' on page 132 undef
ined on input line 61.


LaTeX Warning: Hyper reference `derham-section-phantom' on page 132 undefined o
n input line 62.


LaTeX Warning: Hyper reference `local-cohomology-section-phantom' on page 132 u
ndefined on input line 63.


LaTeX Warning: Hyper reference `algebraization-section-phantom' on page 132 und
efined on input line 64.


LaTeX Warning: Hyper reference `curves-section-phantom' on page 132 undefined o
n input line 65.


LaTeX Warning: Hyper reference `resolve-section-phantom' on page 132 undefined 
on input line 66.


LaTeX Warning: Hyper reference `models-section-phantom' on page 132 undefined o
n input line 67.


LaTeX Warning: Hyper reference `functors-section-phantom' on page 132 undefined
 on input line 68.


LaTeX Warning: Hyper reference `equiv-section-phantom' on page 132 undefined on
 input line 69.


LaTeX Warning: Hyper reference `pione-section-phantom' on page 132 undefined on
 input line 71.


LaTeX Warning: Hyper reference `etale-cohomology-section-phantom' on page 132 u
ndefined on input line 72.


LaTeX Warning: Hyper reference `proetale-section-phantom' on page 132 undefined
 on input line 74.


LaTeX Warning: Hyper reference `relative-cycles-section-phantom' on page 132 un
defined on input line 75.


LaTeX Warning: Hyper reference `more-etale-section-phantom' on page 132 undefin
ed on input line 76.


LaTeX Warning: Hyper reference `trace-section-phantom' on page 132 undefined on
 input line 77.


LaTeX Warning: Hyper reference `spaces-section-phantom' on page 132 undefined o
n input line 82.


LaTeX Warning: Hyper reference `spaces-properties-section-phantom' on page 132 
undefined on input line 83.


LaTeX Warning: Hyper reference `decent-spaces-section-phantom' on page 132 unde
fined on input line 85.


LaTeX Warning: Hyper reference `spaces-limits-section-phantom' on page 132 unde
fined on input line 87.


LaTeX Warning: Hyper reference `spaces-divisors-section-phantom' on page 132 un
defined on input line 88.


LaTeX Warning: Hyper reference `spaces-over-fields-section-phantom' on page 132
 undefined on input line 89.


LaTeX Warning: Hyper reference `spaces-topologies-section-phantom' on page 132 
undefined on input line 90.


LaTeX Warning: Hyper reference `spaces-descent-section-phantom' on page 132 und
efined on input line 91.


LaTeX Warning: Hyper reference `spaces-more-morphisms-section-phantom' on page 
132 undefined on input line 93.


LaTeX Warning: Hyper reference `spaces-flat-section-phantom' on page 132 undefi
ned on input line 94.


LaTeX Warning: Hyper reference `spaces-groupoids-section-phantom' on page 132 u
ndefined on input line 95.


LaTeX Warning: Hyper reference `spaces-more-groupoids-section-phantom' on page 
132 undefined on input line 96.


LaTeX Warning: Hyper reference `bootstrap-section-phantom' on page 132 undefine
d on input line 97.


LaTeX Warning: Hyper reference `spaces-pushouts-section-phantom' on page 132 un
defined on input line 98.


LaTeX Warning: Hyper reference `spaces-chow-section-phantom' on page 132 undefi
ned on input line 103.


LaTeX Warning: Hyper reference `groupoids-quotients-section-phantom' on page 13
2 undefined on input line 104.


LaTeX Warning: Hyper reference `spaces-more-cohomology-section-phantom' on page
 132 undefined on input line 105.


LaTeX Warning: Hyper reference `spaces-simplicial-section-phantom' on page 132 
undefined on input line 106.


LaTeX Warning: Hyper reference `formal-spaces-section-phantom' on page 132 unde
fined on input line 108.


LaTeX Warning: Hyper reference `restricted-section-phantom' on page 132 undefin
ed on input line 109.


LaTeX Warning: Hyper reference `spaces-resolve-section-phantom' on page 132 und
efined on input line 110.


LaTeX Warning: Hyper reference `formal-defos-section-phantom' on page 132 undef
ined on input line 115.


LaTeX Warning: Hyper reference `defos-section-phantom' on page 132 undefined on
 input line 116.


LaTeX Warning: Hyper reference `cotangent-section-phantom' on page 132 undefine
d on input line 117.


LaTeX Warning: Hyper reference `examples-defos-section-phantom' on page 132 und
efined on input line 118.


LaTeX Warning: Hyper reference `algebraic-section-phantom' on page 132 undefine
d on input line 123.


LaTeX Warning: Hyper reference `examples-stacks-section-phantom' on page 132 un
defined on input line 124.


LaTeX Warning: Hyper reference `stacks-sheaves-section-phantom' on page 132 und
efined on input line 125.


LaTeX Warning: Hyper reference `criteria-section-phantom' on page 132 undefined
 on input line 126.


LaTeX Warning: Hyper reference `quot-section-phantom' on page 132 undefined on 
input line 128.


LaTeX Warning: Hyper reference `stacks-properties-section-phantom' on page 132 
undefined on input line 129.


LaTeX Warning: Hyper reference `stacks-morphisms-section-phantom' on page 132 u
ndefined on input line 130.


LaTeX Warning: Hyper reference `stacks-cohomology-section-phantom' on page 132 
undefined on input line 132.


LaTeX Warning: Hyper reference `stacks-perfect-section-phantom' on page 132 und
efined on input line 133.


LaTeX Warning: Hyper reference `stacks-introduction-section-phantom' on page 13
2 undefined on input line 134.


LaTeX Warning: Hyper reference `stacks-more-morphisms-section-phantom' on page 
132 undefined on input line 135.


LaTeX Warning: Hyper reference `stacks-geometry-section-phantom' on page 132 un
defined on input line 136.


LaTeX Warning: Hyper reference `moduli-curves-section-phantom' on page 132 unde
fined on input line 142.


LaTeX Warning: Hyper reference `exercises-section-phantom' on page 132 undefine
d on input line 148.


LaTeX Warning: Hyper reference `guide-section-phantom' on page 132 undefined on
 input line 149.


LaTeX Warning: Hyper reference `desirables-section-phantom' on page 132 undefin
ed on input line 150.


LaTeX Warning: Hyper reference `coding-section-phantom' on page 132 undefined o
n input line 151.


LaTeX Warning: Hyper reference `obsolete-section-phantom' on page 132 undefined
 on input line 152.


LaTeX Warning: Hyper reference `fdl-section-phantom' on page 132 undefined on i
nput line 153.

[132]

LaTeX Warning: Hyper reference `index-section-phantom' on page 133 undefined on
 input line 154.

) (derived.bbl) [133] (derived.aux)
 ***********
LaTeX2e <2025-11-01>
L3 programming layer <2026-03-20>
 ***********


LaTeX Warning: There were undefined references.

Package rerunfilecheck Info: File `derived.out' has not changed.
(rerunfilecheck)             Checksum: B172FCDD2069F8C4345523B870DCF25B;9331.
 ) 
Here is how much of TeX's memory you used:
 25843 strings out of 467691
 664094 string characters out of 5414503
 1245622 words of memory out of 5000000
 53297 multiletter control sequences out of 15000+600000
 699155 words of font info for 90 fonts, out of 8000000 for 9000
 1302 hyphenation exceptions out of 8191
 80i,18n,82p,3237b,1658s stack positions out of 10000i,1000n,20000p,200000b,200000s
<<USERPROFILE> written on derived.pdf (133 pages, 1269159 bytes).
PDF statistics:
 2747 PDF objects out of 2984 (max. 8388607)
 1007 named destinations out of 1200 (max. 500000)
 353 words of extra memory for PDF output out of 10000 (max. 10000000)

