This is pdfTeX, Version 3.141592653-2.6-1.40.29 (MiKTeX 26.5) (preloaded format=pdflatex 2026.8.21)  5 SEP 2026 17:52
entering extended mode
 restricted \write18 enabled.
 file:line:error style messages enabled.
 %&-line parsing enabled.
**./groupoids.tex
(groupoids.tex
LaTeX2e <2025-11-01>
L3 programming layer <2026-03-20>
(preamble.tex (stacks-project.cls
Document Class: stacks-project 
\linespacing=\dimen150
\normalparindent=\dimen151
\normaltopskip=\skip49
(<USER_ROOT>\AppData\Local\Programs\MiKTeX\tex/latex/amsmath\amsmath.sty
Package: amsmath 2025/07/09 v2.17z AMS math features
\@mathmargin=\skip50

For additional information on amsmath, use the `?' option.
(<USER_ROOT>\AppData\Local\Programs\MiKTeX\tex/latex/amsmath\amstext.sty
Package: amstext 2024/11/17 v2.01 AMS text

(<USER_ROOT>\AppData\Local\Programs\MiKTeX\tex/latex/amsmath\amsgen.sty
File: amsgen.sty 1999/11/30 v2.0 generic functions
\@emptytoks=\toks17
\ex@=\dimen152
))
(<USER_ROOT>\AppData\Local\Programs\MiKTeX\tex/latex/amsmath\amsbsy.sty
Package: amsbsy 1999/11/29 v1.2d Bold Symbols
\pmbraise@=\dimen153
)
(<USER_ROOT>\AppData\Local\Programs\MiKTeX\tex/latex/amsmath\amsopn.sty
Package: amsopn 2022/04/08 v2.04 operator names
)
\inf@bad=\count275
LaTeX Info: Redefining \frac on input line 233.
\uproot@=\count276
\leftroot@=\count277
LaTeX Info: Redefining \overline on input line 398.
LaTeX Info: Redefining \colon on input line 409.
\classnum@=\count278
\DOTSCASE@=\count279
LaTeX Info: Redefining \ldots on input line 495.
LaTeX Info: Redefining \dots on input line 498.
LaTeX Info: Redefining \cdots on input line 619.
\Mathstrutbox@=\box53
\strutbox@=\box54
LaTeX Info: Redefining \big on input line 721.
LaTeX Info: Redefining \Big on input line 722.
LaTeX Info: Redefining \bigg on input line 723.
LaTeX Info: Redefining \Bigg on input line 724.
\big@size=\dimen154
LaTeX Font Info:    Redeclaring font encoding OML on input line 742.
LaTeX Font Info:    Redeclaring font encoding OMS on input line 743.
\macc@depth=\count280
LaTeX Info: Redefining \bmod on input line 904.
LaTeX Info: Redefining \pmod on input line 909.
LaTeX Info: Redefining \smash on input line 939.
LaTeX Info: Redefining \relbar on input line 969.
LaTeX Info: Redefining \Relbar on input line 970.
\c@MaxMatrixCols=\count281
\dotsspace@=\muskip17
\c@parentequation=\count282
\dspbrk@lvl=\count283
\tag@help=\toks18
\row@=\count284
\column@=\count285
\maxfields@=\count286
\andhelp@=\toks19
\eqnshift@=\dimen155
\alignsep@=\dimen156
\tagshift@=\dimen157
\tagwidth@=\dimen158
\totwidth@=\dimen159
\lineht@=\dimen160
\@envbody=\toks20
\multlinegap=\skip51
\multlinetaggap=\skip52
\mathdisplay@stack=\toks21
LaTeX Info: Redefining \[ on input line 2950.
LaTeX Info: Redefining \] on input line 2951.
)
LaTeX Font Info:    Trying to load font information for U+msa on input line 361
.

(<USER_ROOT>\AppData\Local\Programs\MiKTeX\tex/latex/amsfonts\umsa.fd
File: umsa.fd 2013/01/14 v3.01 AMS symbols A
)
(<USER_ROOT>\AppData\Local\Programs\MiKTeX\tex/latex/amsfonts\amsfonts.sty
Package: amsfonts 2013/01/14 v3.01 Basic AMSFonts support
\symAMSa=\mathgroup4
\symAMSb=\mathgroup5
LaTeX Font Info:    Redeclaring math symbol \hbar on input line 98.
LaTeX Font Info:    Overwriting math alphabet `\mathfrak' in version `bold'
(Font)                  U/euf/m/n --> U/euf/b/n on input line 106.
)
\copyins=\insert252
\abstractbox=\box55
\listisep=\skip53
\c@part=\count287
\c@section=\count288
\c@subsection=\count289
\c@subsubsection=\count290
\c@paragraph=\count291
\c@subparagraph=\count292
\c@figure=\count293
\c@table=\count294
\abovecaptionskip=\skip54
\belowcaptionskip=\skip55
\captionindent=\dimen161
\thm@style=\toks22
\thm@bodyfont=\toks23
\thm@headfont=\toks24
\thm@notefont=\toks25
\thm@headpunct=\toks26
\thm@preskip=\skip56
\thm@postskip=\skip57
\thm@headsep=\skip58
\dth@everypar=\toks27
) (<USER_ROOT>\AppData\Local\Programs\MiKTeX\tex/latex/tools\verbatim.sty
Package: verbatim 2024-01-22 v1.5x LaTeX2e package for verbatim enhancements
\every@verbatim=\toks28
\verbatim@line=\toks29
\verbatim@in@stream=\read2
)
(<USER_ROOT>\AppData\Local\Programs\MiKTeX\tex/generic/xypic\xy.sty
(<USER_ROOT>\AppData\Local\Programs\MiKTeX\tex/generic/xypic\xy.tex
Bootstrap'ing: catcodes, docmode,
(<USER_ROOT>\AppData\Local\Programs\MiKTeX\tex/generic/xypic\xyrecat.tex)
(<USER_ROOT>\AppData\Local\Programs\MiKTeX\tex/generic/xypic\xyidioms.tex)

 Xy-pic version 3.8.9 <2013/10/06>
 Copyright (c) 1991-2013 by Kristoffer H. Rose <krisrose@tug.org> and others
 Xy-pic is free software: see the User's Guide for details.

Loading kernel: messages; fonts; allocations: state,
\X@c=\dimen162
\Y@c=\dimen163
\U@c=\dimen164
\D@c=\dimen165
\L@c=\dimen166
\R@c=\dimen167
\Edge@c=\toks30
\X@p=\dimen168
\Y@p=\dimen169
\U@p=\dimen170
\D@p=\dimen171
\L@p=\dimen172
\R@p=\dimen173
\Edge@p=\toks31
\X@origin=\dimen174
\Y@origin=\dimen175
\X@xbase=\dimen176
\Y@xbase=\dimen177
\X@ybase=\dimen178
\Y@ybase=\dimen179
\X@min=\dimen180
\Y@min=\dimen181
\X@max=\dimen182
\Y@max=\dimen183
\lastobjectbox@=\box56
\zerodotbox@=\box57
\almostz@=\dimen184
 direction,
\d@X=\dimen185
\d@Y=\dimen186
\K@=\count295
\KK@=\count296
\Direction=\count297
\K@dXdY=\dimen187
\K@dYdX=\dimen188
\xyread@=\read3
\xywrite@=\write3
\csp@=\count298
\quotPTK@=\dimen189

utility macros; pictures: \xy, positions,
\swaptoks@@=\toks32
\connectobjectbox@@=\box58
 objects,
\styletoks@=\toks33
 decorations;
kernel objects: directionals, circles, text; options; algorithms: directions,
edges, connections;  Xy-pic loaded)
(<USER_ROOT>\AppData\Local\Programs\MiKTeX\tex/generic/iftex\ifpdf.sty
Package: ifpdf 2019/10/25 v3.4 ifpdf legacy package. Use iftex instead.

(<USER_ROOT>\AppData\Local\Programs\MiKTeX\tex/generic/iftex\iftex.sty
Package: iftex 2024/12/12 v1.0g TeX engine tests
))
Package: xy 2013/10/06 Xy-pic version 3.8.9

(<USER_ROOT>\AppData\Local\Programs\MiKTeX\tex/generic/xypic\xyall.tex
 Xy-pic option: All features v.3.8
(<USER_ROOT>\AppData\Local\Programs\MiKTeX\tex/generic/xypic\xycurve.tex
 Xy-pic option: Curve and Spline extension v.3.12 curve,
\crv@cnt@=\count299
\crvpts@=\toks34
\splinebox@=\box59
\splineval@=\dimen190
\splinedepth@=\dimen191
\splinetol@=\dimen192
\splinelength@=\dimen193
 circles,
\L@=\dimen194
 loaded)
(<USER_ROOT>\AppData\Local\Programs\MiKTeX\tex/generic/xypic\xyframe.tex
 Xy-pic option: Frame and Bracket extension v.3.14 loaded)
(<USER_ROOT>\AppData\Local\Programs\MiKTeX\tex/generic/xypic\xycmtip.tex
 Xy-pic option: Computer Modern tip extension v.3.7
(<USER_ROOT>\AppData\Local\Programs\MiKTeX\tex/generic/xypic\xytips.tex
 Xy-pic option: More Tips extension v.3.11 loaded) loaded)
(<USER_ROOT>\AppData\Local\Programs\MiKTeX\tex/generic/xypic\xyline.tex
 Xy-pic option: Line styles extension v.3.10
\xylinethick@=\dimen195
 loaded)
(<USER_ROOT>\AppData\Local\Programs\MiKTeX\tex/generic/xypic\xyrotate.tex
 Xy-pic option: Rotate and Scale extension v.3.8 loaded)
(<USER_ROOT>\AppData\Local\Programs\MiKTeX\tex/generic/xypic\xycolor.tex
 Xy-pic option: Colour extension v.3.11 loaded)
(<USER_ROOT>\AppData\Local\Programs\MiKTeX\tex/generic/xypic\xymatrix.tex
 Xy-pic option: Matrix feature v.3.14
\Row=\count300
\Col=\count301
\queue@=\toks35
\queue@@=\toks36
\qcount@=\count302
\qcount@@=\count303
\matrixsize@=\count304
 loaded)
(<USER_ROOT>\AppData\Local\Programs\MiKTeX\tex/generic/xypic\xyarrow.tex
 Xy-pic option: Arrow and Path feature v.3.9 path, \ar, loaded)
(<USER_ROOT>\AppData\Local\Programs\MiKTeX\tex/generic/xypic\xygraph.tex
 Xy-pic option: Graph feature v.3.11 loaded) loaded)
(<USER_ROOT>\AppData\Local\Programs\MiKTeX\tex/generic/xypic\xypdf.tex
 Xy-pic option: PDF driver v.1.7 Xy-pic pdf driver: `color' extension support
(<USER_ROOT>\AppData\Local\Programs\MiKTeX\tex/generic/xypic\xypdf-co.tex
loaded) Xy-pic pdf driver: `curve' extension support
(<USER_ROOT>\AppData\Local\Programs\MiKTeX\tex/generic/xypic\xypdf-cu.tex
loaded) Xy-pic pdf driver: `frame' extension support
(<USER_ROOT>\AppData\Local\Programs\MiKTeX\tex/generic/xypic\xypdf-fr.tex
loaded) Xy-pic pdf driver: `line' extension support
(<USER_ROOT>\AppData\Local\Programs\MiKTeX\tex/generic/xypic\xypdf-li.tex
loaded) Xy-pic pdf driver: `rotate' extension support
(<USER_ROOT>\AppData\Local\Programs\MiKTeX\tex/generic/xypic\xypdf-ro.tex
loaded) loaded))
(<USER_ROOT>\AppData\Local\Programs\MiKTeX\tex/generic/xypic\xy2cell.tex
 Xy-pic option: Two-cell feature v.3.7 two-cells, loaded)
(<USER_ROOT>\AppData\Local\Programs\MiKTeX\tex/latex/tools\multicol.sty
Package: multicol 2025/10/21 v2.0b multicolumn formatting (FMi)
\c@tracingmulticols=\count305
\mult@box=\box60
\multicol@leftmargin=\dimen196
\c@unbalance=\count306
\c@collectmore=\count307
\doublecol@number=\count308
\multicoltolerance=\count309
\multicolpretolerance=\count310
\full@width=\dimen197
\page@free=\dimen198
\premulticols=\dimen199
\postmulticols=\dimen256
\multicolsep=\skip59
\multicolbaselineskip=\skip60
\partial@page=\box61
\last@line=\box62
\mc@boxedresult=\box63
\maxbalancingoverflow=\dimen257
\mult@rightbox=\box64
\mult@grightbox=\box65
\mult@firstbox=\box66
\mult@gfirstbox=\box67
\@tempa=\box68
\@tempa=\box69
\@tempa=\box70
\@tempa=\box71
\@tempa=\box72
\@tempa=\box73
\@tempa=\box74
\@tempa=\box75
\@tempa=\box76
\@tempa=\box77
\@tempa=\box78
\@tempa=\box79
\@tempa=\box80
\@tempa=\box81
\@tempa=\box82
\@tempa=\box83
\@tempa=\box84
\@tempa=\box85
\@tempa=\box86
\@tempa=\box87
\@tempa=\box88
\@tempa=\box89
\@tempa=\box90
\@tempa=\box91
\@tempa=\box92
\@tempa=\box93
\@tempa=\box94
\@tempa=\box95
\@tempa=\box96
\@tempa=\box97
\@tempa=\box98
\@tempa=\box99
\@tempa=\box100
\@tempa=\box101
\@tempa=\box102
\@tempa=\box103
\c@minrows=\count311
\c@columnbadness=\count312
\c@finalcolumnbadness=\count313
\last@try=\dimen258
\multicolovershoot=\dimen259
\multicolundershoot=\dimen260
\mult@nat@firstbox=\box104
\colbreak@box=\box105
\mc@col@check@num=\count314
\g__mc_curr_col_int=\count315
)
(<USER_ROOT>\AppData\Local\Programs\MiKTeX\tex/latex/lm\lmodern.sty
Package: lmodern 2015/05/01 v1.6.1 Latin Modern Fonts
LaTeX Font Info:    Overwriting symbol font `operators' in version `normal'
(Font)                  OT1/cmr/m/n --> OT1/lmr/m/n on input line 22.
LaTeX Font Info:    Overwriting symbol font `letters' in version `normal'
(Font)                  OML/cmm/m/it --> OML/lmm/m/it on input line 23.
LaTeX Font Info:    Overwriting symbol font `symbols' in version `normal'
(Font)                  OMS/cmsy/m/n --> OMS/lmsy/m/n on input line 24.
LaTeX Font Info:    Overwriting symbol font `largesymbols' in version `normal'
(Font)                  OMX/cmex/m/n --> OMX/lmex/m/n on input line 25.
LaTeX Font Info:    Overwriting symbol font `operators' in version `bold'
(Font)                  OT1/cmr/bx/n --> OT1/lmr/bx/n on input line 26.
LaTeX Font Info:    Overwriting symbol font `letters' in version `bold'
(Font)                  OML/cmm/b/it --> OML/lmm/b/it on input line 27.
LaTeX Font Info:    Overwriting symbol font `symbols' in version `bold'
(Font)                  OMS/cmsy/b/n --> OMS/lmsy/b/n on input line 28.
LaTeX Font Info:    Overwriting symbol font `largesymbols' in version `bold'
(Font)                  OMX/cmex/m/n --> OMX/lmex/m/n on input line 29.
LaTeX Font Info:    Overwriting math alphabet `\mathbf' in version `normal'
(Font)                  OT1/cmr/bx/n --> OT1/lmr/bx/n on input line 31.
LaTeX Font Info:    Overwriting math alphabet `\mathsf' in version `normal'
(Font)                  OT1/cmss/m/n --> OT1/lmss/m/n on input line 32.
LaTeX Font Info:    Overwriting math alphabet `\mathit' in version `normal'
(Font)                  OT1/cmr/m/it --> OT1/lmr/m/it on input line 33.
LaTeX Font Info:    Overwriting math alphabet `\mathtt' in version `normal'
(Font)                  OT1/cmtt/m/n --> OT1/lmtt/m/n on input line 34.
LaTeX Font Info:    Overwriting math alphabet `\mathbf' in version `bold'
(Font)                  OT1/cmr/bx/n --> OT1/lmr/bx/n on input line 35.
LaTeX Font Info:    Overwriting math alphabet `\mathsf' in version `bold'
(Font)                  OT1/cmss/bx/n --> OT1/lmss/bx/n on input line 36.
LaTeX Font Info:    Overwriting math alphabet `\mathit' in version `bold'
(Font)                  OT1/cmr/bx/it --> OT1/lmr/bx/it on input line 37.
LaTeX Font Info:    Overwriting math alphabet `\mathtt' in version `bold'
(Font)                  OT1/cmtt/m/n --> OT1/lmtt/m/n on input line 38.
)
(<USER_ROOT>\AppData\Local\Programs\MiKTeX\tex/latex/base\fontenc.sty
Package: fontenc 2025/07/18 v2.1d Standard LaTeX package
LaTeX Font Info:    Trying to load font information for T1+lmr on input line 11
6.

(<USER_ROOT>\AppData\Local\Programs\MiKTeX\tex/latex/lm\t1lmr.fd
File: t1lmr.fd 2015/05/01 v1.6.1 Font defs for Latin Modern
))
(<USER_ROOT>\AppData\Local\Programs\MiKTeX\tex/latex/hyperref\xr-hyper.sty
Package: xr-hyper 2026-04-24 v7.01q eXternal References (DPC)
) (<USER_ROOT>\AppData\Local\Programs\MiKTeX\tex/latex/hyperref\hyperref.st
y
Package: hyperref 2026-04-24 v7.01q Hypertext links for LaTeX
(<USER_ROOT>\AppData\Local\Programs\MiKTeX\tex/latex/graphics\keyval.sty
Package: keyval 2022/05/29 v1.15 key=value parser (DPC)
\KV@toks@=\toks37
)
(<USER_ROOT>\AppData\Local\Programs\MiKTeX\tex/latex/kvsetkeys\kvsetkeys.st
y
Package: kvsetkeys 2022-10-05 v1.19 Key value parser (HO)
)
(<USER_ROOT>\AppData\Local\Programs\MiKTeX\tex/generic/kvdefinekeys\kvdefin
ekeys.sty
Package: kvdefinekeys 2019-12-19 v1.6 Define keys (HO)
)
(<USER_ROOT>\AppData\Local\Programs\MiKTeX\tex/generic/pdfescape\pdfescape.
sty
Package: pdfescape 2019/12/09 v1.15 Implements pdfTeX's escape features (HO)

(<USER_ROOT>\AppData\Local\Programs\MiKTeX\tex/generic/ltxcmds\ltxcmds.sty
Package: ltxcmds 2023-12-04 v1.26 LaTeX kernel commands for general use (HO)
)
(<USER_ROOT>\AppData\Local\Programs\MiKTeX\tex/generic/pdftexcmds\pdftexcmd
s.sty
Package: pdftexcmds 2020-06-27 v0.33 Utility functions of pdfTeX for LuaTeX (HO
)

(<USER_ROOT>\AppData\Local\Programs\MiKTeX\tex/generic/infwarerr\infwarerr.
sty
Package: infwarerr 2019/12/03 v1.5 Providing info/warning/error messages (HO)
)
Package pdftexcmds Info: \pdf@primitive is available.
Package pdftexcmds Info: \pdf@ifprimitive is available.
Package pdftexcmds Info: \pdfdraftmode found.
))
(<USER_ROOT>\AppData\Local\Programs\MiKTeX\tex/latex/hycolor\hycolor.sty
Package: hycolor 2020-01-27 v1.10 Color options for hyperref/bookmark (HO)
)
(<USER_ROOT>\AppData\Local\Programs\MiKTeX\tex/latex/hyperref\nameref.sty
Package: nameref 2026-01-29 v2.58 Cross-referencing by name of section

(<USER_ROOT>\AppData\Local\Programs\MiKTeX\tex/latex/refcount\refcount.sty
Package: refcount 2019/12/15 v3.6 Data extraction from label references (HO)
)
(<USER_ROOT>\AppData\Local\Programs\MiKTeX\tex/generic/gettitlestring\getti
tlestring.sty
Package: gettitlestring 2019/12/15 v1.6 Cleanup title references (HO)

(<USER_ROOT>\AppData\Local\Programs\MiKTeX\tex/latex/kvoptions\kvoptions.st
y
Package: kvoptions 2022-06-15 v3.15 Key value format for package options (HO)
))
\c@section@level=\count316
)
(<USER_ROOT>\AppData\Local\Programs\MiKTeX\tex/latex/etoolbox\etoolbox.sty
Package: etoolbox 2025/10/02 v2.5m e-TeX tools for LaTeX (JAW)
\etb@tempcnta=\count317
)
(<USER_ROOT>\AppData\Local\Programs\MiKTeX\tex/generic/stringenc\stringenc.
sty
Package: stringenc 2019/11/29 v1.12 Convert strings between diff. encodings (HO
)
)
\@linkdim=\dimen261
\Hy@linkcounter=\count318
\Hy@pagecounter=\count319

(<USER_ROOT>\AppData\Local\Programs\MiKTeX\tex/latex/hyperref\pd1enc.def
File: pd1enc.def 2026-04-24 v7.01q Hyperref: PDFDocEncoding definition (HO)
Now handling font encoding PD1 ...
... no UTF-8 mapping file for font encoding PD1
)
(<USER_ROOT>\AppData\Local\Programs\MiKTeX\tex/generic/intcalc\intcalc.sty
Package: intcalc 2019/12/15 v1.3 Expandable calculations with integers (HO)
)
\Hy@SavedSpaceFactor=\count320
(<USER_ROOT>\AppData\Local\Programs\MiKTeX\tex/latex/hyperref\puenc.def
File: puenc.def 2026-04-24 v7.01q Hyperref: PDF Unicode definition (HO)
Now handling font encoding PU ...
... no UTF-8 mapping file for font encoding PU
)
(hyperref.cfg
File: hyperref.cfg 
)
Package hyperref Info: Hyper figures OFF on input line 4199.
Package hyperref Info: Link nesting OFF on input line 4204.
Package hyperref Info: Hyper index ON on input line 4207.
Package hyperref Info: Plain pages OFF on input line 4214.
Package hyperref Info: Backreferencing OFF on input line 4219.
Package hyperref Info: Implicit mode ON; LaTeX internals redefined.
Package hyperref Info: Bookmarks ON on input line 4466.
\c@Hy@tempcnt=\count321

(<USER_ROOT>\AppData\Local\Programs\MiKTeX\tex/latex/url\url.sty
\Urlmuskip=\muskip18
Package: url 2013/09/16  ver 3.4  Verb mode for urls, etc.
)
LaTeX Info: Redefining \url on input line 4805.
\XeTeXLinkMargin=\dimen262

(<USER_ROOT>\AppData\Local\Programs\MiKTeX\tex/generic/bitset\bitset.sty
Package: bitset 2019/12/09 v1.3 Handle bit-vector datatype (HO)

(<USER_ROOT>\AppData\Local\Programs\MiKTeX\tex/generic/bigintcalc\bigintcal
c.sty
Package: bigintcalc 2019/12/15 v1.5 Expandable calculations on big integers (HO
)
))
\Fld@menulength=\count322
\Field@Width=\dimen263
\Fld@charsize=\dimen264
Package hyperref Info: Hyper figures OFF on input line 6091.
Package hyperref Info: Link nesting OFF on input line 6096.
Package hyperref Info: Hyper index ON on input line 6099.
Package hyperref Info: backreferencing OFF on input line 6106.
Package hyperref Info: Link coloring OFF on input line 6111.
Package hyperref Info: Link coloring with OCG OFF on input line 6116.
Package hyperref Info: PDF/A mode OFF on input line 6121.
\Hy@abspage=\count323
\c@Item=\count324
\c@Hfootnote=\count325
)
Package hyperref Info: Driver (autodetected): hpdftex.

(<USER_ROOT>\AppData\Local\Programs\MiKTeX\tex/latex/hyperref\hpdftex.def
File: hpdftex.def 2026-04-24 v7.01q Hyperref driver for pdfTeX
\Fld@listcount=\count326
\c@bookmark@seq@number=\count327

(<USER_ROOT>\AppData\Local\Programs\MiKTeX\tex/latex/rerunfilecheck\rerunfi
lecheck.sty
Package: rerunfilecheck 2025-06-21 v1.11 Rerun checks for auxiliary files (HO)

(<USER_ROOT>\AppData\Local\Programs\MiKTeX\tex/generic/uniquecounter\unique
counter.sty
Package: uniquecounter 2019/12/15 v1.4 Provide unlimited unique counter (HO)
)
Package uniquecounter Info: New unique counter `rerunfilecheck' on input line 2
84.
)
\Hy@SectionHShift=\skip61
)

Package xr Warning: 
No file introduction.aux
LABELS NOT IMPORTED.
 on input line 37.


Package xr Warning: 
No file conventions.aux
LABELS NOT IMPORTED.
 on input line 38.


Package xr Warning: 
No file sets.aux
LABELS NOT IMPORTED.
 on input line 39.


Package xr Warning: 
No file categories.aux
LABELS NOT IMPORTED.
 on input line 40.


Package xr Warning: 
No file topology.aux
LABELS NOT IMPORTED.
 on input line 41.


Package xr Warning: 
No file sheaves.aux
LABELS NOT IMPORTED.
 on input line 42.


Package xr Warning: 
No file sites.aux
LABELS NOT IMPORTED.
 on input line 43.


Package xr Warning: 
No file stacks.aux
LABELS NOT IMPORTED.
 on input line 44.


Package xr Warning: 
No file fields.aux
LABELS NOT IMPORTED.
 on input line 45.


Package xr Warning: 
No file algebra.aux
LABELS NOT IMPORTED.
 on input line 46.


Package xr Warning: 
No file brauer.aux
LABELS NOT IMPORTED.
 on input line 47.


Package xr Warning: 
No file homology.aux
LABELS NOT IMPORTED.
 on input line 48.


Package xr Warning: 
No file derived.aux
LABELS NOT IMPORTED.
 on input line 49.


Package xr Warning: 
No file simplicial.aux
LABELS NOT IMPORTED.
 on input line 50.


Package xr Warning: 
No file more-algebra.aux
LABELS NOT IMPORTED.
 on input line 51.


Package xr Warning: 
No file smoothing.aux
LABELS NOT IMPORTED.
 on input line 52.


Package xr Warning: 
No file modules.aux
LABELS NOT IMPORTED.
 on input line 53.


Package xr Warning: 
No file sites-modules.aux
LABELS NOT IMPORTED.
 on input line 54.


Package xr Warning: 
No file injectives.aux
LABELS NOT IMPORTED.
 on input line 55.


Package xr Warning: 
No file cohomology.aux
LABELS NOT IMPORTED.
 on input line 56.


Package xr Warning: 
No file sites-cohomology.aux
LABELS NOT IMPORTED.
 on input line 57.


Package xr Warning: 
No file dga.aux
LABELS NOT IMPORTED.
 on input line 58.


Package xr Warning: 
No file dpa.aux
LABELS NOT IMPORTED.
 on input line 59.


Package xr Warning: 
No file sdga.aux
LABELS NOT IMPORTED.
 on input line 60.


Package xr Warning: 
No file hypercovering.aux
LABELS NOT IMPORTED.
 on input line 61.


Package xr Warning: 
No file schemes.aux
LABELS NOT IMPORTED.
 on input line 62.


Package xr Warning: 
No file constructions.aux
LABELS NOT IMPORTED.
 on input line 63.


Package xr Warning: 
No file properties.aux
LABELS NOT IMPORTED.
 on input line 64.


Package xr Warning: 
No file morphisms.aux
LABELS NOT IMPORTED.
 on input line 65.


Package xr Warning: 
No file coherent.aux
LABELS NOT IMPORTED.
 on input line 66.


Package xr Warning: 
No file divisors.aux
LABELS NOT IMPORTED.
 on input line 67.


Package xr Warning: 
No file limits.aux
LABELS NOT IMPORTED.
 on input line 68.


Package xr Warning: 
No file varieties.aux
LABELS NOT IMPORTED.
 on input line 69.


Package xr Warning: 
No file topologies.aux
LABELS NOT IMPORTED.
 on input line 70.


Package xr Warning: 
No file descent.aux
LABELS NOT IMPORTED.
 on input line 71.


Package xr Warning: 
No file perfect.aux
LABELS NOT IMPORTED.
 on input line 72.


Package xr Warning: 
No file more-morphisms.aux
LABELS NOT IMPORTED.
 on input line 73.


Package xr Warning: 
No file flat.aux
LABELS NOT IMPORTED.
 on input line 74.

Package xr Info: IMPORTING LABELS FROM groupoids.aux on input line 75.

Package xr Warning: 
No file more-groupoids.aux
LABELS NOT IMPORTED.
 on input line 76.


Package xr Warning: 
No file etale.aux
LABELS NOT IMPORTED.
 on input line 77.


Package xr Warning: 
No file chow.aux
LABELS NOT IMPORTED.
 on input line 78.


Package xr Warning: 
No file intersection.aux
LABELS NOT IMPORTED.
 on input line 79.


Package xr Warning: 
No file pic.aux
LABELS NOT IMPORTED.
 on input line 80.


Package xr Warning: 
No file weil.aux
LABELS NOT IMPORTED.
 on input line 81.


Package xr Warning: 
No file adequate.aux
LABELS NOT IMPORTED.
 on input line 82.


Package xr Warning: 
No file dualizing.aux
LABELS NOT IMPORTED.
 on input line 83.


Package xr Warning: 
No file duality.aux
LABELS NOT IMPORTED.
 on input line 84.


Package xr Warning: 
No file discriminant.aux
LABELS NOT IMPORTED.
 on input line 85.


Package xr Warning: 
No file derham.aux
LABELS NOT IMPORTED.
 on input line 86.


Package xr Warning: 
No file local-cohomology.aux
LABELS NOT IMPORTED.
 on input line 87.


Package xr Warning: 
No file algebraization.aux
LABELS NOT IMPORTED.
 on input line 88.


Package xr Warning: 
No file curves.aux
LABELS NOT IMPORTED.
 on input line 89.


Package xr Warning: 
No file resolve.aux
LABELS NOT IMPORTED.
 on input line 90.


Package xr Warning: 
No file models.aux
LABELS NOT IMPORTED.
 on input line 91.


Package xr Warning: 
No file functors.aux
LABELS NOT IMPORTED.
 on input line 92.


Package xr Warning: 
No file equiv.aux
LABELS NOT IMPORTED.
 on input line 93.


Package xr Warning: 
No file pione.aux
LABELS NOT IMPORTED.
 on input line 94.


Package xr Warning: 
No file etale-cohomology.aux
LABELS NOT IMPORTED.
 on input line 95.


Package xr Warning: 
No file proetale.aux
LABELS NOT IMPORTED.
 on input line 96.


Package xr Warning: 
No file relative-cycles.aux
LABELS NOT IMPORTED.
 on input line 97.


Package xr Warning: 
No file more-etale.aux
LABELS NOT IMPORTED.
 on input line 98.


Package xr Warning: 
No file trace.aux
LABELS NOT IMPORTED.
 on input line 99.


Package xr Warning: 
No file crystalline.aux
LABELS NOT IMPORTED.
 on input line 100.


Package xr Warning: 
No file spaces.aux
LABELS NOT IMPORTED.
 on input line 101.


Package xr Warning: 
No file spaces-properties.aux
LABELS NOT IMPORTED.
 on input line 102.


Package xr Warning: 
No file spaces-morphisms.aux
LABELS NOT IMPORTED.
 on input line 103.


Package xr Warning: 
No file decent-spaces.aux
LABELS NOT IMPORTED.
 on input line 104.


Package xr Warning: 
No file spaces-cohomology.aux
LABELS NOT IMPORTED.
 on input line 105.


Package xr Warning: 
No file spaces-limits.aux
LABELS NOT IMPORTED.
 on input line 106.


Package xr Warning: 
No file spaces-divisors.aux
LABELS NOT IMPORTED.
 on input line 107.


Package xr Warning: 
No file spaces-over-fields.aux
LABELS NOT IMPORTED.
 on input line 108.


Package xr Warning: 
No file spaces-topologies.aux
LABELS NOT IMPORTED.
 on input line 109.


Package xr Warning: 
No file spaces-descent.aux
LABELS NOT IMPORTED.
 on input line 110.


Package xr Warning: 
No file spaces-perfect.aux
LABELS NOT IMPORTED.
 on input line 111.


Package xr Warning: 
No file spaces-more-morphisms.aux
LABELS NOT IMPORTED.
 on input line 112.


Package xr Warning: 
No file spaces-flat.aux
LABELS NOT IMPORTED.
 on input line 113.


Package xr Warning: 
No file spaces-groupoids.aux
LABELS NOT IMPORTED.
 on input line 114.


Package xr Warning: 
No file spaces-more-groupoids.aux
LABELS NOT IMPORTED.
 on input line 115.


Package xr Warning: 
No file bootstrap.aux
LABELS NOT IMPORTED.
 on input line 116.


Package xr Warning: 
No file spaces-pushouts.aux
LABELS NOT IMPORTED.
 on input line 117.


Package xr Warning: 
No file spaces-chow.aux
LABELS NOT IMPORTED.
 on input line 118.


Package xr Warning: 
No file groupoids-quotients.aux
LABELS NOT IMPORTED.
 on input line 119.


Package xr Warning: 
No file spaces-more-cohomology.aux
LABELS NOT IMPORTED.
 on input line 120.


Package xr Warning: 
No file spaces-simplicial.aux
LABELS NOT IMPORTED.
 on input line 121.


Package xr Warning: 
No file spaces-duality.aux
LABELS NOT IMPORTED.
 on input line 122.


Package xr Warning: 
No file formal-spaces.aux
LABELS NOT IMPORTED.
 on input line 123.


Package xr Warning: 
No file restricted.aux
LABELS NOT IMPORTED.
 on input line 124.


Package xr Warning: 
No file spaces-resolve.aux
LABELS NOT IMPORTED.
 on input line 125.


Package xr Warning: 
No file formal-defos.aux
LABELS NOT IMPORTED.
 on input line 126.


Package xr Warning: 
No file defos.aux
LABELS NOT IMPORTED.
 on input line 127.


Package xr Warning: 
No file cotangent.aux
LABELS NOT IMPORTED.
 on input line 128.


Package xr Warning: 
No file examples-defos.aux
LABELS NOT IMPORTED.
 on input line 129.


Package xr Warning: 
No file algebraic.aux
LABELS NOT IMPORTED.
 on input line 130.


Package xr Warning: 
No file examples-stacks.aux
LABELS NOT IMPORTED.
 on input line 131.


Package xr Warning: 
No file stacks-sheaves.aux
LABELS NOT IMPORTED.
 on input line 132.


Package xr Warning: 
No file criteria.aux
LABELS NOT IMPORTED.
 on input line 133.


Package xr Warning: 
No file artin.aux
LABELS NOT IMPORTED.
 on input line 134.


Package xr Warning: 
No file quot.aux
LABELS NOT IMPORTED.
 on input line 135.


Package xr Warning: 
No file stacks-properties.aux
LABELS NOT IMPORTED.
 on input line 136.


Package xr Warning: 
No file stacks-morphisms.aux
LABELS NOT IMPORTED.
 on input line 137.


Package xr Warning: 
No file stacks-limits.aux
LABELS NOT IMPORTED.
 on input line 138.


Package xr Warning: 
No file stacks-cohomology.aux
LABELS NOT IMPORTED.
 on input line 139.


Package xr Warning: 
No file stacks-perfect.aux
LABELS NOT IMPORTED.
 on input line 140.


Package xr Warning: 
No file stacks-introduction.aux
LABELS NOT IMPORTED.
 on input line 141.


Package xr Warning: 
No file stacks-more-morphisms.aux
LABELS NOT IMPORTED.
 on input line 142.


Package xr Warning: 
No file stacks-geometry.aux
LABELS NOT IMPORTED.
 on input line 143.


Package xr Warning: 
No file moduli.aux
LABELS NOT IMPORTED.
 on input line 144.


Package xr Warning: 
No file moduli-curves.aux
LABELS NOT IMPORTED.
 on input line 145.


Package xr Warning: 
No file examples.aux
LABELS NOT IMPORTED.
 on input line 146.


Package xr Warning: 
No file exercises.aux
LABELS NOT IMPORTED.
 on input line 147.


Package xr Warning: 
No file guide.aux
LABELS NOT IMPORTED.
 on input line 148.


Package xr Warning: 
No file desirables.aux
LABELS NOT IMPORTED.
 on input line 149.


Package xr Warning: 
No file coding.aux
LABELS NOT IMPORTED.
 on input line 150.


Package xr Warning: 
No file obsolete.aux
LABELS NOT IMPORTED.
 on input line 151.


Package xr Warning: 
No file fdl.aux
LABELS NOT IMPORTED.
 on input line 152.


Package xr Warning: 
No file index.aux
LABELS NOT IMPORTED.
 on input line 153.

)
(<USER_ROOT>\AppData\Local\Programs\MiKTeX\tex/latex/l3backend\l3backend-pd
ftex.def
File: l3backend-pdftex.def 2026-02-18 L3 backend support: PDF output (pdfTeX)
\l__color_backend_stack_int=\count328
) (groupoids.aux)
\openout1 = `groupoids.aux'.

LaTeX Font Info:    Checking defaults for OML/cmm/m/it on input line 5.
LaTeX Font Info:    ... okay on input line 5.
LaTeX Font Info:    Checking defaults for OMS/cmsy/m/n on input line 5.
LaTeX Font Info:    ... okay on input line 5.
LaTeX Font Info:    Checking defaults for OT1/cmr/m/n on input line 5.
LaTeX Font Info:    ... okay on input line 5.
LaTeX Font Info:    Checking defaults for T1/cmr/m/n on input line 5.
LaTeX Font Info:    ... okay on input line 5.
LaTeX Font Info:    Checking defaults for TS1/cmr/m/n on input line 5.
LaTeX Font Info:    ... okay on input line 5.
LaTeX Font Info:    Checking defaults for OMX/cmex/m/n on input line 5.
LaTeX Font Info:    ... okay on input line 5.
LaTeX Font Info:    Checking defaults for U/cmr/m/n on input line 5.
LaTeX Font Info:    ... okay on input line 5.
LaTeX Font Info:    Checking defaults for PD1/pdf/m/n on input line 5.
LaTeX Font Info:    ... okay on input line 5.
LaTeX Font Info:    Checking defaults for PU/pdf/m/n on input line 5.
LaTeX Font Info:    ... okay on input line 5.
LaTeX Font Info:    Trying to load font information for OT1+lmr on input line 5
.

(<USER_ROOT>\AppData\Local\Programs\MiKTeX\tex/latex/lm\ot1lmr.fd
File: ot1lmr.fd 2015/05/01 v1.6.1 Font defs for Latin Modern
)
LaTeX Font Info:    Trying to load font information for OML+lmm on input line 5
.

(<USER_ROOT>\AppData\Local\Programs\MiKTeX\tex/latex/lm\omllmm.fd
File: omllmm.fd 2015/05/01 v1.6.1 Font defs for Latin Modern
)
LaTeX Font Info:    Trying to load font information for OMS+lmsy on input line 
5.

(<USER_ROOT>\AppData\Local\Programs\MiKTeX\tex/latex/lm\omslmsy.fd
File: omslmsy.fd 2015/05/01 v1.6.1 Font defs for Latin Modern
)
LaTeX Font Info:    Trying to load font information for OMX+lmex on input line 
5.

(<USER_ROOT>\AppData\Local\Programs\MiKTeX\tex/latex/lm\omxlmex.fd
File: omxlmex.fd 2015/05/01 v1.6.1 Font defs for Latin Modern
)
LaTeX Font Info:    External font `lmex10' loaded for size
(Font)              <8> on input line 5.
LaTeX Font Info:    External font `lmex10' loaded for size
(Font)              <6> on input line 5.
LaTeX Font Info:    External font `lmex10' loaded for size
(Font)              <5> on input line 5.
LaTeX Font Info:    Trying to load font information for U+msa on input line 5.

(<USER_ROOT>\AppData\Local\Programs\MiKTeX\tex/latex/amsfonts\umsa.fd
File: umsa.fd 2013/01/14 v3.01 AMS symbols A
)
LaTeX Font Info:    Trying to load font information for U+msb on input line 5.

(<USER_ROOT>\AppData\Local\Programs\MiKTeX\tex/latex/amsfonts\umsb.fd
File: umsb.fd 2013/01/14 v3.01 AMS symbols B
)
LaTeX Font Info:    External font `lmex10' loaded for size
(Font)              <10> on input line 5.
LaTeX Font Info:    External font `lmex10' loaded for size
(Font)              <7> on input line 5.
Package xypdf Info: Line width: 0.39998pt on input line 5.
Package hyperref Info: Link coloring OFF on input line 5.

(groupoids.out) (groupoids.out)
\@outlinefile=\write4
\openout4 = `groupoids.out'.

 (groupoids.toc)
\tf@toc=\write5
\openout5 = `groupoids.toc'.

 [1{<USER_ROOT>/AppData/Local/MiKTeX/fonts/map/pdftex/pdftex.map}{<USER_ROOT>/AppData/Local/Programs/MiKTeX/fonts/enc/dvips/lm/lm-ec.enc}{<USER_ROOT>/AppData/Local/Programs/MiKTeX/fonts/enc/dvips/lm/lm-mathit.enc}{<USER_ROOT>/AppData/Local/Programs/MiKTeX/fonts/enc/dvips/lm/lm-rm.enc}]

LaTeX Warning: Reference `categories-lemma-yoneda' on page 2 undefined on input
 line 44.

[2{<USER_ROOT>/AppData/Local/Programs/MiKTeX/fonts/enc/dvips/lm/lm-mathsy.e
nc}] <xymatrix 2x2 154> <xymatrix 6x2 535>
Overfull \hbox (25.04082pt too wide) detected at line 220
[]
 []


LaTeX Warning: Reference `morphisms-lemma-unramified-permanence' on page 3 unde
fined on input line 228.


LaTeX Warning: Reference `morphisms-lemma-diagonal-unramified-morphism' on page
 3 undefined on input line 231.

[3] <xymatrix 2x2 185> [4] [5] [6{<USER_ROOT>/AppData/Local/Programs/MiKTeX
/fonts/enc/dvips/lm/lm-mathex.enc}]

LaTeX Warning: Reference `schemes-lemma-section-immersion' on page 7 undefined 
on input line 584.

<xymatrix 2x2 178>

LaTeX Warning: Reference `schemes-lemma-base-change-immersion' on page 7 undefi
ned on input line 599.


LaTeX Warning: Reference `schemes-lemma-quasi-compact-preserved-base-change' on
 page 7 undefined on input line 601.

<xymatrix 5x2 226>

LaTeX Warning: Reference `morphisms-lemma-base-change-flat' on page 7 undefined
 on input line 632.


LaTeX Warning: Reference `morphisms-lemma-base-change-differentials' on page 7 
undefined on input line 652.

[7]

LaTeX Warning: Reference `morphisms-lemma-differentials-relative-immersion-sect
ion' on page 8 undefined on input line 678.


LaTeX Warning: Reference `varieties-lemma-tangent-space-product' on page 8 unde
fined on input line 694.


LaTeX Warning: Reference `varieties-lemma-map-tangent-spaces' on page 8 undefin
ed on input line 696.


LaTeX Warning: Reference `varieties-equation-tangent-space-fibre' on page 8 und
efined on input line 700.

<xymatrix 4x2 198>

LaTeX Warning: Reference `morphisms-lemma-scheme-over-field-universally-open' o
n page 8 undefined on input line 743.


LaTeX Warning: Reference `morphisms-lemma-scheme-over-field-universally-open' o
n page 8 undefined on input line 755.

[8]

LaTeX Warning: Reference `morphisms-lemma-algebraic-residue-field-extension-clo
sed-point-fibre' on page 9 undefined on input line 776.


LaTeX Warning: Reference `schemes-lemma-characterize-closed-immersions' on page
 9 undefined on input line 781.


LaTeX Warning: Reference `algebra-lemma-local-flat-ff' on page 9 undefined on i
nput line 805.


LaTeX Warning: Reference `algebra-lemma-injective-minimal-primes-in-image' on p
age 9 undefined on input line 808.


LaTeX Warning: Reference `varieties-lemma-bijection-irreducible-components' on 
page 9 undefined on input line 823.


LaTeX Warning: Reference `varieties-lemma-perfect-reduced' on page 9 undefined 
on input line 852.


LaTeX Warning: Reference `varieties-lemma-geometrically-reduced-any-base-change
' on page 9 undefined on input line 853.

[9]

LaTeX Warning: Reference `morphisms-lemma-fpqc-quotient-topology' on page 10 un
defined on input line 891.


LaTeX Warning: Reference `varieties-lemma-closure-of-product' on page 10 undefi
ned on input line 899.


LaTeX Warning: Reference `varieties-lemma-make-Jacobson' on page 10 undefined o
n input line 926.


LaTeX Warning: Reference `varieties-lemma-geometrically-connected-if-connected-
and-point' on page 10 undefined on input line 955.


LaTeX Warning: Reference `varieties-lemma-make-Jacobson' on page 10 undefined o
n input line 959.

[10]

LaTeX Warning: Reference `varieties-lemma-geometrically-reduced-any-base-change
' on page 11 undefined on input line 970.


LaTeX Warning: Reference `varieties-lemma-bijection-irreducible-components' on 
page 11 undefined on input line 971.


LaTeX Warning: Reference `schemes-lemma-quasi-compact-permanence' on page 11 un
defined on input line 991.


LaTeX Warning: Reference `morphisms-lemma-reach-points-scheme-theoretic-image' 
on page 11 undefined on input line 993.


LaTeX Warning: Reference `morphisms-definition-scheme-structure-connected-compo
nent' on page 11 undefined on input line 1026.


LaTeX Warning: Reference `varieties-lemma-geometrically-connected-criterion' on
 page 11 undefined on input line 1033.


LaTeX Warning: Reference `varieties-lemma-bijection-connected-components' on pa
ge 11 undefined on input line 1036.


LaTeX Warning: Reference `morphisms-lemma-characterize-flat-closed-immersions' 
on page 11 undefined on input line 1040.

[11]

LaTeX Warning: Reference `limits-lemma-topology-limit' on page 12 undefined on 
input line 1064.


LaTeX Warning: Reference `limits-lemma-topology-limit' on page 12 undefined on 
input line 1105.


LaTeX Warning: Reference `topology-definition-profinite' on page 12 undefined o
n input line 1106.


LaTeX Warning: Reference `topology-lemma-spectral-pi0' on page 12 undefined on 
input line 1116.


LaTeX Warning: Reference `properties-lemma-quasi-compact-quasi-separated-spectr
al' on page 12 undefined on input line 1118.


LaTeX Warning: Reference `topology-lemma-closed-map' on page 12 undefined on in
put line 1122.


LaTeX Warning: Reference `topology-lemma-profinite-refine-open-covering' on pag
e 12 undefined on input line 1129.

[12]

LaTeX Warning: Reference `varieties-definition-algebraic-scheme' on page 13 und
efined on input line 1230.

[13]

LaTeX Warning: Reference `morphisms-lemma-dimension-fibre-after-base-change' on
 page 14 undefined on input line 1243.


LaTeX Warning: Reference `morphisms-lemma-dimension-fibre-at-a-point' on page 1
4 undefined on input line 1248.


LaTeX Warning: Reference `properties-lemma-codimension-local-ring' on page 14 u
ndefined on input line 1254.


LaTeX Warning: Reference `morphisms-section-points-finite-type' on page 14 unde
fined on input line 1257.


LaTeX Warning: Reference `varieties-lemma-char-zero-differentials-free-smooth' 
on page 14 undefined on input line 1277.


LaTeX Warning: Reference `varieties-lemma-char-p-differentials-free-smooth' on 
page 14 undefined on input line 1308.

[14]

LaTeX Warning: Reference `varieties-lemma-ample-after-field-extension' on page 
15 undefined on input line 1370.


LaTeX Warning: Reference `divisors-proposition-push-down-ample' on page 15 unde
fined on input line 1386.


LaTeX Warning: Reference `more-morphisms-lemma-quasi-projective' on page 15 und
efined on input line 1391.


LaTeX Warning: Reference `varieties-lemma-smooth-regular' on page 15 undefined 
on input line 1403.


LaTeX Warning: Reference `more-algebra-lemma-regular-local-UFD' on page 15 unde
fined on input line 1404.


LaTeX Warning: Reference `divisors-lemma-complement-open-affine-effective-carti
er-divisor' on page 15 undefined on input line 1408.

<xymatrix 3x2 217> [15]

LaTeX Warning: Reference `morphisms-lemma-smooth-etale-over-affine-space' on pa
ge 16 undefined on input line 1428.


LaTeX Warning: Reference `divisors-section-norms' on page 16 undefined on input
 line 1443.


LaTeX Warning: Reference `divisors-lemma-weil-divisor-is-cartier-UFD' on page 1
6 undefined on input line 1448.


LaTeX Warning: Reference `varieties-lemma-rational-equivalence-for-Pic' on page
 16 undefined on input line 1466.


LaTeX Warning: Reference `divisors-definition-invertible-sheaf-effective-Cartie
r-divisor' on page 16 undefined on input line 1473.


LaTeX Warning: Reference `properties-definition-ample' on page 16 undefined on 
input line 1478.


LaTeX Warning: Reference `varieties-lemma-algebraic-scheme-dim-0' on page 16 un
defined on input line 1513.

[16]

LaTeX Warning: Reference `algebra-remark-intersection-powers-ideal' on page 17 
undefined on input line 1539.


LaTeX Warning: Reference `descent-lemma-closed-immersion' on page 17 undefined 
on input line 1575.


LaTeX Warning: Reference `descent-lemma-descending-property-closed-immersion' o
n page 17 undefined on input line 1576.

[17]

LaTeX Warning: Reference `more-morphisms-lemma-projective' on page 18 undefined
 on input line 1615.


LaTeX Warning: Reference `descent-lemma-descending-property-smooth' on page 18 
undefined on input line 1644.


LaTeX Warning: Reference `more-morphisms-lemma-flat-proper-family-cannot-collap
se-fibre' on page 18 undefined on input line 1666.


LaTeX Warning: Reference `more-morphisms-theorem-of-the-cube' on page 18 undefi
ned on input line 1698.

[18]

LaTeX Warning: Reference `more-morphisms-lemma-projective' on page 19 undefined
 on input line 1777.


LaTeX Warning: Reference `properties-lemma-ample-tensor-globally-generated' on 
page 19 undefined on input line 1783.


LaTeX Warning: Reference `varieties-lemma-ample-curve' on page 19 undefined on 
input line 1792.


LaTeX Warning: Reference `varieties-lemma-ample-positive' on page 19 undefined 
on input line 1793.


LaTeX Warning: Reference `coherent-lemma-characterize-finite' on page 19 undefi
ned on input line 1796.


LaTeX Warning: Reference `algebra-lemma-CM-over-regular-flat' on page 19 undefi
ned on input line 1800.


LaTeX Warning: Reference `varieties-lemma-smooth-regular' on page 19 undefined 
on input line 1803.


LaTeX Warning: Reference `algebra-lemma-regular-ring-CM' on page 19 undefined o
n input line 1804.


LaTeX Warning: Reference `morphisms-lemma-finite-flat' on page 19 undefined on 
input line 1806.


LaTeX Warning: Reference `varieties-lemma-degree-finite-morphism-in-terms-degre
es' on page 19 undefined on input line 1810.

[19]

LaTeX Warning: Reference `varieties-lemma-injective-tangent-spaces-unramified' 
on page 20 undefined on input line 1844.


LaTeX Warning: Reference `morphisms-lemma-flat-unramified-etale' on page 20 und
efined on input line 1845.


LaTeX Warning: Reference `more-algebra-definition-p-basis' on page 20 undefined
 on input line 1871.


LaTeX Warning: Reference `more-algebra-lemma-p-basis' on page 20 undefined on i
nput line 1872.


LaTeX Warning: Reference `algebra-lemma-derivative-zero-pth-power' on page 20 u
ndefined on input line 1874.

[20]

LaTeX Warning: Reference `morphisms-lemma-flat-unramified-etale' on page 21 und
efined on input line 1942.


LaTeX Warning: Reference `morphisms-lemma-set-points-where-fibres-unramified' o
n page 21 undefined on input line 1943.


LaTeX Warning: Reference `varieties-lemma-geometrically-integral' on page 21 un
defined on input line 1985.


LaTeX Warning: Reference `morphisms-lemma-locally-projective-proper' on page 21
 undefined on input line 1988.


LaTeX Warning: Reference `varieties-lemma-smooth-geometrically-normal' on page 
21 undefined on input line 1989.

[21] <xymatrix 2x2 185> <xymatrix 2x2 140> <xymatrix 2x2 185>

LaTeX Warning: Reference `sites-cohomology-definition-torsor' on page 22 undefi
ned on input line 2105.


LaTeX Warning: Reference `descent-lemma-fpqc-universal-effective-epimorphisms' 
on page 22 undefined on input line 2110.


LaTeX Warning: Reference `sites-definition-representable-sheaf' on page 22 unde
fined on input line 2112.

[22]

LaTeX Warning: Reference `descent-lemma-affine' on page 23 undefined on input l
ine 2226.


LaTeX Warning: Reference `descent-lemma-finite-locally-free-descends' on page 2
3 undefined on input line 2230.

[23] <xymatrix 2x2 178> <xymatrix 2x2 185> [24]

LaTeX Warning: Reference `schemes-lemma-quasi-coherent-affine' on page 25 undef
ined on input line 2380.


LaTeX Warning: Reference `categories-definition-groupoid' on page 25 undefined 
on input line 2409.

[25] [26] <xymatrix 3x3 413> <xymatrix 3x3 585> [27] <xymatrix 4x3 274>
[28] <xymatrix 2x2 182>

LaTeX Warning: Reference `schemes-lemma-push-forward-quasi-coherent' on page 29
 undefined on input line 2725.

<xymatrix 2x2 182> <xymatrix 2x2 182>

LaTeX Warning: Reference `coherent-lemma-flat-base-change-cohomology' on page 2
9 undefined on input line 2745.


LaTeX Warning: Reference `schemes-section-quasi-coherent' on page 29 undefined 
on input line 2765.

[29]

LaTeX Warning: Reference `schemes-lemma-push-forward-quasi-coherent' on page 30
 undefined on input line 2841.


LaTeX Warning: Reference `coherent-lemma-flat-base-change-cohomology' on page 3
0 undefined on input line 2853.

<xymatrix 3x2 193>

LaTeX Warning: Reference `descent-proposition-fpqc-descent-quasi-coherent' on p
age 30 undefined on input line 2895.


LaTeX Warning: Reference `descent-definition-descent-datum-effective-quasi-cohe
rent' on page 30 undefined on input line 2911.

[30] <xymatrix 2x2 154>

LaTeX Warning: Reference `coherent-lemma-coherent-Noetherian' on page 31 undefi
ned on input line 2982.


LaTeX Warning: Reference `coherent-lemma-coherent-Noetherian-quasi-coherent-sub
-quotient' on page 31 undefined on input line 2986.


LaTeX Warning: Reference `descent-lemma-finite-type-descends' on page 31 undefi
ned on input line 2993.


LaTeX Warning: Reference `coherent-lemma-flat-base-change-cohomology' on page 3
1 undefined on input line 2998.

[31]

LaTeX Warning: Reference `coherent-lemma-coherent-Noetherian' on page 32 undefi
ned on input line 3022.


LaTeX Warning: Reference `coherent-lemma-directed-colimit-coherent' on page 32 
undefined on input line 3026.

<xymatrix 2x2 154> <xymatrix 2x2 154>

LaTeX Warning: Reference `coherent-lemma-colimit-cohomology' on page 32 undefin
ed on input line 3065.

[32]

LaTeX Warning: Reference `properties-definition-kappa-generated' on page 33 und
efined on input line 3130.


LaTeX Warning: Reference `properties-lemma-set-of-iso-classes' on page 33 undef
ined on input line 3147.


LaTeX Warning: Reference `properties-lemma-colimit-kappa' on page 33 undefined 
on input line 3170.

[33]

LaTeX Warning: Reference `schemes-lemma-widetilde-pullback' on page 34 undefine
d on input line 3201.

[34] <xymatrix 2x2 171> [35] <xymatrix 3x3 498> [36]

LaTeX Warning: Reference `schemes-definition-inverse-image-closed-subscheme' on
 page 37 undefined on input line 3580.

[37]

LaTeX Warning: Reference `morphisms-lemma-generalizations-lift-flat' on page 38
 undefined on input line 3636.


LaTeX Warning: Reference `topology-lemma-lift-specializations-images' on page 3
8 undefined on input line 3637.


LaTeX Warning: Reference `properties-lemma-quasi-compact-quasi-separated-spectr
al' on page 38 undefined on input line 3639.


LaTeX Warning: Reference `topology-lemma-make-spectral-space' on page 38 undefi
ned on input line 3642.


LaTeX Warning: Reference `morphisms-lemma-reach-points-scheme-theoretic-image' 
on page 38 undefined on input line 3664.


LaTeX Warning: Reference `morphisms-lemma-quasi-compact-scheme-theoretic-image'
 on page 38 undefined on input line 3665.


LaTeX Warning: Reference `morphisms-lemma-generalizations-lift-flat' on page 38
 undefined on input line 3670.


LaTeX Warning: Reference `topologies-section-procedure' on page 38 undefined on
 input line 3690.


LaTeX Warning: Reference `descent-lemma-fpqc-universal-effective-epimorphisms' 
on page 38 undefined on input line 3699.

[38] <xymatrix 3x1 118> <xymatrix 3x1 132> [39]

LaTeX Warning: Reference `sites-lemma-covering-surjective-after-sheafification'
 on page 40 undefined on input line 3856.

<xymatrix 3x1 147>

LaTeX Warning: Reference `sites-section-sheaves-injective' on page 40 undefined
 on input line 3891.

[40]

LaTeX Warning: Reference `sites-lemma-covering-surjective-after-sheafification'
 on page 41 undefined on input line 3912.

<xymatrix 2x2 182> <xymatrix 2x2 161> [41]
Overfull \hbox (1.05727pt too wide) in paragraph at lines 3985--3989
\T1/lmr/m/n/10 mor-phism of groupoid schemes over $\OML/lmm/m/it/10 S$\T1/lmr/m
/n/10 . We say $\OML/lmm/m/it/10 f$ \T1/lmr/m/n/10 is \T1/lmr/m/it/10 carte-sia
n\T1/lmr/m/n/10 , or that $\OT1/lmr/m/n/10 (\OML/lmm/m/it/10 U[]; R[]; s[]; t[]
; c[]\OT1/lmr/m/n/10 )$
 []

<xymatrix 2x2 182> [42]

LaTeX Warning: Reference `descent-definition-descent-datum' on page 43 undefine
d on input line 4095.

<xymatrix 5x2 301>

LaTeX Warning: Reference `schemes-lemma-separated-permanence' on page 43 undefi
ned on input line 4164.


LaTeX Warning: Reference `schemes-lemma-section-immersion' on page 43 undefined
 on input line 4171.


LaTeX Warning: Reference `schemes-lemma-base-change-immersion' on page 43 undef
ined on input line 4177.


LaTeX Warning: Reference `schemes-lemma-quasi-compact-preserved-base-change' on
 page 43 undefined on input line 4178.

[43] <xymatrix 2x2 168>

LaTeX Warning: Reference `exercises-exercise-trace-det' on page 44 undefined on
 input line 4243.


LaTeX Warning: Reference `exercises-exercise-trace-det-rings' on page 44 undefi
ned on input line 4244.


LaTeX Warning: Reference `divisors-lemma-finite-locally-free-has-norm' on page 
44 undefined on input line 4249.

<xymatrix 3x3 413>
Underfull \vbox (badness 1515) has occurred while \output is active []

 [44]

LaTeX Warning: Reference `morphisms-lemma-finite-locally-free' on page 45 undef
ined on input line 4304.


LaTeX Warning: Reference `algebra-lemma-charpoly' on page 45 undefined on input
 line 4359.

[45]

LaTeX Warning: Reference `algebra-lemma-integral-overring-surjective' on page 4
6 undefined on input line 4409.


LaTeX Warning: Reference `morphisms-lemma-base-change-surjective' on page 46 un
defined on input line 4412.


LaTeX Warning: Reference `algebra-lemma-image-dense-generic-points' on page 46 
undefined on input line 4415.

[46]

LaTeX Warning: Reference `algebra-lemma-integral-overring-surjective' on page 4
7 undefined on input line 4477.


LaTeX Warning: Reference `morphisms-lemma-base-change-surjective' on page 47 un
defined on input line 4483.

<xymatrix 3x3 301>
LaTeX Font Info:    Trying to load font information for U+euf on input line 451
8.

(<USER_ROOT>\AppData\Local\Programs\MiKTeX\tex/latex/amsfonts\ueuf.fd
File: ueuf.fd 2013/01/14 v3.01 Euler Fraktur
)

LaTeX Warning: Reference `algebra-lemma-silly' on page 47 undefined on input li
ne 4522.

[47] <xymatrix 2x2 182> <xymatrix 2x2 182> <xymatrix 2x2 168>

LaTeX Warning: Reference `limits-lemma-descend-opens' on page 48 undefined on i
nput line 4641.


LaTeX Warning: Reference `limits-lemma-descend-isomorphism' on page 48 undefine
d on input line 4642.

[48]

LaTeX Warning: Reference `morphisms-lemma-set-points-where-fibres-etale' on pag
e 49 undefined on input line 4653.


LaTeX Warning: Reference `algebra-lemma-finite-residue-extension-closed' on pag
e 49 undefined on input line 4696.


LaTeX Warning: Reference `more-algebra-lemma-integral-over-henselian-pair' on p
age 49 undefined on input line 4705.


LaTeX Warning: Reference `more-algebra-lemma-change-ideal-henselian-pair' on pa
ge 49 undefined on input line 4708.


LaTeX Warning: Reference `more-algebra-lemma-characterize-henselian-pair' on pa
ge 49 undefined on input line 4713.


LaTeX Warning: Reference `morphisms-lemma-etale-permanence' on page 49 undefine
d on input line 4732.


LaTeX Warning: Reference `descent-lemma-universally-injective-etale-open-immers
ion' on page 49 undefined on input line 4739.

[49] <xymatrix 3x2 391> <xymatrix 3x1 145>

LaTeX Warning: Reference `descent-lemma-ff-exact' on page 50 undefined on input
 line 4786.

<xymatrix 3x2 391> [50]

LaTeX Warning: Reference `morphisms-lemma-finite-monomorphism-closed' on page 5
1 undefined on input line 4843.


LaTeX Warning: Reference `algebra-lemma-characterize-zero-local' on page 51 und
efined on input line 4856.


LaTeX Warning: Reference `algebra-lemma-local-flat-ff' on page 51 undefined on 
input line 4858.


LaTeX Warning: Reference `algebra-lemma-flat-localization' on page 51 undefined
 on input line 4859.


LaTeX Warning: Reference `algebra-lemma-flatness-descends' on page 51 undefined
 on input line 4860.


LaTeX Warning: Reference `algebra-lemma-descend-properties-modules' on page 51 
undefined on input line 4864.


LaTeX Warning: Reference `algebra-lemma-finite-projective' on page 51 undefined
 on input line 4866.


LaTeX Warning: Reference `algebra-lemma-flat-local-given-residue-field' on page
 51 undefined on input line 4883.


LaTeX Warning: Reference `algebra-lemma-semi-local-module-basis-in-submodule' o
n page 51 undefined on input line 4902.


LaTeX Warning: Reference `spaces-properties-proposition-finite-flat-equivalence
-global' on page 51 undefined on input line 4921.

[51]

LaTeX Warning: Reference `algebra-lemma-silly' on page 52 undefined on input li
ne 4951.

<xymatrix 2x2 99>

LaTeX Warning: Reference `descent-definition-descent-datum' on page 52 undefine
d on input line 5004.


LaTeX Warning: Reference `descent-lemma-refine-coverings-fully-faithful' on pag
e 52 undefined on input line 5007.


LaTeX Warning: Reference `constructions-lemma-relative-glueing' on page 52 unde
fined on input line 5008.

[52]

LaTeX Warning: Reference `descent-lemma-affine' on page 53 undefined on input l
ine 5016.


LaTeX Warning: Reference `descent-lemma-effective-for-fpqc-is-local-upstairs' o
n page 53 undefined on input line 5017.


LaTeX Warning: Reference `morphisms-section-universally-bounded' on page 53 und
efined on input line 5060.


LaTeX Warning: Reference `morphisms-lemma-projective-quasi-projective' on page 
53 undefined on input line 5083.


LaTeX Warning: Reference `morphisms-definition-quasi-projective' on page 53 und
efined on input line 5085.


LaTeX Warning: Reference `properties-lemma-ample-finite-set-in-affine' on page 
53 undefined on input line 5088.


LaTeX Warning: Reference `morphisms-definition-relatively-ample' on page 53 und
efined on input line 5094.


LaTeX Warning: Reference `morphisms-lemma-ample-very-ample' on page 53 undefine
d on input line 5098.

[53] (chapters.tex

LaTeX Warning: Hyper reference `introduction-section-phantom' on page 54 undefi
ned on input line 5.


LaTeX Warning: Hyper reference `conventions-section-phantom' on page 54 undefin
ed on input line 6.


LaTeX Warning: Hyper reference `sets-section-phantom' on page 54 undefined on i
nput line 7.


LaTeX Warning: Hyper reference `categories-section-phantom' on page 54 undefine
d on input line 8.


LaTeX Warning: Hyper reference `topology-section-phantom' on page 54 undefined 
on input line 9.


LaTeX Warning: Hyper reference `sheaves-section-phantom' on page 54 undefined o
n input line 10.


LaTeX Warning: Hyper reference `sites-section-phantom' on page 54 undefined on 
input line 11.


LaTeX Warning: Hyper reference `stacks-section-phantom' on page 54 undefined on
 input line 12.


LaTeX Warning: Hyper reference `fields-section-phantom' on page 54 undefined on
 input line 13.


LaTeX Warning: Hyper reference `algebra-section-phantom' on page 54 undefined o
n input line 14.


LaTeX Warning: Hyper reference `brauer-section-phantom' on page 54 undefined on
 input line 15.


LaTeX Warning: Hyper reference `homology-section-phantom' on page 54 undefined 
on input line 16.


LaTeX Warning: Hyper reference `derived-section-phantom' on page 54 undefined o
n input line 17.


LaTeX Warning: Hyper reference `simplicial-section-phantom' on page 54 undefine
d on input line 18.


LaTeX Warning: Hyper reference `more-algebra-section-phantom' on page 54 undefi
ned on input line 19.


LaTeX Warning: Hyper reference `smoothing-section-phantom' on page 54 undefined
 on input line 20.


LaTeX Warning: Hyper reference `modules-section-phantom' on page 54 undefined o
n input line 21.


LaTeX Warning: Hyper reference `sites-modules-section-phantom' on page 54 undef
ined on input line 22.


LaTeX Warning: Hyper reference `injectives-section-phantom' on page 54 undefine
d on input line 23.


LaTeX Warning: Hyper reference `cohomology-section-phantom' on page 54 undefine
d on input line 24.


LaTeX Warning: Hyper reference `sites-cohomology-section-phantom' on page 54 un
defined on input line 25.


LaTeX Warning: Hyper reference `dga-section-phantom' on page 54 undefined on in
put line 26.


LaTeX Warning: Hyper reference `dpa-section-phantom' on page 54 undefined on in
put line 27.


LaTeX Warning: Hyper reference `sdga-section-phantom' on page 54 undefined on i
nput line 28.


LaTeX Warning: Hyper reference `hypercovering-section-phantom' on page 54 undef
ined on input line 29.


LaTeX Warning: Hyper reference `schemes-section-phantom' on page 54 undefined o
n input line 34.


LaTeX Warning: Hyper reference `constructions-section-phantom' on page 54 undef
ined on input line 35.


LaTeX Warning: Hyper reference `properties-section-phantom' on page 54 undefine
d on input line 36.


LaTeX Warning: Hyper reference `morphisms-section-phantom' on page 54 undefined
 on input line 37.


LaTeX Warning: Hyper reference `coherent-section-phantom' on page 54 undefined 
on input line 38.


LaTeX Warning: Hyper reference `divisors-section-phantom' on page 54 undefined 
on input line 39.


LaTeX Warning: Hyper reference `limits-section-phantom' on page 54 undefined on
 input line 40.


LaTeX Warning: Hyper reference `varieties-section-phantom' on page 54 undefined
 on input line 41.


LaTeX Warning: Hyper reference `topologies-section-phantom' on page 54 undefine
d on input line 42.


LaTeX Warning: Hyper reference `descent-section-phantom' on page 54 undefined o
n input line 43.


LaTeX Warning: Hyper reference `perfect-section-phantom' on page 54 undefined o
n input line 44.


LaTeX Warning: Hyper reference `more-morphisms-section-phantom' on page 54 unde
fined on input line 45.


LaTeX Warning: Hyper reference `flat-section-phantom' on page 54 undefined on i
nput line 46.


LaTeX Warning: Hyper reference `more-groupoids-section-phantom' on page 54 unde
fined on input line 48.


LaTeX Warning: Hyper reference `etale-section-phantom' on page 54 undefined on 
input line 49.


LaTeX Warning: Hyper reference `chow-section-phantom' on page 54 undefined on i
nput line 54.


LaTeX Warning: Hyper reference `intersection-section-phantom' on page 54 undefi
ned on input line 55.


LaTeX Warning: Hyper reference `pic-section-phantom' on page 54 undefined on in
put line 56.


LaTeX Warning: Hyper reference `weil-section-phantom' on page 54 undefined on i
nput line 57.


LaTeX Warning: Hyper reference `adequate-section-phantom' on page 54 undefined 
on input line 58.


LaTeX Warning: Hyper reference `dualizing-section-phantom' on page 54 undefined
 on input line 59.


LaTeX Warning: Hyper reference `duality-section-phantom' on page 54 undefined o
n input line 60.


LaTeX Warning: Hyper reference `discriminant-section-phantom' on page 54 undefi
ned on input line 61.


LaTeX Warning: Hyper reference `derham-section-phantom' on page 54 undefined on
 input line 62.


LaTeX Warning: Hyper reference `local-cohomology-section-phantom' on page 54 un
defined on input line 63.


LaTeX Warning: Hyper reference `algebraization-section-phantom' on page 54 unde
fined on input line 64.


LaTeX Warning: Hyper reference `curves-section-phantom' on page 54 undefined on
 input line 65.


LaTeX Warning: Hyper reference `resolve-section-phantom' on page 54 undefined o
n input line 66.


LaTeX Warning: Hyper reference `models-section-phantom' on page 54 undefined on
 input line 67.


LaTeX Warning: Hyper reference `functors-section-phantom' on page 54 undefined 
on input line 68.


LaTeX Warning: Hyper reference `equiv-section-phantom' on page 54 undefined on 
input line 69.


LaTeX Warning: Hyper reference `pione-section-phantom' on page 54 undefined on 
input line 70.


LaTeX Warning: Hyper reference `etale-cohomology-section-phantom' on page 54 un
defined on input line 71.


LaTeX Warning: Hyper reference `crystalline-section-phantom' on page 54 undefin
ed on input line 72.


LaTeX Warning: Hyper reference `proetale-section-phantom' on page 54 undefined 
on input line 73.


LaTeX Warning: Hyper reference `relative-cycles-section-phantom' on page 54 und
efined on input line 74.


LaTeX Warning: Hyper reference `more-etale-section-phantom' on page 54 undefine
d on input line 75.


LaTeX Warning: Hyper reference `trace-section-phantom' on page 54 undefined on 
input line 76.


LaTeX Warning: Hyper reference `spaces-section-phantom' on page 54 undefined on
 input line 81.


LaTeX Warning: Hyper reference `spaces-properties-section-phantom' on page 54 u
ndefined on input line 82.


LaTeX Warning: Hyper reference `spaces-morphisms-section-phantom' on page 54 un
defined on input line 83.


LaTeX Warning: Hyper reference `decent-spaces-section-phantom' on page 54 undef
ined on input line 84.


LaTeX Warning: Hyper reference `spaces-cohomology-section-phantom' on page 54 u
ndefined on input line 85.


LaTeX Warning: Hyper reference `spaces-limits-section-phantom' on page 54 undef
ined on input line 86.


LaTeX Warning: Hyper reference `spaces-divisors-section-phantom' on page 54 und
efined on input line 87.


LaTeX Warning: Hyper reference `spaces-over-fields-section-phantom' on page 54 
undefined on input line 88.


LaTeX Warning: Hyper reference `spaces-topologies-section-phantom' on page 54 u
ndefined on input line 89.


LaTeX Warning: Hyper reference `spaces-descent-section-phantom' on page 54 unde
fined on input line 90.


LaTeX Warning: Hyper reference `spaces-perfect-section-phantom' on page 54 unde
fined on input line 91.

[54]

LaTeX Warning: Hyper reference `spaces-more-morphisms-section-phantom' on page 
55 undefined on input line 92.


LaTeX Warning: Hyper reference `spaces-flat-section-phantom' on page 55 undefin
ed on input line 93.


LaTeX Warning: Hyper reference `spaces-groupoids-section-phantom' on page 55 un
defined on input line 94.


LaTeX Warning: Hyper reference `spaces-more-groupoids-section-phantom' on page 
55 undefined on input line 95.


LaTeX Warning: Hyper reference `bootstrap-section-phantom' on page 55 undefined
 on input line 96.


LaTeX Warning: Hyper reference `spaces-pushouts-section-phantom' on page 55 und
efined on input line 97.


LaTeX Warning: Hyper reference `spaces-chow-section-phantom' on page 55 undefin
ed on input line 102.


LaTeX Warning: Hyper reference `groupoids-quotients-section-phantom' on page 55
 undefined on input line 103.


LaTeX Warning: Hyper reference `spaces-more-cohomology-section-phantom' on page
 55 undefined on input line 104.


LaTeX Warning: Hyper reference `spaces-simplicial-section-phantom' on page 55 u
ndefined on input line 105.


LaTeX Warning: Hyper reference `spaces-duality-section-phantom' on page 55 unde
fined on input line 106.


LaTeX Warning: Hyper reference `formal-spaces-section-phantom' on page 55 undef
ined on input line 107.


LaTeX Warning: Hyper reference `restricted-section-phantom' on page 55 undefine
d on input line 108.


LaTeX Warning: Hyper reference `spaces-resolve-section-phantom' on page 55 unde
fined on input line 109.


LaTeX Warning: Hyper reference `formal-defos-section-phantom' on page 55 undefi
ned on input line 114.


LaTeX Warning: Hyper reference `defos-section-phantom' on page 55 undefined on 
input line 115.


LaTeX Warning: Hyper reference `cotangent-section-phantom' on page 55 undefined
 on input line 116.


LaTeX Warning: Hyper reference `examples-defos-section-phantom' on page 55 unde
fined on input line 117.


LaTeX Warning: Hyper reference `algebraic-section-phantom' on page 55 undefined
 on input line 122.


LaTeX Warning: Hyper reference `examples-stacks-section-phantom' on page 55 und
efined on input line 123.


LaTeX Warning: Hyper reference `stacks-sheaves-section-phantom' on page 55 unde
fined on input line 124.


LaTeX Warning: Hyper reference `criteria-section-phantom' on page 55 undefined 
on input line 125.


LaTeX Warning: Hyper reference `artin-section-phantom' on page 55 undefined on 
input line 126.


LaTeX Warning: Hyper reference `quot-section-phantom' on page 55 undefined on i
nput line 127.


LaTeX Warning: Hyper reference `stacks-properties-section-phantom' on page 55 u
ndefined on input line 128.


LaTeX Warning: Hyper reference `stacks-morphisms-section-phantom' on page 55 un
defined on input line 129.


LaTeX Warning: Hyper reference `stacks-limits-section-phantom' on page 55 undef
ined on input line 130.


LaTeX Warning: Hyper reference `stacks-cohomology-section-phantom' on page 55 u
ndefined on input line 131.


LaTeX Warning: Hyper reference `stacks-perfect-section-phantom' on page 55 unde
fined on input line 132.


LaTeX Warning: Hyper reference `stacks-introduction-section-phantom' on page 55
 undefined on input line 133.


LaTeX Warning: Hyper reference `stacks-more-morphisms-section-phantom' on page 
55 undefined on input line 134.


LaTeX Warning: Hyper reference `stacks-geometry-section-phantom' on page 55 und
efined on input line 135.


LaTeX Warning: Hyper reference `moduli-section-phantom' on page 55 undefined on
 input line 140.


LaTeX Warning: Hyper reference `moduli-curves-section-phantom' on page 55 undef
ined on input line 141.


LaTeX Warning: Hyper reference `examples-section-phantom' on page 55 undefined 
on input line 146.


LaTeX Warning: Hyper reference `exercises-section-phantom' on page 55 undefined
 on input line 147.


LaTeX Warning: Hyper reference `guide-section-phantom' on page 55 undefined on 
input line 148.


LaTeX Warning: Hyper reference `desirables-section-phantom' on page 55 undefine
d on input line 149.


LaTeX Warning: Hyper reference `coding-section-phantom' on page 55 undefined on
 input line 150.


LaTeX Warning: Hyper reference `obsolete-section-phantom' on page 55 undefined 
on input line 151.


LaTeX Warning: Hyper reference `fdl-section-phantom' on page 55 undefined on in
put line 152.


LaTeX Warning: Hyper reference `index-section-phantom' on page 55 undefined on 
input line 153.

) (groupoids.bbl) [55] (groupoids.aux)
 ***********
LaTeX2e <2025-11-01>
L3 programming layer <2026-03-20>
 ***********


LaTeX Warning: There were undefined references.


LaTeX Warning: Label(s) may have changed. Rerun to get cross-references right.

Package rerunfilecheck Info: File `groupoids.out' has not changed.
(rerunfilecheck)             Checksum: 60BA099F3B473FAEE597634CCA58DC43;5110.
 ) 
Here is how much of TeX's memory you used:
 14424 strings out of 467691
 227438 string characters out of 5414503
 682959 words of memory out of 5000000
 42415 multiletter control sequences out of 15000+600000
 721439 words of font info for 100 fonts, out of 8000000 for 9000
 1302 hyphenation exceptions out of 8191
 80i,18n,82p,3239b,916s stack positions out of 10000i,1000n,20000p,200000b,200000s
<<USER_ROOT>/AppData/Local/Programs/MiKTeX/fonts/type1/public/amsfonts/eu
ler/eufm10.pfb><<USER_ROOT>/AppData/Local/Programs/MiKTeX/fonts/type1/publi
c/amsfonts/euler/eufm7.pfb><<USER_ROOT>/AppData/Local/Programs/MiKTeX/fonts
/type1/public/lm/lmbx10.pfb><<USER_ROOT>/AppData/Local/Programs/MiKTeX/font
s/type1/public/lm/lmbx7.pfb><<USER_ROOT>/AppData/Local/Programs/MiKTeX/font
s/type1/public/lm/lmbx8.pfb><<USER_ROOT>/AppData/Local/Programs/MiKTeX/font
s/type1/public/lm/lmex10.pfb><<USER_ROOT>/AppData/Local/Programs/MiKTeX/fon
ts/type1/public/lm/lmmi10.pfb><<USER_ROOT>/AppData/Local/Programs/MiKTeX/fo
nts/type1/public/lm/lmmi5.pfb><<USER_ROOT>/AppData/Local/Programs/MiKTeX/fo
nts/type1/public/lm/lmmi7.pfb><<USER_ROOT>/AppData/Local/Programs/MiKTeX/fo
nts/type1/public/lm/lmmi8.pfb><<USER_ROOT>/AppData/Local/Programs/MiKTeX/fo
nts/type1/public/lm/lmr10.pfb><<USER_ROOT>/AppData/Local/Programs/MiKTeX/fo
nts/type1/public/lm/lmr5.pfb><<USER_ROOT>/AppData/Local/Programs/MiKTeX/fon
ts/type1/public/lm/lmr6.pfb><<USER_ROOT>/AppData/Local/Programs/MiKTeX/font
s/type1/public/lm/lmr7.pfb><<USER_ROOT>/AppData/Local/Programs/MiKTeX/fonts
/type1/public/lm/lmr8.pfb><<USER_ROOT>/AppData/Local/Programs/MiKTeX/fonts/
type1/public/lm/lmri10.pfb><<USER_ROOT>/AppData/Local/Programs/MiKTeX/fonts
/type1/public/lm/lmri7.pfb><<USER_ROOT>/AppData/Local/Programs/MiKTeX/fonts
/type1/public/lm/lmri8.pfb><<USER_ROOT>/AppData/Local/Programs/MiKTeX/fonts
/type1/public/lm/lmsy10.pfb><<USER_ROOT>/AppData/Local/Programs/MiKTeX/font
s/type1/public/lm/lmsy5.pfb><<USER_ROOT>/AppData/Local/Programs/MiKTeX/font
s/type1/public/lm/lmsy6.pfb><<USER_ROOT>/AppData/Local/Programs/MiKTeX/font
s/type1/public/lm/lmsy7.pfb><<USER_ROOT>/AppData/Local/Programs/MiKTeX/font
s/type1/public/lm/lmsy8.pfb><<USER_ROOT>/AppData/Local/Programs/MiKTeX/font
s/type1/public/amsfonts/symbols/msam10.pfb><<USER_ROOT>/AppData/Local/Progr
ams/MiKTeX/fonts/type1/public/xypic/xyatip10.pfb><<USER_ROOT>/AppData/Local
/Programs/MiKTeX/fonts/type1/public/xypic/xybtip10.pfb>
Output written on groupoids.pdf (55 pages, 731597 bytes).
PDF statistics:
 1184 PDF objects out of 1200 (max. 8388607)
 463 named destinations out of 1000 (max. 500000)
 217 words of extra memory for PDF output out of 10000 (max. 10000000)

